Archive member included to satisfy reference by file (symbol)

.\CortexM3\ARM_GCC_541\Debug\Teil1.a(PGA_1.o)
                              .\CortexM3\ARM_GCC_541\Debug\main.o (PGA_1_Start)
.\CortexM3\ARM_GCC_541\Debug\Teil1.a(VDAC8_1.o)
                              .\CortexM3\ARM_GCC_541\Debug\main.o (VDAC8_1_Start)
.\CortexM3\ARM_GCC_541\Debug\Teil1.a(ADC_SAR_1.o)
                              .\CortexM3\ARM_GCC_541\Debug\main.o (ADC_SAR_1_Start)
.\CortexM3\ARM_GCC_541\Debug\Teil1.a(ADC_SAR_1_INT.o)
                              .\CortexM3\ARM_GCC_541\Debug\Teil1.a(ADC_SAR_1.o) (ADC_SAR_1_ISR)
.\CortexM3\ARM_GCC_541\Debug\Teil1.a(UART_1.o)
                              .\CortexM3\ARM_GCC_541\Debug\main.o (UART_1_Start)
.\CortexM3\ARM_GCC_541\Debug\Teil1.a(ADC_SAR_1_theACLK.o)
                              .\CortexM3\ARM_GCC_541\Debug\Teil1.a(ADC_SAR_1.o) (ADC_SAR_1_theACLK_SetModeRegister)
.\CortexM3\ARM_GCC_541\Debug\Teil1.a(UART_1_IntClock.o)
                              .\CortexM3\ARM_GCC_541\Debug\Teil1.a(UART_1.o) (UART_1_IntClock_Start)
.\CortexM3\ARM_GCC_541\Debug\Teil1.a(CyLib.o)
                              .\CortexM3\ARM_GCC_541\Debug\Cm3Start.o (CyHalt)
.\CortexM3\ARM_GCC_541\Debug\Teil1.a(cyPm.o)
                              .\CortexM3\ARM_GCC_541\Debug\Teil1.a(CyLib.o) (CyPmReadStatus)
.\CortexM3\ARM_GCC_541\Debug\Teil1.a(CyBootAsmGnu.o)
                              .\CortexM3\ARM_GCC_541\Debug\cyfitter_cfg.o (CyDelayCycles)
.\CortexM3\ARM_GCC_541\Debug\Teil1.a(CyFlash.o)
                              .\CortexM3\ARM_GCC_541\Debug\Teil1.a(cyPm.o) (CyFlash_SetWaitCycles)
.\CortexM3\ARM_GCC_541\Debug\Teil1.a(CySpc.o)
                              .\CortexM3\ARM_GCC_541\Debug\Teil1.a(CyFlash.o) (CySpcStart)
c:/program files (x86)/cypress/psoc creator/4.2/psoc creator/import/gnu/arm/5.4.1/bin/../lib/gcc/arm-none-eabi/5.4.1/armv7-m\libgcc.a(_arm_addsubsf3.o)
                              .\CortexM3\ARM_GCC_541\Debug\Teil1.a(ADC_SAR_1.o) (__aeabi_i2f)
c:/program files (x86)/cypress/psoc creator/4.2/psoc creator/import/gnu/arm/5.4.1/bin/../lib/gcc/arm-none-eabi/5.4.1/armv7-m\libgcc.a(_arm_muldivsf3.o)
                              .\CortexM3\ARM_GCC_541\Debug\Teil1.a(ADC_SAR_1.o) (__aeabi_fmul)
c:/program files (x86)/cypress/psoc creator/4.2/psoc creator/import/gnu/arm/5.4.1/bin/../lib/gcc/arm-none-eabi/5.4.1/armv7-m\libgcc.a(_aeabi_ldivmod.o)
                              .\CortexM3\ARM_GCC_541\Debug\Teil1.a(ADC_SAR_1.o) (__aeabi_ldivmod)
c:/program files (x86)/cypress/psoc creator/4.2/psoc creator/import/gnu/arm/5.4.1/bin/../lib/gcc/arm-none-eabi/5.4.1/armv7-m\libgcc.a(_udivmoddi4.o)
                              c:/program files (x86)/cypress/psoc creator/4.2/psoc creator/import/gnu/arm/5.4.1/bin/../lib/gcc/arm-none-eabi/5.4.1/armv7-m\libgcc.a(_aeabi_ldivmod.o) (__udivmoddi4)
c:/program files (x86)/cypress/psoc creator/4.2/psoc creator/import/gnu/arm/5.4.1/bin/../lib/gcc/arm-none-eabi/5.4.1/armv7-m\libgcc.a(_dvmd_tls.o)
                              c:/program files (x86)/cypress/psoc creator/4.2/psoc creator/import/gnu/arm/5.4.1/bin/../lib/gcc/arm-none-eabi/5.4.1/armv7-m\libgcc.a(_aeabi_ldivmod.o) (__aeabi_ldiv0)
c:/program files (x86)/cypress/psoc creator/4.2/psoc creator/import/gnu/arm/5.4.1/bin/../lib/gcc/arm-none-eabi/5.4.1/../../../../arm-none-eabi/lib/armv7-m\libg_nano.a(lib_a-errno.o)
                              .\CortexM3\ARM_GCC_541\Debug\Cm3Start.o (__errno)
c:/program files (x86)/cypress/psoc creator/4.2/psoc creator/import/gnu/arm/5.4.1/bin/../lib/gcc/arm-none-eabi/5.4.1/../../../../arm-none-eabi/lib/armv7-m\libg_nano.a(lib_a-exit.o)
                              c:/program files (x86)/cypress/psoc creator/4.2/psoc creator/import/gnu/arm/5.4.1/bin/../lib/gcc/arm-none-eabi/5.4.1/../../../../arm-none-eabi/lib/armv7-m/crt0.o (exit)
c:/program files (x86)/cypress/psoc creator/4.2/psoc creator/import/gnu/arm/5.4.1/bin/../lib/gcc/arm-none-eabi/5.4.1/../../../../arm-none-eabi/lib/armv7-m\libg_nano.a(lib_a-impure.o)
                              c:/program files (x86)/cypress/psoc creator/4.2/psoc creator/import/gnu/arm/5.4.1/bin/../lib/gcc/arm-none-eabi/5.4.1/../../../../arm-none-eabi/lib/armv7-m\libg_nano.a(lib_a-exit.o) (_global_impure_ptr)
c:/program files (x86)/cypress/psoc creator/4.2/psoc creator/import/gnu/arm/5.4.1/bin/../lib/gcc/arm-none-eabi/5.4.1/../../../../arm-none-eabi/lib/armv7-m\libg_nano.a(lib_a-init.o)
                              c:/program files (x86)/cypress/psoc creator/4.2/psoc creator/import/gnu/arm/5.4.1/bin/../lib/gcc/arm-none-eabi/5.4.1/../../../../arm-none-eabi/lib/armv7-m/crt0.o (__libc_init_array)
c:/program files (x86)/cypress/psoc creator/4.2/psoc creator/import/gnu/arm/5.4.1/bin/../lib/gcc/arm-none-eabi/5.4.1/../../../../arm-none-eabi/lib/armv7-m\libg_nano.a(lib_a-memcpy-stub.o)
                              .\CortexM3\ARM_GCC_541\Debug\cyfitter_cfg.o (memcpy)
[...]
Memory Configuration

Name             Origin             Length             Attributes
rom              0x00000000         0x00040000         xr
ram              0x1fff8000         0x00010000         xrw
*default*        0x00000000         0xffffffff

Linker script and memory map

LOAD c:/program files (x86)/cypress/psoc creator/4.2/psoc creator/import/gnu/arm/5.4.1/bin/../lib/gcc/arm-none-eabi/5.4.1/armv7-m/crti.o
LOAD c:/program files (x86)/cypress/psoc creator/4.2/psoc creator/import/gnu/arm/5.4.1/bin/../lib/gcc/arm-none-eabi/5.4.1/armv7-m/crtbegin.o
LOAD c:/program files (x86)/cypress/psoc creator/4.2/psoc creator/import/gnu/arm/5.4.1/bin/../lib/gcc/arm-none-eabi/5.4.1/../../../../arm-none-eabi/lib/armv7-m/crt0.o
START GROUP
LOAD .\CortexM3\ARM_GCC_541\Debug\main.o
LOAD .\CortexM3\ARM_GCC_541\Debug\cyfitter_cfg.o
LOAD .\CortexM3\ARM_GCC_541\Debug\cymetadata.o
LOAD .\CortexM3\ARM_GCC_541\Debug\Cm3Start.o
LOAD .\CortexM3\ARM_GCC_541\Debug\Teil1.a
LOAD C:\Program Files (x86)\Cypress\PSoC Creator\4.2\PSoC Creator\psoc\content\cycomponentlibrary\CyComponentLibrary.cylib\CortexM3\ARM_GCC_541\Debug\CyComponentLibrary.a
END GROUP
START GROUP
LOAD c:/program files (x86)/cypress/psoc creator/4.2/psoc creator/import/gnu/arm/5.4.1/bin/../lib/gcc/arm-none-eabi/5.4.1/armv7-m\libgcc.a
LOAD c:/program files (x86)/cypress/psoc creator/4.2/psoc creator/import/gnu/arm/5.4.1/bin/../lib/gcc/arm-none-eabi/5.4.1/../../../../arm-none-eabi/lib/armv7-m\libg_nano.a
LOAD c:/program files (x86)/cypress/psoc creator/4.2/psoc creator/import/gnu/arm/5.4.1/bin/../lib/gcc/arm-none-eabi/5.4.1/../../../../arm-none-eabi/lib/armv7-m\libc_nano.a
END GROUP
START GROUP
LOAD c:/program files (x86)/cypress/psoc creator/4.2/psoc creator/import/gnu/arm/5.4.1/bin/../lib/gcc/arm-none-eabi/5.4.1/armv7-m\libgcc.a
LOAD c:/program files (x86)/cypress/psoc creator/4.2/psoc creator/import/gnu/arm/5.4.1/bin/../lib/gcc/arm-none-eabi/5.4.1/../../../../arm-none-eabi/lib/armv7-m\libc_nano.a
END GROUP
LOAD c:/program files (x86)/cypress/psoc creator/4.2/psoc creator/import/gnu/arm/5.4.1/bin/../lib/gcc/arm-none-eabi/5.4.1/armv7-m/crtend.o
LOAD c:/program files (x86)/cypress/psoc creator/4.2/psoc creator/import/gnu/arm/5.4.1/bin/../lib/gcc/arm-none-eabi/5.4.1/armv7-m/crtn.o
START GROUP
LOAD c:/program files (x86)/cypress/psoc creator/4.2/psoc creator/import/gnu/arm/5.4.1/bin/../lib/gcc/arm-none-eabi/5.4.1/armv7-m\libgcc.a
LOAD c:/program files (x86)/cypress/psoc creator/4.2/psoc creator/import/gnu/arm/5.4.1/bin/../lib/gcc/arm-none-eabi/5.4.1/../../../../arm-none-eabi/lib/armv7-m\libc.a
LOAD c:/program files (x86)/cypress/psoc creator/4.2/psoc creator/import/gnu/arm/5.4.1/bin/../lib/gcc/arm-none-eabi/5.4.1/../../../../arm-none-eabi/lib/armv7-m\libnosys.a
END GROUP
                0x00000000                CY_APPL_ORIGIN = 0x0
                0x00000100                CY_FLASH_ROW_SIZE = 0x100
                0x00000020                CY_ECC_ROW_SIZE = 0x20
                0x00000000                CY_EE_IN_BTLDR = 0x0
                0x00000000                CY_APPL_LOADABLE = 0x0
                0x00000800                CY_EE_SIZE = 0x800
                0x00000001                CY_APPL_NUM = 0x1
                0x00000001                CY_APPL_MAX = 0x1
                0x00000040                CY_METADATA_SIZE = 0x40
                0x00000000                CY_APPL_LOADABLE = 0x0
                0x00000000                CY_CHECKSUM_EXCLUDE_SIZE = ALIGN (0x0, CY_FLASH_ROW_SIZE)
                [!provide]                PROVIDE (__cy_heap_start, _end)
                0x00000001                PROVIDE (__cy_region_num, ((__cy_regions_end - __cy_regions) / 0x10))
                0x20008000                PROVIDE (__cy_stack, (ORIGIN (ram) + LENGTH (ram)))
                [!provide]                PROVIDE (__cy_heap_end, (__cy_stack - 0x800))

.cybootloader   0x00000000        0x0
 *(.cybootloader)
                0x00000000                appl1_start = CY_APPL_ORIGIN?CY_APPL_ORIGIN:ALIGN (CY_FLASH_ROW_SIZE)
                0x0001ff00                appl2_start = (appl1_start + ALIGN ((((LENGTH (rom) - appl1_start) - (0x2 * CY_FLASH_ROW_SIZE)) / 0x2), CY_FLASH_ROW_SIZE))
                0x00000000                appl_start = (CY_APPL_NUM == 0x1)?appl1_start:appl2_start
                0x00000000                ecc_offset = ((appl_start / CY_FLASH_ROW_SIZE) * CY_ECC_ROW_SIZE)
                0x00000000                ee_offset = (CY_APPL_LOADABLE && ! (CY_EE_IN_BTLDR))?((CY_EE_SIZE / CY_APPL_MAX) * (CY_APPL_NUM - 0x1)):0x0
                0x00000800                ee_size = (CY_APPL_LOADABLE && ! (CY_EE_IN_BTLDR))?(CY_EE_SIZE / CY_APPL_MAX):CY_EE_SIZE
                [!provide]                PROVIDE (CY_ECC_OFFSET, ecc_offset)

.text           0x00000000     0x12a0
 CREATE_OBJECT_SYMBOLS
                0x00000000                PROVIDE (__cy_interrupt_vector, RomVectors)
 *(.romvectors)
 .romvectors    0x00000000       0x10 .\CortexM3\ARM_GCC_541\Debug\Cm3Start.o
                0x00000000                RomVectors
                0x00000001                ASSERT ((. != __cy_interrupt_vector), No interrupt vector)
                0x00000001                ASSERT (CY_APPL_ORIGIN?(SIZEOF (.cybootloader) <= CY_APPL_ORIGIN):0x1, Wrong image location)
                0x00000010                PROVIDE (__cy_reset, Reset)
 *(.text.Reset)
 .text.Reset    0x00000010       0x18 .\CortexM3\ARM_GCC_541\Debug\Cm3Start.o
                0x00000010                Reset
                0x00000001                ASSERT ((. != __cy_reset), No reset code)
 *(.dma_init)
                0x00000001                ASSERT ((((appl_start + .) <= 0x10000) || 0x1), DMA Init must be within the first 64k of flash)
 *(.text .text.* .gnu.linkonce.t.*)
 .text          0x00000028       0x5c c:/program files (x86)/cypress/psoc creator/4.2/psoc creator/import/gnu/arm/5.4.1/bin/../lib/gcc/arm-none-eabi/5.4.1/armv7-m/crtbegin.o
 .text.main     0x00000084       0x58 .\CortexM3\ARM_GCC_541\Debug\main.o
                0x00000084                main
 .text.CyClockStartupError
                0x000000dc        0x4 .\CortexM3\ARM_GCC_541\Debug\cyfitter_cfg.o
 .text.cfg_write_bytes32
                0x000000e0       0x34 .\CortexM3\ARM_GCC_541\Debug\cyfitter_cfg.o
 .text.CYMEMZERO
                0x00000114        0xc .\CortexM3\ARM_GCC_541\Debug\cyfitter_cfg.o
 .text.AnalogSetDefault
                0x00000120       0x94 .\CortexM3\ARM_GCC_541\Debug\cyfitter_cfg.o
 .text.CYCONFIGCPY
                0x000001b4        0x8 .\CortexM3\ARM_GCC_541\Debug\cyfitter_cfg.o
 .text.ClockSetup
                0x000001bc      0x120 .\CortexM3\ARM_GCC_541\Debug\cyfitter_cfg.o
 .text.cyfitter_cfg
                0x000002dc       0xdc .\CortexM3\ARM_GCC_541\Debug\cyfitter_cfg.o
                0x000002dc                cyfitter_cfg
 .text.IntDefaultHandler
                0x000003b8       0x10 .\CortexM3\ARM_GCC_541\Debug\Cm3Start.o
                0x000003b8                IntDefaultHandler
 .text._sbrk    0x000003c8       0x30 .\CortexM3\ARM_GCC_541\Debug\Cm3Start.o
                0x000003c8                _sbrk
 .text.Start_c  0x000003f8       0x4c .\CortexM3\ARM_GCC_541\Debug\Cm3Start.o
                0x000003f8                Start_c
 .text.initialize_psoc
                0x00000444       0x68 .\CortexM3\ARM_GCC_541\Debug\Cm3Start.o
                0x00000444                initialize_psoc
 .text.PGA_1_Enable
                0x000004ac       0x28 .\CortexM3\ARM_GCC_541\Debug\Teil1.a(PGA_1.o)
                0x000004ac                PGA_1_Enable
 .text.PGA_1_SetPower
                0x000004d4       0x18 .\CortexM3\ARM_GCC_541\Debug\Teil1.a(PGA_1.o)
                0x000004d4                PGA_1_SetPower
 .text.PGA_1_SetGain
                0x000004ec       0x78 .\CortexM3\ARM_GCC_541\Debug\Teil1.a(PGA_1.o)
                0x000004ec                PGA_1_SetGain
 .text.PGA_1_Init
                0x00000564       0x34 .\CortexM3\ARM_GCC_541\Debug\Teil1.a(PGA_1.o)
                0x00000564                PGA_1_Init
 .text.PGA_1_Start
                0x00000598       0x1c .\CortexM3\ARM_GCC_541\Debug\Teil1.a(PGA_1.o)
                0x00000598                PGA_1_Start
 .text.VDAC8_1_Enable
                0x000005b4       0x1c .\CortexM3\ARM_GCC_541\Debug\Teil1.a(VDAC8_1.o)
                0x000005b4                VDAC8_1_Enable
 .text.VDAC8_1_SetSpeed
                0x000005d0       0x1c .\CortexM3\ARM_GCC_541\Debug\Teil1.a(VDAC8_1.o)
                0x000005d0                VDAC8_1_SetSpeed
 .text.VDAC8_1_SetValue
                0x000005ec        0xc .\CortexM3\ARM_GCC_541\Debug\Teil1.a(VDAC8_1.o)
                0x000005ec                VDAC8_1_SetValue
 .text.VDAC8_1_DacTrim
                0x000005f8       0x24 .\CortexM3\ARM_GCC_541\Debug\Teil1.a(VDAC8_1.o)
                0x000005f8                VDAC8_1_DacTrim
 .text.VDAC8_1_SetRange
                0x0000061c       0x20 .\CortexM3\ARM_GCC_541\Debug\Teil1.a(VDAC8_1.o)
                0x0000061c                VDAC8_1_SetRange
 .text.VDAC8_1_Init
                0x0000063c       0x20 .\CortexM3\ARM_GCC_541\Debug\Teil1.a(VDAC8_1.o)
                0x0000063c                VDAC8_1_Init
 .text.VDAC8_1_Start
                0x0000065c       0x24 .\CortexM3\ARM_GCC_541\Debug\Teil1.a(VDAC8_1.o)
                0x0000065c                VDAC8_1_Start
 .text.ADC_SAR_1_CalcGain
                0x00000680       0x64 .\CortexM3\ARM_GCC_541\Debug\Teil1.a(ADC_SAR_1.o)
 .text.ADC_SAR_1_Enable
                0x000006e4       0x94 .\CortexM3\ARM_GCC_541\Debug\Teil1.a(ADC_SAR_1.o)
                0x000006e4                ADC_SAR_1_Enable
 .text.ADC_SAR_1_SetResolution
                0x00000778       0x38 .\CortexM3\ARM_GCC_541\Debug\Teil1.a(ADC_SAR_1.o)
                0x00000778                ADC_SAR_1_SetResolution
 .text.ADC_SAR_1_Init
                0x000007b0       0x3c .\CortexM3\ARM_GCC_541\Debug\Teil1.a(ADC_SAR_1.o)
                0x000007b0                ADC_SAR_1_Init
 .text.ADC_SAR_1_Start
                0x000007ec       0x1c .\CortexM3\ARM_GCC_541\Debug\Teil1.a(ADC_SAR_1.o)
                0x000007ec                ADC_SAR_1_Start
 .text.ADC_SAR_1_StartConvert
                0x00000808       0x10 .\CortexM3\ARM_GCC_541\Debug\Teil1.a(ADC_SAR_1.o)
                0x00000808                ADC_SAR_1_StartConvert
 .text.ADC_SAR_1_IsEndConversion
                0x00000818       0x24 .\CortexM3\ARM_GCC_541\Debug\Teil1.a(ADC_SAR_1.o)
                0x00000818                ADC_SAR_1_IsEndConversion
 .text.ADC_SAR_1_GetResult16
                0x0000083c       0x18 .\CortexM3\ARM_GCC_541\Debug\Teil1.a(ADC_SAR_1.o)
                0x0000083c                ADC_SAR_1_GetResult16
 .text.ADC_SAR_1_ISR
                0x00000854        0x4 .\CortexM3\ARM_GCC_541\Debug\Teil1.a(ADC_SAR_1_INT.o)
                0x00000854                ADC_SAR_1_ISR
 .text.UART_1_Init
                0x00000858       0x18 .\CortexM3\ARM_GCC_541\Debug\Teil1.a(UART_1.o)
                0x00000858                UART_1_Init
 .text.UART_1_Enable
                0x00000870       0x24 .\CortexM3\ARM_GCC_541\Debug\Teil1.a(UART_1.o)
                0x00000870                UART_1_Enable
 .text.UART_1_Start
                0x00000894       0x1c .\CortexM3\ARM_GCC_541\Debug\Teil1.a(UART_1.o)
                0x00000894                UART_1_Start
 .text.UART_1_PutChar
                0x000008b0       0x18 .\CortexM3\ARM_GCC_541\Debug\Teil1.a(UART_1.o)
                0x000008b0                UART_1_PutChar
 .text.UART_1_PutString
                0x000008c8       0x24 .\CortexM3\ARM_GCC_541\Debug\Teil1.a(UART_1.o)
                0x000008c8                UART_1_PutString
 .text.ADC_SAR_1_theACLK_SetModeRegister
                0x000008ec       0x14 .\CortexM3\ARM_GCC_541\Debug\Teil1.a(ADC_SAR_1_theACLK.o)
                0x000008ec                ADC_SAR_1_theACLK_SetModeRegister
 .text.UART_1_IntClock_Start
                0x00000900       0x1c .\CortexM3\ARM_GCC_541\Debug\Teil1.a(UART_1_IntClock.o)
                0x00000900                UART_1_IntClock_Start
 .text.CyHalt   0x0000091c        0x4 .\CortexM3\ARM_GCC_541\Debug\Teil1.a(CyLib.o)
                0x0000091c                CyHalt
 .text.CyDelay  0x00000920       0x2c .\CortexM3\ARM_GCC_541\Debug\Teil1.a(CyLib.o)
                0x00000920                CyDelay
 .text.CyDelayUs
                0x0000094c       0x14 .\CortexM3\ARM_GCC_541\Debug\Teil1.a(CyLib.o)
                0x0000094c                CyDelayUs
 .text.CyIntSetVector
                0x00000960       0x28 .\CortexM3\ARM_GCC_541\Debug\Teil1.a(CyLib.o)
                0x00000960                CyIntSetVector
 .text.CyIntSetPriority
                0x00000988       0x30 .\CortexM3\ARM_GCC_541\Debug\Teil1.a(CyLib.o)
                0x00000988                CyIntSetPriority
 .text          0x000009b8       0x20 .\CortexM3\ARM_GCC_541\Debug\Teil1.a(CyBootAsmGnu.o)
                0x000009b8                CyDelayCycles
                0x000009c8                CyEnterCriticalSection
                0x000009d0                CyExitCriticalSection
 .text.__errno  0x000009d8        0xc c:/program files (x86)/cypress/psoc creator/4.2/psoc creator/import/gnu/arm/5.4.1/bin/../lib/gcc/arm-none-eabi/5.4.1/../../../../arm-none-eabi/lib/armv7-m\libg_nano.a(lib_a-errno.o)
                0x000009d8                __errno
 .text.__libc_init_array
                0x000009e4       0x4c c:/program files (x86)/cypress/psoc creator/4.2/psoc creator/import/gnu/arm/5.4.1/bin/../lib/gcc/arm-none-eabi/5.4.1/../../../../arm-none-eabi/lib/armv7-m\libg_nano.a(lib_a-init.o)
                0x000009e4                __libc_init_array
 .text.memcpy   0x00000a30       0x16 c:/program files (x86)/cypress/psoc creator/4.2/psoc creator/import/gnu/arm/5.4.1/bin/../lib/gcc/arm-none-eabi/5.4.1/../../../../arm-none-eabi/lib/armv7-m\libg_nano.a(lib_a-memcpy-stub.o)
                0x00000a30                memcpy
 .text.memset   0x00000a46       0x10 c:/program files (x86)/cypress/psoc creator/4.2/psoc creator/import/gnu/arm/5.4.1/bin/../lib/gcc/arm-none-eabi/5.4.1/../../../../arm-none-eabi/lib/armv7-m\libg_nano.a(lib_a-memset.o)
                0x00000a46                memset
 *fill*         0x00000a56        0x2 
 .text.sprintf  0x00000a58       0x48 c:/program files (x86)/cypress/psoc creator/4.2/psoc creator/import/gnu/arm/5.4.1/bin/../lib/gcc/arm-none-eabi/5.4.1/../../../../arm-none-eabi/lib/armv7-m\libg_nano.a(lib_a-sprintf.o)
                0x00000a58                siprintf
                0x00000a58                sprintf
 .text.__ssputs_r
                0x00000aa0       0xb2 c:/program files (x86)/cypress/psoc creator/4.2/psoc creator/import/gnu/arm/5.4.1/bin/../lib/gcc/arm-none-eabi/5.4.1/../../../../arm-none-eabi/lib/armv7-m\libg_nano.a(lib_a-nano-svfprintf.o)
                0x00000aa0                __ssputs_r
 *fill*         0x00000b52        0x2 
 .text._svfprintf_r
                0x00000b54      0x1e8 c:/program files (x86)/cypress/psoc creator/4.2/psoc creator/import/gnu/arm/5.4.1/bin/../lib/gcc/arm-none-eabi/5.4.1/../../../../arm-none-eabi/lib/armv7-m\libg_nano.a(lib_a-nano-svfprintf.o)
                0x00000b54                _svfiprintf_r
                0x00000b54                _svfprintf_r
 .text._printf_common
                0x00000d3c       0xec c:/program files (x86)/cypress/psoc creator/4.2/psoc creator/import/gnu/arm/5.4.1/bin/../lib/gcc/arm-none-eabi/5.4.1/../../../../arm-none-eabi/lib/armv7-m\libg_nano.a(lib_a-nano-vfprintf_i.o)
                0x00000d3c                _printf_common
 .text._printf_i
                0x00000e28      0x24c c:/program files (x86)/cypress/psoc creator/4.2/psoc creator/import/gnu/arm/5.4.1/bin/../lib/gcc/arm-none-eabi/5.4.1/../../../../arm-none-eabi/lib/armv7-m\libg_nano.a(lib_a-nano-vfprintf_i.o)
                0x00000e28                _printf_i
 .text.memchr   0x00001074       0x1c c:/program files (x86)/cypress/psoc creator/4.2/psoc creator/import/gnu/arm/5.4.1/bin/../lib/gcc/arm-none-eabi/5.4.1/../../../../arm-none-eabi/lib/armv7-m\libg_nano.a(lib_a-memchr-stub.o)
                0x00001074                memchr
 .text.memmove  0x00001090       0x36 c:/program files (x86)/cypress/psoc creator/4.2/psoc creator/import/gnu/arm/5.4.1/bin/../lib/gcc/arm-none-eabi/5.4.1/../../../../arm-none-eabi/lib/armv7-m\libg_nano.a(lib_a-memmove.o)
                0x00001090                memmove
 *fill*         0x000010c6        0x2 
 .text._free_r  0x000010c8       0x98 c:/program files (x86)/cypress/psoc creator/4.2/psoc creator/import/gnu/arm/5.4.1/bin/../lib/gcc/arm-none-eabi/5.4.1/../../../../arm-none-eabi/lib/armv7-m\libg_nano.a(lib_a-nano-freer.o)
                0x000010c8                _free_r
 .text._malloc_r
                0x00001160       0xbc c:/program files (x86)/cypress/psoc creator/4.2/psoc creator/import/gnu/arm/5.4.1/bin/../lib/gcc/arm-none-eabi/5.4.1/../../../../arm-none-eabi/lib/armv7-m\libg_nano.a(lib_a-nano-mallocr.o)
                0x00001160                _malloc_r
 .text._realloc_r
                0x0000121c       0x4c c:/program files (x86)/cypress/psoc creator/4.2/psoc creator/import/gnu/arm/5.4.1/bin/../lib/gcc/arm-none-eabi/5.4.1/../../../../arm-none-eabi/lib/armv7-m\libg_nano.a(lib_a-nano-reallocr.o)
                0x0000121c                _realloc_r
 .text._sbrk_r  0x00001268       0x20 c:/program files (x86)/cypress/psoc creator/4.2/psoc creator/import/gnu/arm/5.4.1/bin/../lib/gcc/arm-none-eabi/5.4.1/../../../../arm-none-eabi/lib/armv7-m\libg_nano.a(lib_a-sbrkr.o)
                0x00001268                _sbrk_r
 .text.__malloc_lock
                0x00001288        0x2 c:/program files (x86)/cypress/psoc creator/4.2/psoc creator/import/gnu/arm/5.4.1/bin/../lib/gcc/arm-none-eabi/5.4.1/../../../../arm-none-eabi/lib/armv7-m\libg_nano.a(lib_a-mlock.o)
                0x00001288                __malloc_lock
 .text.__malloc_unlock
                0x0000128a        0x2 c:/program files (x86)/cypress/psoc creator/4.2/psoc creator/import/gnu/arm/5.4.1/bin/../lib/gcc/arm-none-eabi/5.4.1/../../../../arm-none-eabi/lib/armv7-m\libg_nano.a(lib_a-mlock.o)
                0x0000128a                __malloc_unlock
 .text._malloc_usable_size_r
                0x0000128c       0x14 c:/program files (x86)/cypress/psoc creator/4.2/psoc creator/import/gnu/arm/5.4.1/bin/../lib/gcc/arm-none-eabi/5.4.1/../../../../arm-none-eabi/lib/armv7-m\libg_nano.a(lib_a-nano-msizer.o)
                0x0000128c                _malloc_usable_size_r
 *(.plt)
 *(.gnu.warning)
 *(.glue_7t)
 .glue_7t       0x000012a0        0x0 linker stubs
 *(.glue_7)
 .glue_7        0x000012a0        0x0 linker stubs
 *(.vfp11_veneer)
 .vfp11_veneer  0x000012a0        0x0 linker stubs
 *(.bootloader)
 *(.ARM.extab* .gnu.linkonce.armextab.*)
 *(.gcc_except_table)

.v4_bx          0x000012a0        0x0
 .v4_bx         0x000012a0        0x0 linker stubs

.iplt           0x000012a0        0x0
 .iplt          0x000012a0        0x0 c:/program files (x86)/cypress/psoc creator/4.2/psoc creator/import/gnu/arm/5.4.1/bin/../lib/gcc/arm-none-eabi/5.4.1/armv7-m/crtbegin.o

.eh_frame_hdr
 *(.eh_frame_hdr)

.eh_frame       0x000012a0        0x4
 *(.eh_frame)
 .eh_frame      0x000012a0        0x0 c:/program files (x86)/cypress/psoc creator/4.2/psoc creator/import/gnu/arm/5.4.1/bin/../lib/gcc/arm-none-eabi/5.4.1/armv7-m/crtbegin.o
 .eh_frame      0x000012a0        0x4 c:/program files (x86)/cypress/psoc creator/4.2/psoc creator/import/gnu/arm/5.4.1/bin/../lib/gcc/arm-none-eabi/5.4.1/armv7-m/crtend.o
                [!provide]                PROVIDE (__exidx_start, .)

.ARM.exidx
 *(.ARM.exidx* .gnu.linkonce.armexidx.*)
                0x000012a4                __exidx_end = .

.rodata         0x000012a4       0xc4
 *(.rodata .rodata.* .gnu.linkonce.r.*)
 .rodata.str1.4
                0x000012a4        0x4 .\CortexM3\ARM_GCC_541\Debug\main.o
                                  0x3 (size before relaxing)
 .rodata        0x000012a8       0x3c .\CortexM3\ARM_GCC_541\Debug\cyfitter_cfg.o
 .rodata        0x000012e4       0x15 .\CortexM3\ARM_GCC_541\Debug\Teil1.a(PGA_1.o)
 .rodata.str1.1
                0x000012f9        0x2 c:/program files (x86)/cypress/psoc creator/4.2/psoc creator/import/gnu/arm/5.4.1/bin/../lib/gcc/arm-none-eabi/5.4.1/../../../../arm-none-eabi/lib/armv7-m\libg_nano.a(lib_a-impure.o)
 .rodata.str1.1
                0x000012fb       0x11 c:/program files (x86)/cypress/psoc creator/4.2/psoc creator/import/gnu/arm/5.4.1/bin/../lib/gcc/arm-none-eabi/5.4.1/../../../../arm-none-eabi/lib/armv7-m\libg_nano.a(lib_a-nano-svfprintf.o)
 .rodata.str1.1
                0x0000130c       0x22 c:/program files (x86)/cypress/psoc creator/4.2/psoc creator/import/gnu/arm/5.4.1/bin/../lib/gcc/arm-none-eabi/5.4.1/../../../../arm-none-eabi/lib/armv7-m\libg_nano.a(lib_a-nano-vfprintf_i.o)
                0x00001330                . = ALIGN (0x4)
 *fill*         0x0000132e        0x2 
 *(.init)
 .init          0x00001330        0x4 c:/program files (x86)/cypress/psoc creator/4.2/psoc creator/import/gnu/arm/5.4.1/bin/../lib/gcc/arm-none-eabi/5.4.1/armv7-m/crti.o
                0x00001330                _init
 .init          0x00001334        0x8 c:/program files (x86)/cypress/psoc creator/4.2/psoc creator/import/gnu/arm/5.4.1/bin/../lib/gcc/arm-none-eabi/5.4.1/armv7-m/crtn.o
                0x0000133c                . = ALIGN (0x4)
                0x0000133c                __preinit_array_start = .
 *(.preinit_array)
                0x0000133c                __preinit_array_end = .
                0x0000133c                . = ALIGN (0x4)
                0x0000133c                __init_array_start = .
 *(SORT(.init_array.*))
 *(.init_array)
 .init_array    0x0000133c        0x4 c:/program files (x86)/cypress/psoc creator/4.2/psoc creator/import/gnu/arm/5.4.1/bin/../lib/gcc/arm-none-eabi/5.4.1/armv7-m/crtbegin.o
 .init_array    0x00001340        0x4 .\CortexM3\ARM_GCC_541\Debug\Cm3Start.o
                0x00001344                __init_array_end = .
                0x00001344                . = ALIGN (0x4)
 *(.fini)
 .fini          0x00001344        0x4 c:/program files (x86)/cypress/psoc creator/4.2/psoc creator/import/gnu/arm/5.4.1/bin/../lib/gcc/arm-none-eabi/5.4.1/armv7-m/crti.o
                0x00001344                _fini
 .fini          0x00001348        0x8 c:/program files (x86)/cypress/psoc creator/4.2/psoc creator/import/gnu/arm/5.4.1/bin/../lib/gcc/arm-none-eabi/5.4.1/armv7-m/crtn.o
                0x00001350                . = ALIGN (0x4)
                0x00001350                __fini_array_start = .
 *(.fini_array)
 .fini_array    0x00001350        0x4 c:/program files (x86)/cypress/psoc creator/4.2/psoc creator/import/gnu/arm/5.4.1/bin/../lib/gcc/arm-none-eabi/5.4.1/armv7-m/crtbegin.o
 *(SORT(.fini_array.*))
                0x00001354                __fini_array_end = .
                0x00001354                . = ALIGN (0x4)
 *crtbegin.o(.ctors)
 *(EXCLUDE_FILE(*crtend.o) .ctors)
 *(SORT(.ctors.*))
 *crtend.o(.ctors)
                0x00001354                . = ALIGN (0x4)
 *crtbegin.o(.dtors)
 *(EXCLUDE_FILE(*crtend.o) .dtors)
 *(SORT(.dtors.*))
 *crtend.o(.dtors)
                0x00001354                . = ALIGN (0x4)
                0x00001354                __cy_regions = .
                0x00001354        0x4 LONG 0x1368 __cy_region_init_ram
                0x00001358        0x4 LONG 0x1fff80c8 __cy_region_start_data
                0x0000135c        0x4 LONG 0x80 __cy_region_init_size_ram
                0x00001360        0x4 LONG 0x60 __cy_region_zero_size_ram
                0x00001364                __cy_regions_end = .
                0x00001368                . = ALIGN (0x8)
 *fill*         0x00001364        0x4 
                0x00001368                _etext = .

.cy_checksum_exclude
                0x00001368        0x0
 *(.cy_checksum_exclude)

.ramvectors     0x1fff8000       0xc0
                0x1fff8000                __cy_region_start_ram = .
 *(.ramvectors)
 .ramvectors    0x1fff8000       0xc0 .\CortexM3\ARM_GCC_541\Debug\Cm3Start.o
                0x1fff8000                CyRamVectors

.noinit         0x1fff80c0        0x1
 *(.noinit)
 .noinit        0x1fff80c0        0x1 .\CortexM3\ARM_GCC_541\Debug\Teil1.a(CyLib.o)
                0x1fff80c0                CyResetStatus

.data           0x1fff80c8       0x80 load address 0x00001368
                0x1fff80c8                __cy_region_start_data = .
 *(.jcr)
 .jcr           0x1fff80c8        0x0 c:/program files (x86)/cypress/psoc creator/4.2/psoc creator/import/gnu/arm/5.4.1/bin/../lib/gcc/arm-none-eabi/5.4.1/armv7-m/crtbegin.o
 .jcr           0x1fff80c8        0x4 c:/program files (x86)/cypress/psoc creator/4.2/psoc creator/import/gnu/arm/5.4.1/bin/../lib/gcc/arm-none-eabi/5.4.1/armv7-m/crtend.o
 *(.got.plt)
 *(.got)
 *(.shdata)
 *(.data .data.* .gnu.linkonce.d.*)
 .data          0x1fff80cc        0x4 .\CortexM3\ARM_GCC_541\Debug\Cm3Start.o
 .data          0x1fff80d0       0x10 .\CortexM3\ARM_GCC_541\Debug\Teil1.a(CyLib.o)
                0x1fff80d0                cydelay_32k_ms
                0x1fff80d4                cydelay_freq_khz
                0x1fff80d8                cydelay_freq_mhz
                0x1fff80dc                cydelay_freq_hz
 .data.impure_data
                0x1fff80e0       0x60 c:/program files (x86)/cypress/psoc creator/4.2/psoc creator/import/gnu/arm/5.4.1/bin/../lib/gcc/arm-none-eabi/5.4.1/../../../../arm-none-eabi/lib/armv7-m\libg_nano.a(lib_a-impure.o)
 .data._impure_ptr
                0x1fff8140        0x4 c:/program files (x86)/cypress/psoc creator/4.2/psoc creator/import/gnu/arm/5.4.1/bin/../lib/gcc/arm-none-eabi/5.4.1/../../../../arm-none-eabi/lib/armv7-m\libg_nano.a(lib_a-impure.o)
                0x1fff8140                _impure_ptr
                0x1fff8148                . = ALIGN (0x8)
 *fill*         0x1fff8144        0x4 
 *(.ram)
                0x1fff8148                _edata = .

.igot.plt       0x1fff8148        0x0 load address 0x000013e8
 .igot.plt      0x1fff8148        0x0 c:/program files (x86)/cypress/psoc creator/4.2/psoc creator/import/gnu/arm/5.4.1/bin/../lib/gcc/arm-none-eabi/5.4.1/armv7-m/crtbegin.o

.bss            0x1fff8148       0x60 load address 0x000013e8
                0x1fff8148                PROVIDE (__bss_start__, .)
 *(.shbss)
 *(.bss .bss.* .gnu.linkonce.b.*)
 .bss           0x1fff8148       0x1c c:/program files (x86)/cypress/psoc creator/4.2/psoc creator/import/gnu/arm/5.4.1/bin/../lib/gcc/arm-none-eabi/5.4.1/armv7-m/crtbegin.o
 .bss           0x1fff8164        0x4 .\CortexM3\ARM_GCC_541\Debug\main.o
                0x1fff8164                adcResult
 .bss           0x1fff8168        0x1 .\CortexM3\ARM_GCC_541\Debug\Teil1.a(PGA_1.o)
                0x1fff8168                PGA_1_initVar
 .bss           0x1fff8169        0x1 .\CortexM3\ARM_GCC_541\Debug\Teil1.a(VDAC8_1.o)
                0x1fff8169                VDAC8_1_initVar
 .bss           0x1fff816a        0x1 .\CortexM3\ARM_GCC_541\Debug\Teil1.a(ADC_SAR_1.o)
                0x1fff816a                ADC_SAR_1_initVar
 .bss           0x1fff816b        0x2 .\CortexM3\ARM_GCC_541\Debug\Teil1.a(UART_1.o)
                0x1fff816b                UART_1_initVar
 *fill*         0x1fff816d        0x3 
 .bss.__malloc_sbrk_start
                0x1fff8170        0x4 c:/program files (x86)/cypress/psoc creator/4.2/psoc creator/import/gnu/arm/5.4.1/bin/../lib/gcc/arm-none-eabi/5.4.1/../../../../arm-none-eabi/lib/armv7-m\libg_nano.a(lib_a-nano-mallocr.o)
                0x1fff8170                __malloc_sbrk_start
 .bss.__malloc_free_list
                0x1fff8174        0x4 c:/program files (x86)/cypress/psoc creator/4.2/psoc creator/import/gnu/arm/5.4.1/bin/../lib/gcc/arm-none-eabi/5.4.1/../../../../arm-none-eabi/lib/armv7-m\libg_nano.a(lib_a-nano-mallocr.o)
                0x1fff8174                __malloc_free_list
 *(COMMON)
 COMMON         0x1fff8178       0x1e .\CortexM3\ARM_GCC_541\Debug\main.o
                0x1fff8178                toSend
 *fill*         0x1fff8196        0x2 
 COMMON         0x1fff8198        0xa .\CortexM3\ARM_GCC_541\Debug\Teil1.a(ADC_SAR_1.o)
                0x1fff8198                ADC_SAR_1_countsPerVolt
                0x1fff819a                ADC_SAR_1_shift
                0x1fff819c                ADC_SAR_1_countsPer10Volt
                0x1fff81a0                ADC_SAR_1_offset
 *fill*         0x1fff81a2        0x2 
 COMMON         0x1fff81a4        0x4 c:/program files (x86)/cypress/psoc creator/4.2/psoc creator/import/gnu/arm/5.4.1/bin/../lib/gcc/arm-none-eabi/5.4.1/../../../../arm-none-eabi/lib/armv7-m\libg_nano.a(lib_a-reent.o)
                0x1fff81a4                errno
                0x1fff81a8                . = ALIGN (0x8)
 *(.ram.b)
                0x1fff81a8                _end = .
                0x1fff81a8                __end = .
                0x1fff81a8                PROVIDE (end, .)
                0x1fff81a8                PROVIDE (__bss_end__, .)
                0x00001368                __cy_region_init_ram = LOADADDR (.data)
                0x00000080                __cy_region_init_size_ram = (_edata - ADDR (.data))
                0x00000060                __cy_region_zero_size_ram = (_end - _edata)

.heap           0x1fff81a8       0x80 load address 0x000013e8
                0x1fff81a8                . = _end
                0x1fff8228                . = (. + 0x80)
 *fill*         0x1fff81a8       0x80 
                0x1fff8228                __cy_heap_limit = .

.stack          0x20007800      0x800
                0x20007800                __cy_stack_limit = .
                0x20008000                . = (. + 0x800)
 *fill*         0x20007800      0x800 
                0x00000001                ASSERT ((__cy_stack_limit >= __cy_heap_limit), region RAM overflowed with stack)
                0x00000000                cy_checksum_exclude_size = (CY_APPL_LOADABLE == 0x1)?SIZEOF (.cy_checksum_exclude):0x0
                0x00000001                ASSERT ((cy_checksum_exclude_size <= CY_CHECKSUM_EXCLUDE_SIZE), CY_BOOT: Section .cy_checksum_exclude size exceedes specified limit.)

.cyloadermeta
 *(.cyloadermeta)

.cyloadablemeta
 *(.cyloadablemeta)

.cyconfigecc    0x80000000      0x190
 *(.cyconfigecc)
 .cyconfigecc   0x80000000      0x190 .\CortexM3\ARM_GCC_541\Debug\cymetadata.o
                0x80000000                cy_meta_configecc

.cycustnvl      0x90000000        0x4
 *(.cycustnvl)
 .cycustnvl     0x90000000        0x4 .\CortexM3\ARM_GCC_541\Debug\cymetadata.o
                0x90000000                cy_meta_custnvl

.cywolatch      0x90100000        0x4
 *(.cywolatch)
 .cywolatch     0x90100000        0x4 .\CortexM3\ARM_GCC_541\Debug\cymetadata.o
                0x90100000                cy_meta_wonvl

.cyeeprom       0x90200000        0x0
 *(.cyeeprom)
                0x00000001                ASSERT ((. <= ((0x90200000 + ee_offset) + ee_size)), .cyeeprom data will not fit in EEPROM)

.cyflashprotect
                0x90400000      0x100
 *(.cyflashprotect)
 .cyflashprotect
                0x90400000      0x100 .\CortexM3\ARM_GCC_541\Debug\cymetadata.o
                0x90400000                cy_meta_flashprotect

.cymeta         0x90500000        0xc
 *(.cymeta)
 .cymeta        0x90500000        0xc .\CortexM3\ARM_GCC_541\Debug\cymetadata.o
                0x90500000                cy_metadata

.rel.dyn        0x000013e8        0x0 load address 0x9050000c
 .rel.iplt      0x000013e8        0x0 c:/program files (x86)/cypress/psoc creator/4.2/psoc creator/import/gnu/arm/5.4.1/bin/../lib/gcc/arm-none-eabi/5.4.1/armv7-m/crtbegin.o

.stab
 *(.stab)

.stabstr
 *(.stabstr)

.debug
 *(.debug)

.line
 *(.line)

.debug_srcinfo
 *(.debug_srcinfo)

.debug_sfnames
 *(.debug_sfnames)

.debug_aranges  0x00000000      0x830
 *(.debug_aranges)
 .debug_aranges
                0x00000000       0x20 .\CortexM3\ARM_GCC_541\Debug\main.o
 .debug_aranges
                0x00000020       0x58 .\CortexM3\ARM_GCC_541\Debug\cyfitter_cfg.o
 .debug_aranges
                0x00000078       0x18 .\CortexM3\ARM_GCC_541\Debug\cymetadata.o
 .debug_aranges
                0x00000090       0x48 .\CortexM3\ARM_GCC_541\Debug\Cm3Start.o
 .debug_aranges
                0x000000d8       0x48 .\CortexM3\ARM_GCC_541\Debug\Teil1.a(PGA_1.o)
 .debug_aranges
                0x00000120       0x58 .\CortexM3\ARM_GCC_541\Debug\Teil1.a(VDAC8_1.o)
 .debug_aranges
                0x00000178       0xa8 .\CortexM3\ARM_GCC_541\Debug\Teil1.a(ADC_SAR_1.o)
 .debug_aranges
                0x00000220       0x20 .\CortexM3\ARM_GCC_541\Debug\Teil1.a(ADC_SAR_1_INT.o)
 .debug_aranges
                0x00000240       0xa0 .\CortexM3\ARM_GCC_541\Debug\Teil1.a(UART_1.o)
 .debug_aranges
                0x000002e0       0x80 .\CortexM3\ARM_GCC_541\Debug\Teil1.a(ADC_SAR_1_theACLK.o)
 .debug_aranges
                0x00000360       0x70 .\CortexM3\ARM_GCC_541\Debug\Teil1.a(UART_1_IntClock.o)
 .debug_aranges
                0x000003d0      0x2a0 .\CortexM3\ARM_GCC_541\Debug\Teil1.a(CyLib.o)
 .debug_aranges
                0x00000670       0x98 .\CortexM3\ARM_GCC_541\Debug\Teil1.a(cyPm.o)
 .debug_aranges
                0x00000708       0x20 .\CortexM3\ARM_GCC_541\Debug\Teil1.a(CyBootAsmGnu.o)
 .debug_aranges
                0x00000728       0x88 .\CortexM3\ARM_GCC_541\Debug\Teil1.a(CyFlash.o)
 .debug_aranges
                0x000007b0       0x80 .\CortexM3\ARM_GCC_541\Debug\Teil1.a(CySpc.o)

.debug_pubnames
 *(.debug_pubnames)

.debug_info     0x00000000     0x4994
 *(.debug_info .gnu.linkonce.wi.*)
 .debug_info    0x00000000      0x1fb .\CortexM3\ARM_GCC_541\Debug\main.o
 .debug_info    0x000001fb      0x52b .\CortexM3\ARM_GCC_541\Debug\cyfitter_cfg.o
 .debug_info    0x00000726      0x135 .\CortexM3\ARM_GCC_541\Debug\cymetadata.o
 .debug_info    0x0000085b      0x3bb .\CortexM3\ARM_GCC_541\Debug\Cm3Start.o
 .debug_info    0x00000c16      0x1d3 .\CortexM3\ARM_GCC_541\Debug\Teil1.a(PGA_1.o)
 .debug_info    0x00000de9      0x1df .\CortexM3\ARM_GCC_541\Debug\Teil1.a(VDAC8_1.o)
 .debug_info    0x00000fc8      0x5c0 .\CortexM3\ARM_GCC_541\Debug\Teil1.a(ADC_SAR_1.o)
 .debug_info    0x00001588       0x92 .\CortexM3\ARM_GCC_541\Debug\Teil1.a(ADC_SAR_1_INT.o)
 .debug_info    0x0000161a      0x45c .\CortexM3\ARM_GCC_541\Debug\Teil1.a(UART_1.o)
 .debug_info    0x00001a76      0x2c4 .\CortexM3\ARM_GCC_541\Debug\Teil1.a(ADC_SAR_1_theACLK.o)
 .debug_info    0x00001d3a      0x283 .\CortexM3\ARM_GCC_541\Debug\Teil1.a(UART_1_IntClock.o)
 .debug_info    0x00001fbd     0x1374 .\CortexM3\ARM_GCC_541\Debug\Teil1.a(CyLib.o)
 .debug_info    0x00003331      0xa2a .\CortexM3\ARM_GCC_541\Debug\Teil1.a(cyPm.o)
 .debug_info    0x00003d5b       0x9c .\CortexM3\ARM_GCC_541\Debug\Teil1.a(CyBootAsmGnu.o)
 .debug_info    0x00003df7      0x64d .\CortexM3\ARM_GCC_541\Debug\Teil1.a(CyFlash.o)
 .debug_info    0x00004444      0x550 .\CortexM3\ARM_GCC_541\Debug\Teil1.a(CySpc.o)

.debug_abbrev   0x00000000     0x1415
 *(.debug_abbrev)
 .debug_abbrev  0x00000000       0xd1 .\CortexM3\ARM_GCC_541\Debug\main.o
 .debug_abbrev  0x000000d1      0x1fe .\CortexM3\ARM_GCC_541\Debug\cyfitter_cfg.o
 .debug_abbrev  0x000002cf       0x66 .\CortexM3\ARM_GCC_541\Debug\cymetadata.o
 .debug_abbrev  0x00000335      0x1e8 .\CortexM3\ARM_GCC_541\Debug\Cm3Start.o
 .debug_abbrev  0x0000051d       0xf6 .\CortexM3\ARM_GCC_541\Debug\Teil1.a(PGA_1.o)
 .debug_abbrev  0x00000613       0xf7 .\CortexM3\ARM_GCC_541\Debug\Teil1.a(VDAC8_1.o)
 .debug_abbrev  0x0000070a      0x1ac .\CortexM3\ARM_GCC_541\Debug\Teil1.a(ADC_SAR_1.o)
 .debug_abbrev  0x000008b6       0x42 .\CortexM3\ARM_GCC_541\Debug\Teil1.a(ADC_SAR_1_INT.o)
 .debug_abbrev  0x000008f8      0x175 .\CortexM3\ARM_GCC_541\Debug\Teil1.a(UART_1.o)
 .debug_abbrev  0x00000a6d      0x121 .\CortexM3\ARM_GCC_541\Debug\Teil1.a(ADC_SAR_1_theACLK.o)
 .debug_abbrev  0x00000b8e      0x139 .\CortexM3\ARM_GCC_541\Debug\Teil1.a(UART_1_IntClock.o)
 .debug_abbrev  0x00000cc7      0x254 .\CortexM3\ARM_GCC_541\Debug\Teil1.a(CyLib.o)
 .debug_abbrev  0x00000f1b      0x1ab .\CortexM3\ARM_GCC_541\Debug\Teil1.a(cyPm.o)
 .debug_abbrev  0x000010c6       0x14 .\CortexM3\ARM_GCC_541\Debug\Teil1.a(CyBootAsmGnu.o)
 .debug_abbrev  0x000010da      0x1a7 .\CortexM3\ARM_GCC_541\Debug\Teil1.a(CyFlash.o)
 .debug_abbrev  0x00001281      0x194 .\CortexM3\ARM_GCC_541\Debug\Teil1.a(CySpc.o)

.debug_line     0x00000000     0x212d
 *(.debug_line)
 .debug_line    0x00000000      0x218 .\CortexM3\ARM_GCC_541\Debug\main.o
 .debug_line    0x00000218      0x208 .\CortexM3\ARM_GCC_541\Debug\cyfitter_cfg.o
 .debug_line    0x00000420      0x141 .\CortexM3\ARM_GCC_541\Debug\cymetadata.o
 .debug_line    0x00000561      0x234 .\CortexM3\ARM_GCC_541\Debug\Cm3Start.o
 .debug_line    0x00000795       0xcc .\CortexM3\ARM_GCC_541\Debug\Teil1.a(PGA_1.o)
 .debug_line    0x00000861       0xe4 .\CortexM3\ARM_GCC_541\Debug\Teil1.a(VDAC8_1.o)
 .debug_line    0x00000945      0x220 .\CortexM3\ARM_GCC_541\Debug\Teil1.a(ADC_SAR_1.o)
 .debug_line    0x00000b65       0x56 .\CortexM3\ARM_GCC_541\Debug\Teil1.a(ADC_SAR_1_INT.o)
 .debug_line    0x00000bbb      0x1f4 .\CortexM3\ARM_GCC_541\Debug\Teil1.a(UART_1.o)
 .debug_line    0x00000daf      0x1a3 .\CortexM3\ARM_GCC_541\Debug\Teil1.a(ADC_SAR_1_theACLK.o)
 .debug_line    0x00000f52      0x17e .\CortexM3\ARM_GCC_541\Debug\Teil1.a(UART_1_IntClock.o)
 .debug_line    0x000010d0      0x816 .\CortexM3\ARM_GCC_541\Debug\Teil1.a(CyLib.o)
 .debug_line    0x000018e6      0x367 .\CortexM3\ARM_GCC_541\Debug\Teil1.a(cyPm.o)
 .debug_line    0x00001c4d       0x66 .\CortexM3\ARM_GCC_541\Debug\Teil1.a(CyBootAsmGnu.o)
 .debug_line    0x00001cb3      0x21a .\CortexM3\ARM_GCC_541\Debug\Teil1.a(CyFlash.o)
 .debug_line    0x00001ecd      0x260 .\CortexM3\ARM_GCC_541\Debug\Teil1.a(CySpc.o)

.debug_frame    0x00000000     0x191c
 *(.debug_frame)
 .debug_frame   0x00000000       0x2c .\CortexM3\ARM_GCC_541\Debug\main.o
 .debug_frame   0x0000002c       0xfc .\CortexM3\ARM_GCC_541\Debug\cyfitter_cfg.o
 .debug_frame   0x00000128       0xb8 .\CortexM3\ARM_GCC_541\Debug\Cm3Start.o
 .debug_frame   0x000001e0       0x9c .\CortexM3\ARM_GCC_541\Debug\Teil1.a(PGA_1.o)
 .debug_frame   0x0000027c       0xb4 .\CortexM3\ARM_GCC_541\Debug\Teil1.a(VDAC8_1.o)
 .debug_frame   0x00000330      0x1b0 .\CortexM3\ARM_GCC_541\Debug\Teil1.a(ADC_SAR_1.o)
 .debug_frame   0x000004e0       0x20 .\CortexM3\ARM_GCC_541\Debug\Teil1.a(ADC_SAR_1_INT.o)
 .debug_frame   0x00000500      0x198 .\CortexM3\ARM_GCC_541\Debug\Teil1.a(UART_1.o)
 .debug_frame   0x00000698      0x100 .\CortexM3\ARM_GCC_541\Debug\Teil1.a(ADC_SAR_1_theACLK.o)
 .debug_frame   0x00000798       0xe0 .\CortexM3\ARM_GCC_541\Debug\Teil1.a(UART_1_IntClock.o)
 .debug_frame   0x00000878      0x738 .\CortexM3\ARM_GCC_541\Debug\Teil1.a(CyLib.o)
 .debug_frame   0x00000fb0      0x1f8 .\CortexM3\ARM_GCC_541\Debug\Teil1.a(cyPm.o)
 .debug_frame   0x000011a8      0x194 .\CortexM3\ARM_GCC_541\Debug\Teil1.a(CyFlash.o)
 .debug_frame   0x0000133c      0x180 .\CortexM3\ARM_GCC_541\Debug\Teil1.a(CySpc.o)
 .debug_frame   0x000014bc       0x44 c:/program files (x86)/cypress/psoc creator/4.2/psoc creator/import/gnu/arm/5.4.1/bin/../lib/gcc/arm-none-eabi/5.4.1/armv7-m\libgcc.a(_aeabi_ldivmod.o)
 .debug_frame   0x00001500       0x38 c:/program files (x86)/cypress/psoc creator/4.2/psoc creator/import/gnu/arm/5.4.1/bin/../lib/gcc/arm-none-eabi/5.4.1/armv7-m\libgcc.a(_udivmoddi4.o)
 .debug_frame   0x00001538       0x20 c:/program files (x86)/cypress/psoc creator/4.2/psoc creator/import/gnu/arm/5.4.1/bin/../lib/gcc/arm-none-eabi/5.4.1/../../../../arm-none-eabi/lib/armv7-m\libg_nano.a(lib_a-errno.o)
 .debug_frame   0x00001558       0x28 c:/program files (x86)/cypress/psoc creator/4.2/psoc creator/import/gnu/arm/5.4.1/bin/../lib/gcc/arm-none-eabi/5.4.1/../../../../arm-none-eabi/lib/armv7-m\libg_nano.a(lib_a-exit.o)
 .debug_frame   0x00001580       0x2c c:/program files (x86)/cypress/psoc creator/4.2/psoc creator/import/gnu/arm/5.4.1/bin/../lib/gcc/arm-none-eabi/5.4.1/../../../../arm-none-eabi/lib/armv7-m\libg_nano.a(lib_a-init.o)
 .debug_frame   0x000015ac       0x28 c:/program files (x86)/cypress/psoc creator/4.2/psoc creator/import/gnu/arm/5.4.1/bin/../lib/gcc/arm-none-eabi/5.4.1/../../../../arm-none-eabi/lib/armv7-m\libg_nano.a(lib_a-memcpy-stub.o)
 .debug_frame   0x000015d4       0x20 c:/program files (x86)/cypress/psoc creator/4.2/psoc creator/import/gnu/arm/5.4.1/bin/../lib/gcc/arm-none-eabi/5.4.1/../../../../arm-none-eabi/lib/armv7-m\libg_nano.a(lib_a-memset.o)
 .debug_frame   0x000015f4       0x70 c:/program files (x86)/cypress/psoc creator/4.2/psoc creator/import/gnu/arm/5.4.1/bin/../lib/gcc/arm-none-eabi/5.4.1/../../../../arm-none-eabi/lib/armv7-m\libg_nano.a(lib_a-sprintf.o)
 .debug_frame   0x00001664       0x90 c:/program files (x86)/cypress/psoc creator/4.2/psoc creator/import/gnu/arm/5.4.1/bin/../lib/gcc/arm-none-eabi/5.4.1/../../../../arm-none-eabi/lib/armv7-m\libg_nano.a(lib_a-nano-svfprintf.o)
 .debug_frame   0x000016f4       0x60 c:/program files (x86)/cypress/psoc creator/4.2/psoc creator/import/gnu/arm/5.4.1/bin/../lib/gcc/arm-none-eabi/5.4.1/../../../../arm-none-eabi/lib/armv7-m\libg_nano.a(lib_a-nano-vfprintf_i.o)
 .debug_frame   0x00001754       0x28 c:/program files (x86)/cypress/psoc creator/4.2/psoc creator/import/gnu/arm/5.4.1/bin/../lib/gcc/arm-none-eabi/5.4.1/../../../../arm-none-eabi/lib/armv7-m\libg_nano.a(lib_a-memchr-stub.o)
 .debug_frame   0x0000177c       0x28 c:/program files (x86)/cypress/psoc creator/4.2/psoc creator/import/gnu/arm/5.4.1/bin/../lib/gcc/arm-none-eabi/5.4.1/../../../../arm-none-eabi/lib/armv7-m\libg_nano.a(lib_a-memmove.o)
 .debug_frame   0x000017a4       0x38 c:/program files (x86)/cypress/psoc creator/4.2/psoc creator/import/gnu/arm/5.4.1/bin/../lib/gcc/arm-none-eabi/5.4.1/../../../../arm-none-eabi/lib/armv7-m\libg_nano.a(lib_a-nano-freer.o)
 .debug_frame   0x000017dc       0x2c c:/program files (x86)/cypress/psoc creator/4.2/psoc creator/import/gnu/arm/5.4.1/bin/../lib/gcc/arm-none-eabi/5.4.1/../../../../arm-none-eabi/lib/armv7-m\libg_nano.a(lib_a-nano-mallocr.o)
 .debug_frame   0x00001808       0x3c c:/program files (x86)/cypress/psoc creator/4.2/psoc creator/import/gnu/arm/5.4.1/bin/../lib/gcc/arm-none-eabi/5.4.1/../../../../arm-none-eabi/lib/armv7-m\libg_nano.a(lib_a-nano-reallocr.o)
 .debug_frame   0x00001844       0x2c c:/program files (x86)/cypress/psoc creator/4.2/psoc creator/import/gnu/arm/5.4.1/bin/../lib/gcc/arm-none-eabi/5.4.1/../../../../arm-none-eabi/lib/armv7-m\libg_nano.a(lib_a-sbrkr.o)
 .debug_frame   0x00001870       0x30 c:/program files (x86)/cypress/psoc creator/4.2/psoc creator/import/gnu/arm/5.4.1/bin/../lib/gcc/arm-none-eabi/5.4.1/../../../../arm-none-eabi/lib/armv7-m\libg_nano.a(lib_a-mlock.o)
 .debug_frame   0x000018a0       0x20 c:/program files (x86)/cypress/psoc creator/4.2/psoc creator/import/gnu/arm/5.4.1/bin/../lib/gcc/arm-none-eabi/5.4.1/../../../../arm-none-eabi/lib/armv7-m\libg_nano.a(lib_a-nano-msizer.o)
 .debug_frame   0x000018c0       0x5c c:/program files (x86)/cypress/psoc creator/4.2/psoc creator/import/gnu/arm/5.4.1/bin/../lib/gcc/arm-none-eabi/5.4.1/../../../../arm-none-eabi/lib/armv7-m\libg_nano.a(lib_a-reent.o)

.debug_str      0x00000000     0x1c3a
 *(.debug_str)
 .debug_str     0x00000000      0x21a .\CortexM3\ARM_GCC_541\Debug\main.o
                                0x262 (size before relaxing)
 .debug_str     0x0000021a      0x18a .\CortexM3\ARM_GCC_541\Debug\cyfitter_cfg.o
                                0x325 (size before relaxing)
 .debug_str     0x000003a4       0x7f .\CortexM3\ARM_GCC_541\Debug\cymetadata.o
                                0x1f0 (size before relaxing)
 .debug_str     0x00000423      0x144 .\CortexM3\ARM_GCC_541\Debug\Cm3Start.o
                                0x316 (size before relaxing)
 .debug_str     0x00000567       0x9d .\CortexM3\ARM_GCC_541\Debug\Teil1.a(PGA_1.o)
                                0x23b (size before relaxing)
 .debug_str     0x00000604       0xae .\CortexM3\ARM_GCC_541\Debug\Teil1.a(VDAC8_1.o)
                                0x23f (size before relaxing)
 .debug_str     0x000006b2      0x272 .\CortexM3\ARM_GCC_541\Debug\Teil1.a(ADC_SAR_1.o)
                                0x4c9 (size before relaxing)
 .debug_str     0x00000924       0x35 .\CortexM3\ARM_GCC_541\Debug\Teil1.a(ADC_SAR_1_INT.o)
                                0x1a7 (size before relaxing)
 .debug_str     0x00000959      0x1d2 .\CortexM3\ARM_GCC_541\Debug\Teil1.a(UART_1.o)
                                0x3d4 (size before relaxing)
 .debug_str     0x00000b2b      0x20d .\CortexM3\ARM_GCC_541\Debug\Teil1.a(ADC_SAR_1_theACLK.o)
                                0x3c1 (size before relaxing)
 .debug_str     0x00000d38      0x14c .\CortexM3\ARM_GCC_541\Debug\Teil1.a(UART_1_IntClock.o)
                                0x35a (size before relaxing)
 .debug_str     0x00000e84      0x7ea .\CortexM3\ARM_GCC_541\Debug\Teil1.a(CyLib.o)
                                0xa53 (size before relaxing)
 .debug_str     0x0000166e      0x365 .\CortexM3\ARM_GCC_541\Debug\Teil1.a(cyPm.o)
                                0x73f (size before relaxing)
 .debug_str     0x000019d3      0x1bb .\CortexM3\ARM_GCC_541\Debug\Teil1.a(CyFlash.o)
                                0x3cc (size before relaxing)
 .debug_str     0x00001b8e       0xac .\CortexM3\ARM_GCC_541\Debug\Teil1.a(CySpc.o)
                                0x344 (size before relaxing)

.debug_loc      0x00000000     0x21e4
 *(.debug_loc)
 .debug_loc     0x00000000      0x216 .\CortexM3\ARM_GCC_541\Debug\cyfitter_cfg.o
 .debug_loc     0x00000216      0x144 .\CortexM3\ARM_GCC_541\Debug\Cm3Start.o
 .debug_loc     0x0000035a       0x60 .\CortexM3\ARM_GCC_541\Debug\Teil1.a(PGA_1.o)
 .debug_loc     0x000003ba       0x79 .\CortexM3\ARM_GCC_541\Debug\Teil1.a(VDAC8_1.o)
 .debug_loc     0x00000433      0x295 .\CortexM3\ARM_GCC_541\Debug\Teil1.a(ADC_SAR_1.o)
 .debug_loc     0x000006c8      0x1f7 .\CortexM3\ARM_GCC_541\Debug\Teil1.a(UART_1.o)
 .debug_loc     0x000008bf      0x14d .\CortexM3\ARM_GCC_541\Debug\Teil1.a(ADC_SAR_1_theACLK.o)
 .debug_loc     0x00000a0c      0x12c .\CortexM3\ARM_GCC_541\Debug\Teil1.a(UART_1_IntClock.o)
 .debug_loc     0x00000b38      0xa11 .\CortexM3\ARM_GCC_541\Debug\Teil1.a(CyLib.o)
 .debug_loc     0x00001549      0x1e4 .\CortexM3\ARM_GCC_541\Debug\Teil1.a(cyPm.o)
 .debug_loc     0x0000172d      0x3b2 .\CortexM3\ARM_GCC_541\Debug\Teil1.a(CyFlash.o)
 .debug_loc     0x00001adf      0x705 .\CortexM3\ARM_GCC_541\Debug\Teil1.a(CySpc.o)

.debug_macinfo
 *(.debug_macinfo)

.debug_ranges   0x00000000      0x718
 *(.debug_ranges)
 .debug_ranges  0x00000000       0x10 .\CortexM3\ARM_GCC_541\Debug\main.o
 .debug_ranges  0x00000010       0x48 .\CortexM3\ARM_GCC_541\Debug\cyfitter_cfg.o
 .debug_ranges  0x00000058       0x38 .\CortexM3\ARM_GCC_541\Debug\Cm3Start.o
 .debug_ranges  0x00000090       0x38 .\CortexM3\ARM_GCC_541\Debug\Teil1.a(PGA_1.o)
 .debug_ranges  0x000000c8       0x48 .\CortexM3\ARM_GCC_541\Debug\Teil1.a(VDAC8_1.o)
 .debug_ranges  0x00000110       0x98 .\CortexM3\ARM_GCC_541\Debug\Teil1.a(ADC_SAR_1.o)
 .debug_ranges  0x000001a8       0x10 .\CortexM3\ARM_GCC_541\Debug\Teil1.a(ADC_SAR_1_INT.o)
 .debug_ranges  0x000001b8       0x90 .\CortexM3\ARM_GCC_541\Debug\Teil1.a(UART_1.o)
 .debug_ranges  0x00000248       0x70 .\CortexM3\ARM_GCC_541\Debug\Teil1.a(ADC_SAR_1_theACLK.o)
 .debug_ranges  0x000002b8       0x60 .\CortexM3\ARM_GCC_541\Debug\Teil1.a(UART_1_IntClock.o)
 .debug_ranges  0x00000318      0x290 .\CortexM3\ARM_GCC_541\Debug\Teil1.a(CyLib.o)
 .debug_ranges  0x000005a8       0x88 .\CortexM3\ARM_GCC_541\Debug\Teil1.a(cyPm.o)
 .debug_ranges  0x00000630       0x78 .\CortexM3\ARM_GCC_541\Debug\Teil1.a(CyFlash.o)
 .debug_ranges  0x000006a8       0x70 .\CortexM3\ARM_GCC_541\Debug\Teil1.a(CySpc.o)

.comment        0x00000000       0x6e
 .comment       0x00000000       0x6e .\CortexM3\ARM_GCC_541\Debug\main.o
                                 0x6f (size before relaxing)
 .comment       0x0000006e       0x6f .\CortexM3\ARM_GCC_541\Debug\cyfitter_cfg.o
 .comment       0x0000006e       0x6f .\CortexM3\ARM_GCC_541\Debug\cymetadata.o
 .comment       0x0000006e       0x6f .\CortexM3\ARM_GCC_541\Debug\Cm3Start.o
 .comment       0x0000006e       0x6f .\CortexM3\ARM_GCC_541\Debug\Teil1.a(PGA_1.o)
 .comment       0x0000006e       0x6f .\CortexM3\ARM_GCC_541\Debug\Teil1.a(VDAC8_1.o)
 .comment       0x0000006e       0x6f .\CortexM3\ARM_GCC_541\Debug\Teil1.a(ADC_SAR_1.o)
 .comment       0x0000006e       0x6f .\CortexM3\ARM_GCC_541\Debug\Teil1.a(ADC_SAR_1_INT.o)
 .comment       0x0000006e       0x6f .\CortexM3\ARM_GCC_541\Debug\Teil1.a(UART_1.o)
 .comment       0x0000006e       0x6f .\CortexM3\ARM_GCC_541\Debug\Teil1.a(ADC_SAR_1_theACLK.o)
 .comment       0x0000006e       0x6f .\CortexM3\ARM_GCC_541\Debug\Teil1.a(UART_1_IntClock.o)
 .comment       0x0000006e       0x6f .\CortexM3\ARM_GCC_541\Debug\Teil1.a(CyLib.o)
 .comment       0x0000006e       0x6f .\CortexM3\ARM_GCC_541\Debug\Teil1.a(cyPm.o)
 .comment       0x0000006e       0x6f .\CortexM3\ARM_GCC_541\Debug\Teil1.a(CyFlash.o)
 .comment       0x0000006e       0x6f .\CortexM3\ARM_GCC_541\Debug\Teil1.a(CySpc.o)

.debug_weaknames
 *(.debug_weaknames)

.debug_funcnames
 *(.debug_funcnames)

.debug_typenames
 *(.debug_typenames)

.debug_varnames
 *(.debug_varnames)

.note.gnu.arm.ident
 *(.note.gnu.arm.ident)

.ARM.attributes
                0x00000000       0x29
 *(.ARM.attributes)
 .ARM.attributes
                0x00000000       0x1d c:/program files (x86)/cypress/psoc creator/4.2/psoc creator/import/gnu/arm/5.4.1/bin/../lib/gcc/arm-none-eabi/5.4.1/armv7-m/crti.o
 .ARM.attributes
                0x0000001d       0x2d c:/program files (x86)/cypress/psoc creator/4.2/psoc creator/import/gnu/arm/5.4.1/bin/../lib/gcc/arm-none-eabi/5.4.1/armv7-m/crtbegin.o
 .ARM.attributes
                0x0000004a       0x1b c:/program files (x86)/cypress/psoc creator/4.2/psoc creator/import/gnu/arm/5.4.1/bin/../lib/gcc/arm-none-eabi/5.4.1/../../../../arm-none-eabi/lib/armv7-m/crt0.o
 .ARM.attributes
                0x00000065       0x33 .\CortexM3\ARM_GCC_541\Debug\main.o
 .ARM.attributes
                0x00000098       0x33 .\CortexM3\ARM_GCC_541\Debug\cyfitter_cfg.o
 .ARM.attributes
                0x000000cb       0x33 .\CortexM3\ARM_GCC_541\Debug\cymetadata.o
 .ARM.attributes
                0x000000fe       0x33 .\CortexM3\ARM_GCC_541\Debug\Cm3Start.o
 .ARM.attributes
                0x00000131       0x33 .\CortexM3\ARM_GCC_541\Debug\Teil1.a(PGA_1.o)
 .ARM.attributes
                0x00000164       0x33 .\CortexM3\ARM_GCC_541\Debug\Teil1.a(VDAC8_1.o)
 .ARM.attributes
                0x00000197       0x33 .\CortexM3\ARM_GCC_541\Debug\Teil1.a(ADC_SAR_1.o)
 .ARM.attributes
                0x000001ca       0x33 .\CortexM3\ARM_GCC_541\Debug\Teil1.a(ADC_SAR_1_INT.o)
 .ARM.attributes
                0x000001fd       0x33 .\CortexM3\ARM_GCC_541\Debug\Teil1.a(UART_1.o)
 .ARM.attributes
                0x00000230       0x33 .\CortexM3\ARM_GCC_541\Debug\Teil1.a(ADC_SAR_1_theACLK.o)
 .ARM.attributes
                0x00000263       0x33 .\CortexM3\ARM_GCC_541\Debug\Teil1.a(UART_1_IntClock.o)
 .ARM.attributes
                0x00000296       0x33 .\CortexM3\ARM_GCC_541\Debug\Teil1.a(CyLib.o)
 .ARM.attributes
                0x000002c9       0x33 .\CortexM3\ARM_GCC_541\Debug\Teil1.a(cyPm.o)
 .ARM.attributes
                0x000002fc       0x21 .\CortexM3\ARM_GCC_541\Debug\Teil1.a(CyBootAsmGnu.o)
 .ARM.attributes
                0x0000031d       0x33 .\CortexM3\ARM_GCC_541\Debug\Teil1.a(CyFlash.o)
 .ARM.attributes
                0x00000350       0x33 .\CortexM3\ARM_GCC_541\Debug\Teil1.a(CySpc.o)
 .ARM.attributes
                0x00000383       0x1d c:/program files (x86)/cypress/psoc creator/4.2/psoc creator/import/gnu/arm/5.4.1/bin/../lib/gcc/arm-none-eabi/5.4.1/armv7-m\libgcc.a(_arm_addsubsf3.o)
 .ARM.attributes
                0x000003a0       0x1d c:/program files (x86)/cypress/psoc creator/4.2/psoc creator/import/gnu/arm/5.4.1/bin/../lib/gcc/arm-none-eabi/5.4.1/armv7-m\libgcc.a(_arm_muldivsf3.o)
 .ARM.attributes
                0x000003bd       0x1d c:/program files (x86)/cypress/psoc creator/4.2/psoc creator/import/gnu/arm/5.4.1/bin/../lib/gcc/arm-none-eabi/5.4.1/armv7-m\libgcc.a(_aeabi_ldivmod.o)
 .ARM.attributes
                0x000003da       0x2d c:/program files (x86)/cypress/psoc creator/4.2/psoc creator/import/gnu/arm/5.4.1/bin/../lib/gcc/arm-none-eabi/5.4.1/armv7-m\libgcc.a(_udivmoddi4.o)
 .ARM.attributes
                0x00000407       0x1d c:/program files (x86)/cypress/psoc creator/4.2/psoc creator/import/gnu/arm/5.4.1/bin/../lib/gcc/arm-none-eabi/5.4.1/armv7-m\libgcc.a(_dvmd_tls.o)
 .ARM.attributes
                0x00000424       0x2d c:/program files (x86)/cypress/psoc creator/4.2/psoc creator/import/gnu/arm/5.4.1/bin/../lib/gcc/arm-none-eabi/5.4.1/../../../../arm-none-eabi/lib/armv7-m\libg_nano.a(lib_a-errno.o)
 .ARM.attributes
                0x00000451       0x2d c:/program files (x86)/cypress/psoc creator/4.2/psoc creator/import/gnu/arm/5.4.1/bin/../lib/gcc/arm-none-eabi/5.4.1/../../../../arm-none-eabi/lib/armv7-m\libg_nano.a(lib_a-exit.o)
 .ARM.attributes
                0x0000047e       0x2d c:/program files (x86)/cypress/psoc creator/4.2/psoc creator/import/gnu/arm/5.4.1/bin/../lib/gcc/arm-none-eabi/5.4.1/../../../../arm-none-eabi/lib/armv7-m\libg_nano.a(lib_a-impure.o)
 .ARM.attributes
                0x000004ab       0x2d c:/program files (x86)/cypress/psoc creator/4.2/psoc creator/import/gnu/arm/5.4.1/bin/../lib/gcc/arm-none-eabi/5.4.1/../../../../arm-none-eabi/lib/armv7-m\libg_nano.a(lib_a-init.o)
 .ARM.attributes
                0x000004d8       0x2d c:/program files (x86)/cypress/psoc creator/4.2/psoc creator/import/gnu/arm/5.4.1/bin/../lib/gcc/arm-none-eabi/5.4.1/../../../../arm-none-eabi/lib/armv7-m\libg_nano.a(lib_a-memcpy-stub.o)
 .ARM.attributes
                0x00000505       0x2d c:/program files (x86)/cypress/psoc creator/4.2/psoc creator/import/gnu/arm/5.4.1/bin/../lib/gcc/arm-none-eabi/5.4.1/../../../../arm-none-eabi/lib/armv7-m\libg_nano.a(lib_a-memset.o)
 .ARM.attributes
                0x00000532       0x2d c:/program files (x86)/cypress/psoc creator/4.2/psoc creator/import/gnu/arm/5.4.1/bin/../lib/gcc/arm-none-eabi/5.4.1/../../../../arm-none-eabi/lib/armv7-m\libg_nano.a(lib_a-sprintf.o)
 .ARM.attributes
                0x0000055f       0x2d c:/program files (x86)/cypress/psoc creator/4.2/psoc creator/import/gnu/arm/5.4.1/bin/../lib/gcc/arm-none-eabi/5.4.1/../../../../arm-none-eabi/lib/armv7-m\libg_nano.a(lib_a-nano-svfprintf.o)
 .ARM.attributes
                0x0000058c       0x2d c:/program files (x86)/cypress/psoc creator/4.2/psoc creator/import/gnu/arm/5.4.1/bin/../lib/gcc/arm-none-eabi/5.4.1/../../../../arm-none-eabi/lib/armv7-m\libg_nano.a(lib_a-nano-vfprintf_i.o)
 .ARM.attributes
                0x000005b9       0x2d c:/program files (x86)/cypress/psoc creator/4.2/psoc creator/import/gnu/arm/5.4.1/bin/../lib/gcc/arm-none-eabi/5.4.1/../../../../arm-none-eabi/lib/armv7-m\libg_nano.a(lib_a-memchr-stub.o)
 .ARM.attributes
                0x000005e6       0x2d c:/program files (x86)/cypress/psoc creator/4.2/psoc creator/import/gnu/arm/5.4.1/bin/../lib/gcc/arm-none-eabi/5.4.1/../../../../arm-none-eabi/lib/armv7-m\libg_nano.a(lib_a-memmove.o)
 .ARM.attributes
                0x00000613       0x2d c:/program files (x86)/cypress/psoc creator/4.2/psoc creator/import/gnu/arm/5.4.1/bin/../lib/gcc/arm-none-eabi/5.4.1/../../../../arm-none-eabi/lib/armv7-m\libg_nano.a(lib_a-nano-freer.o)
 .ARM.attributes
                0x00000640       0x2d c:/program files (x86)/cypress/psoc creator/4.2/psoc creator/import/gnu/arm/5.4.1/bin/../lib/gcc/arm-none-eabi/5.4.1/../../../../arm-none-eabi/lib/armv7-m\libg_nano.a(lib_a-nano-mallocr.o)
 .ARM.attributes
                0x0000066d       0x2d c:/program files (x86)/cypress/psoc creator/4.2/psoc creator/import/gnu/arm/5.4.1/bin/../lib/gcc/arm-none-eabi/5.4.1/../../../../arm-none-eabi/lib/armv7-m\libg_nano.a(lib_a-nano-reallocr.o)
 .ARM.attributes
                0x0000069a       0x2d c:/program files (x86)/cypress/psoc creator/4.2/psoc creator/import/gnu/arm/5.4.1/bin/../lib/gcc/arm-none-eabi/5.4.1/../../../../arm-none-eabi/lib/armv7-m\libg_nano.a(lib_a-sbrkr.o)
 .ARM.attributes
                0x000006c7       0x2d c:/program files (x86)/cypress/psoc creator/4.2/psoc creator/import/gnu/arm/5.4.1/bin/../lib/gcc/arm-none-eabi/5.4.1/../../../../arm-none-eabi/lib/armv7-m\libg_nano.a(lib_a-mlock.o)
 .ARM.attributes
                0x000006f4       0x2d c:/program files (x86)/cypress/psoc creator/4.2/psoc creator/import/gnu/arm/5.4.1/bin/../lib/gcc/arm-none-eabi/5.4.1/../../../../arm-none-eabi/lib/armv7-m\libg_nano.a(lib_a-nano-msizer.o)
 .ARM.attributes
                0x00000721       0x2d c:/program files (x86)/cypress/psoc creator/4.2/psoc creator/import/gnu/arm/5.4.1/bin/../lib/gcc/arm-none-eabi/5.4.1/../../../../arm-none-eabi/lib/armv7-m\libg_nano.a(lib_a-reent.o)
 .ARM.attributes
                0x0000074e       0x2d c:/program files (x86)/cypress/psoc creator/4.2/psoc creator/import/gnu/arm/5.4.1/bin/../lib/gcc/arm-none-eabi/5.4.1/armv7-m/crtend.o
 .ARM.attributes
                0x0000077b       0x1d c:/program files (x86)/cypress/psoc creator/4.2/psoc creator/import/gnu/arm/5.4.1/bin/../lib/gcc/arm-none-eabi/5.4.1/armv7-m/crtn.o

/DISCARD/
 *(.note.GNU-stack)
OUTPUT(E:\Praktikum adaptive Sensorelektronik\PSoC Creator\6\Workspace01\Teil1.cydsn\CortexM3\ARM_GCC_541\Debug\Teil1.elf elf32-littlearm)
