Archive member included to satisfy reference by file (symbol)

.\CortexM3\ARM_GCC_541\Debug\Temp1.a(PGA_1.o)
                              .\CortexM3\ARM_GCC_541\Debug\main.o (PGA_1_Start)
.\CortexM3\ARM_GCC_541\Debug\Temp1.a(LCD_1.o)
                              .\CortexM3\ARM_GCC_541\Debug\main.o (LCD_1_PrintString)
.\CortexM3\ARM_GCC_541\Debug\Temp1.a(ADC_SAR_1.o)
                              .\CortexM3\ARM_GCC_541\Debug\main.o (ADC_SAR_1_Start)
.\CortexM3\ARM_GCC_541\Debug\Temp1.a(ADC_SAR_1_INT.o)
                              .\CortexM3\ARM_GCC_541\Debug\Temp1.a(ADC_SAR_1.o) (ADC_SAR_1_ISR)
.\CortexM3\ARM_GCC_541\Debug\Temp1.a(ADC_SAR_1_theACLK.o)
                              .\CortexM3\ARM_GCC_541\Debug\Temp1.a(ADC_SAR_1.o) (ADC_SAR_1_theACLK_SetModeRegister)
.\CortexM3\ARM_GCC_541\Debug\Temp1.a(CyLib.o)
                              .\CortexM3\ARM_GCC_541\Debug\Cm3Start.o (CyHalt)
.\CortexM3\ARM_GCC_541\Debug\Temp1.a(cyPm.o)
                              .\CortexM3\ARM_GCC_541\Debug\Temp1.a(CyLib.o) (CyPmReadStatus)
.\CortexM3\ARM_GCC_541\Debug\Temp1.a(Tx_1.o)
                              .\CortexM3\ARM_GCC_541\Debug\main.o (Tx_1_SetDriveMode)
.\CortexM3\ARM_GCC_541\Debug\Temp1.a(UART_1.o)
                              .\CortexM3\ARM_GCC_541\Debug\main.o (UART_1_Start)
.\CortexM3\ARM_GCC_541\Debug\Temp1.a(UART_1_IntClock.o)
                              .\CortexM3\ARM_GCC_541\Debug\Temp1.a(UART_1.o) (UART_1_IntClock_Start)
.\CortexM3\ARM_GCC_541\Debug\Temp1.a(Clock_1.o)
                              .\CortexM3\ARM_GCC_541\Debug\main.o (Clock_1_Start)
.\CortexM3\ARM_GCC_541\Debug\Temp1.a(PWM_1.o)
                              .\CortexM3\ARM_GCC_541\Debug\main.o (PWM_1_WritePeriod)
.\CortexM3\ARM_GCC_541\Debug\Temp1.a(CyBootAsmGnu.o)
                              .\CortexM3\ARM_GCC_541\Debug\cyfitter_cfg.o (CyDelayCycles)
.\CortexM3\ARM_GCC_541\Debug\Temp1.a(CyFlash.o)
                              .\CortexM3\ARM_GCC_541\Debug\Temp1.a(cyPm.o) (CyFlash_SetWaitCycles)
.\CortexM3\ARM_GCC_541\Debug\Temp1.a(CySpc.o)
                              .\CortexM3\ARM_GCC_541\Debug\Temp1.a(CyFlash.o) (CySpcStart)
c:/program files (x86)/cypress/psoc creator/4.2/psoc creator/import/gnu/arm/5.4.1/bin/../lib/gcc/arm-none-eabi/5.4.1/armv7-m\libgcc.a(_arm_addsubsf3.o)
                              .\CortexM3\ARM_GCC_541\Debug\Temp1.a(ADC_SAR_1.o) (__aeabi_i2f)
c:/program files (x86)/cypress/psoc creator/4.2/psoc creator/import/gnu/arm/5.4.1/bin/../lib/gcc/arm-none-eabi/5.4.1/armv7-m\libgcc.a(_arm_muldivsf3.o)
                              .\CortexM3\ARM_GCC_541\Debug\Temp1.a(ADC_SAR_1.o) (__aeabi_fmul)
c:/program files (x86)/cypress/psoc creator/4.2/psoc creator/import/gnu/arm/5.4.1/bin/../lib/gcc/arm-none-eabi/5.4.1/armv7-m\libgcc.a(_aeabi_ldivmod.o)
                              .\CortexM3\ARM_GCC_541\Debug\Temp1.a(ADC_SAR_1.o) (__aeabi_ldivmod)
c:/program files (x86)/cypress/psoc creator/4.2/psoc creator/import/gnu/arm/5.4.1/bin/../lib/gcc/arm-none-eabi/5.4.1/armv7-m\libgcc.a(_udivmoddi4.o)
                              c:/program files (x86)/cypress/psoc creator/4.2/psoc creator/import/gnu/arm/5.4.1/bin/../lib/gcc/arm-none-eabi/5.4.1/armv7-m\libgcc.a(_aeabi_ldivmod.o) (__udivmoddi4)
c:/program files (x86)/cypress/psoc creator/4.2/psoc creator/import/gnu/arm/5.4.1/bin/../lib/gcc/arm-none-eabi/5.4.1/armv7-m\libgcc.a(_dvmd_tls.o)
                              c:/program files (x86)/cypress/psoc creator/4.2/psoc creator/import/gnu/arm/5.4.1/bin/../lib/gcc/arm-none-eabi/5.4.1/armv7-m\libgcc.a(_aeabi_ldivmod.o) (__aeabi_ldiv0)
c:/program files (x86)/cypress/psoc creator/4.2/psoc creator/import/gnu/arm/5.4.1/bin/../lib/gcc/arm-none-eabi/5.4.1/../../../../arm-none-eabi/lib/armv7-m\libg_nano.a(lib_a-errno.o)
                              .\CortexM3\ARM_GCC_541\Debug\Cm3Start.o (__errno)
c:/program files (x86)/cypress/psoc creator/4.2/psoc creator/import/gnu/arm/5.4.1/bin/../lib/gcc/arm-none-eabi/5.4.1/../../../../arm-none-eabi/lib/armv7-m\libg_nano.a(lib_a-exit.o)
                              c:/program files (x86)/cypress/psoc creator/4.2/psoc creator/import/gnu/arm/5.4.1/bin/../lib/gcc/arm-none-eabi/5.4.1/../../../../arm-none-eabi/lib/armv7-m/crt0.o (exit)
c:/program files (x86)/cypress/psoc creator/4.2/psoc creator/import/gnu/arm/5.4.1/bin/../lib/gcc/arm-none-eabi/5.4.1/../../../../arm-none-eabi/lib/armv7-m\libg_nano.a(lib_a-impure.o)
                              c:/program files (x86)/cypress/psoc creator/4.2/psoc creator/import/gnu/arm/5.4.1/bin/../lib/gcc/arm-none-eabi/5.4.1/../../../../arm-none-eabi/lib/armv7-m\libg_nano.a(lib_a-exit.o) (_global_impure_ptr)
c:/program files (x86)/cypress/psoc creator/4.2/psoc creator/import/gnu/arm/5.4.1/bin/../lib/gcc/arm-none-eabi/5.4.1/../../../../arm-none-eabi/lib/armv7-m\libg_nano.a(lib_a-init.o)
[...]
Memory Configuration

Name             Origin             Length             Attributes
rom              0x00000000         0x00040000         xr
ram              0x1fff8000         0x00010000         xrw
*default*        0x00000000         0xffffffff

Linker script and memory map

LOAD c:/program files (x86)/cypress/psoc creator/4.2/psoc creator/import/gnu/arm/5.4.1/bin/../lib/gcc/arm-none-eabi/5.4.1/armv7-m/crti.o
LOAD c:/program files (x86)/cypress/psoc creator/4.2/psoc creator/import/gnu/arm/5.4.1/bin/../lib/gcc/arm-none-eabi/5.4.1/armv7-m/crtbegin.o
LOAD c:/program files (x86)/cypress/psoc creator/4.2/psoc creator/import/gnu/arm/5.4.1/bin/../lib/gcc/arm-none-eabi/5.4.1/../../../../arm-none-eabi/lib/armv7-m/crt0.o
START GROUP
LOAD .\CortexM3\ARM_GCC_541\Debug\main.o
LOAD .\CortexM3\ARM_GCC_541\Debug\cyfitter_cfg.o
LOAD .\CortexM3\ARM_GCC_541\Debug\cymetadata.o
LOAD .\CortexM3\ARM_GCC_541\Debug\Cm3Start.o
LOAD .\CortexM3\ARM_GCC_541\Debug\Temp1.a
LOAD C:\Program Files (x86)\Cypress\PSoC Creator\4.2\PSoC Creator\psoc\content\cycomponentlibrary\CyComponentLibrary.cylib\CortexM3\ARM_GCC_541\Debug\CyComponentLibrary.a
END GROUP
START GROUP
LOAD c:/program files (x86)/cypress/psoc creator/4.2/psoc creator/import/gnu/arm/5.4.1/bin/../lib/gcc/arm-none-eabi/5.4.1/armv7-m\libgcc.a
LOAD c:/program files (x86)/cypress/psoc creator/4.2/psoc creator/import/gnu/arm/5.4.1/bin/../lib/gcc/arm-none-eabi/5.4.1/../../../../arm-none-eabi/lib/armv7-m\libg_nano.a
LOAD c:/program files (x86)/cypress/psoc creator/4.2/psoc creator/import/gnu/arm/5.4.1/bin/../lib/gcc/arm-none-eabi/5.4.1/../../../../arm-none-eabi/lib/armv7-m\libc_nano.a
END GROUP
START GROUP
LOAD c:/program files (x86)/cypress/psoc creator/4.2/psoc creator/import/gnu/arm/5.4.1/bin/../lib/gcc/arm-none-eabi/5.4.1/armv7-m\libgcc.a
LOAD c:/program files (x86)/cypress/psoc creator/4.2/psoc creator/import/gnu/arm/5.4.1/bin/../lib/gcc/arm-none-eabi/5.4.1/../../../../arm-none-eabi/lib/armv7-m\libc_nano.a
END GROUP
LOAD c:/program files (x86)/cypress/psoc creator/4.2/psoc creator/import/gnu/arm/5.4.1/bin/../lib/gcc/arm-none-eabi/5.4.1/armv7-m/crtend.o
LOAD c:/program files (x86)/cypress/psoc creator/4.2/psoc creator/import/gnu/arm/5.4.1/bin/../lib/gcc/arm-none-eabi/5.4.1/armv7-m/crtn.o
START GROUP
LOAD c:/program files (x86)/cypress/psoc creator/4.2/psoc creator/import/gnu/arm/5.4.1/bin/../lib/gcc/arm-none-eabi/5.4.1/armv7-m\libgcc.a
LOAD c:/program files (x86)/cypress/psoc creator/4.2/psoc creator/import/gnu/arm/5.4.1/bin/../lib/gcc/arm-none-eabi/5.4.1/../../../../arm-none-eabi/lib/armv7-m\libc.a
LOAD c:/program files (x86)/cypress/psoc creator/4.2/psoc creator/import/gnu/arm/5.4.1/bin/../lib/gcc/arm-none-eabi/5.4.1/../../../../arm-none-eabi/lib/armv7-m\libnosys.a
END GROUP
                0x00000000                CY_APPL_ORIGIN = 0x0
                0x00000100                CY_FLASH_ROW_SIZE = 0x100
                0x00000020                CY_ECC_ROW_SIZE = 0x20
                0x00000000                CY_EE_IN_BTLDR = 0x0
                0x00000000                CY_APPL_LOADABLE = 0x0
                0x00000800                CY_EE_SIZE = 0x800
                0x00000001                CY_APPL_NUM = 0x1
                0x00000001                CY_APPL_MAX = 0x1
                0x00000040                CY_METADATA_SIZE = 0x40
                0x00000000                CY_APPL_LOADABLE = 0x0
                0x00000000                CY_CHECKSUM_EXCLUDE_SIZE = ALIGN (0x0, CY_FLASH_ROW_SIZE)
                [!provide]                PROVIDE (__cy_heap_start, _end)
                0x00000001                PROVIDE (__cy_region_num, ((__cy_regions_end - __cy_regions) / 0x10))
                0x20008000                PROVIDE (__cy_stack, (ORIGIN (ram) + LENGTH (ram)))
                [!provide]                PROVIDE (__cy_heap_end, (__cy_stack - 0x800))

.cybootloader   0x00000000        0x0
 *(.cybootloader)
                0x00000000                appl1_start = CY_APPL_ORIGIN?CY_APPL_ORIGIN:ALIGN (CY_FLASH_ROW_SIZE)
                0x0001ff00                appl2_start = (appl1_start + ALIGN ((((LENGTH (rom) - appl1_start) - (0x2 * CY_FLASH_ROW_SIZE)) / 0x2), CY_FLASH_ROW_SIZE))
                0x00000000                appl_start = (CY_APPL_NUM == 0x1)?appl1_start:appl2_start
                0x00000000                ecc_offset = ((appl_start / CY_FLASH_ROW_SIZE) * CY_ECC_ROW_SIZE)
                0x00000000                ee_offset = (CY_APPL_LOADABLE && ! (CY_EE_IN_BTLDR))?((CY_EE_SIZE / CY_APPL_MAX) * (CY_APPL_NUM - 0x1)):0x0
                0x00000800                ee_size = (CY_APPL_LOADABLE && ! (CY_EE_IN_BTLDR))?(CY_EE_SIZE / CY_APPL_MAX):CY_EE_SIZE
                [!provide]                PROVIDE (CY_ECC_OFFSET, ecc_offset)

.text           0x00000000     0x16e8
 CREATE_OBJECT_SYMBOLS
                0x00000000                PROVIDE (__cy_interrupt_vector, RomVectors)
 *(.romvectors)
 .romvectors    0x00000000       0x10 .\CortexM3\ARM_GCC_541\Debug\Cm3Start.o
                0x00000000                RomVectors
                0x00000001                ASSERT ((. != __cy_interrupt_vector), No interrupt vector)
                0x00000001                ASSERT (CY_APPL_ORIGIN?(SIZEOF (.cybootloader) <= CY_APPL_ORIGIN):0x1, Wrong image location)
                0x00000010                PROVIDE (__cy_reset, Reset)
 *(.text.Reset)
 .text.Reset    0x00000010       0x18 .\CortexM3\ARM_GCC_541\Debug\Cm3Start.o
                0x00000010                Reset
                0x00000001                ASSERT ((. != __cy_reset), No reset code)
 *(.dma_init)
                0x00000001                ASSERT ((((appl_start + .) <= 0x10000) || 0x1), DMA Init must be within the first 64k of flash)
 *(.text .text.* .gnu.linkonce.t.*)
 .text          0x00000028       0x5c c:/program files (x86)/cypress/psoc creator/4.2/psoc creator/import/gnu/arm/5.4.1/bin/../lib/gcc/arm-none-eabi/5.4.1/armv7-m/crtbegin.o
 .text.main     0x00000084      0x19c .\CortexM3\ARM_GCC_541\Debug\main.o
                0x00000084                main
 .text.CyClockStartupError
                0x00000220        0x4 .\CortexM3\ARM_GCC_541\Debug\cyfitter_cfg.o
 .text.cfg_write_bytes32
                0x00000224       0x34 .\CortexM3\ARM_GCC_541\Debug\cyfitter_cfg.o
 .text.CYMEMZERO
                0x00000258        0xc .\CortexM3\ARM_GCC_541\Debug\cyfitter_cfg.o
 .text.AnalogSetDefault
                0x00000264       0xa0 .\CortexM3\ARM_GCC_541\Debug\cyfitter_cfg.o
 .text.CYCONFIGCPY
                0x00000304        0x8 .\CortexM3\ARM_GCC_541\Debug\cyfitter_cfg.o
 .text.ClockSetup
                0x0000030c      0x12c .\CortexM3\ARM_GCC_541\Debug\cyfitter_cfg.o
 .text.cyfitter_cfg
                0x00000438       0xf0 .\CortexM3\ARM_GCC_541\Debug\cyfitter_cfg.o
                0x00000438                cyfitter_cfg
 .text.IntDefaultHandler
                0x00000528       0x10 .\CortexM3\ARM_GCC_541\Debug\Cm3Start.o
                0x00000528                IntDefaultHandler
 .text._sbrk    0x00000538       0x30 .\CortexM3\ARM_GCC_541\Debug\Cm3Start.o
                0x00000538                _sbrk
 .text.Start_c  0x00000568       0x4c .\CortexM3\ARM_GCC_541\Debug\Cm3Start.o
                0x00000568                Start_c
 .text.initialize_psoc
                0x000005b4       0x68 .\CortexM3\ARM_GCC_541\Debug\Cm3Start.o
                0x000005b4                initialize_psoc
 .text.PGA_1_Enable
                0x0000061c       0x28 .\CortexM3\ARM_GCC_541\Debug\Temp1.a(PGA_1.o)
                0x0000061c                PGA_1_Enable
 .text.PGA_1_SetPower
                0x00000644       0x18 .\CortexM3\ARM_GCC_541\Debug\Temp1.a(PGA_1.o)
                0x00000644                PGA_1_SetPower
 .text.PGA_1_SetGain
                0x0000065c       0x78 .\CortexM3\ARM_GCC_541\Debug\Temp1.a(PGA_1.o)
                0x0000065c                PGA_1_SetGain
 .text.PGA_1_Init
                0x000006d4       0x34 .\CortexM3\ARM_GCC_541\Debug\Temp1.a(PGA_1.o)
                0x000006d4                PGA_1_Init
 .text.PGA_1_Start
                0x00000708       0x1c .\CortexM3\ARM_GCC_541\Debug\Temp1.a(PGA_1.o)
                0x00000708                PGA_1_Start
 .text.LCD_1_WrCntrlNib
                0x00000724       0x34 .\CortexM3\ARM_GCC_541\Debug\Temp1.a(LCD_1.o)
 .text.LCD_1_WrDatNib
                0x00000758       0x44 .\CortexM3\ARM_GCC_541\Debug\Temp1.a(LCD_1.o)
 .text.LCD_1_IsReady
                0x0000079c       0xe4 .\CortexM3\ARM_GCC_541\Debug\Temp1.a(LCD_1.o)
                0x0000079c                LCD_1_IsReady
 .text.LCD_1_WriteData
                0x00000880       0x18 .\CortexM3\ARM_GCC_541\Debug\Temp1.a(LCD_1.o)
                0x00000880                LCD_1_WriteData
 .text.LCD_1_PrintString
                0x00000898       0x1c .\CortexM3\ARM_GCC_541\Debug\Temp1.a(LCD_1.o)
                0x00000898                LCD_1_PrintString
 .text.LCD_1_PutChar
                0x000008b4        0x8 .\CortexM3\ARM_GCC_541\Debug\Temp1.a(LCD_1.o)
                0x000008b4                LCD_1_PutChar
 .text.LCD_1_WriteControl
                0x000008bc       0x18 .\CortexM3\ARM_GCC_541\Debug\Temp1.a(LCD_1.o)
                0x000008bc                LCD_1_WriteControl
 .text.LCD_1_Init
                0x000008d4       0x6c .\CortexM3\ARM_GCC_541\Debug\Temp1.a(LCD_1.o)
                0x000008d4                LCD_1_Init
 .text.LCD_1_Enable
                0x00000940       0x14 .\CortexM3\ARM_GCC_541\Debug\Temp1.a(LCD_1.o)
                0x00000940                LCD_1_Enable
 .text.LCD_1_Start
                0x00000954       0x1c .\CortexM3\ARM_GCC_541\Debug\Temp1.a(LCD_1.o)
                0x00000954                LCD_1_Start
 .text.LCD_1_Position
                0x00000970       0x3c .\CortexM3\ARM_GCC_541\Debug\Temp1.a(LCD_1.o)
                0x00000970                LCD_1_Position
 .text.ADC_SAR_1_CalcGain
                0x000009ac       0x70 .\CortexM3\ARM_GCC_541\Debug\Temp1.a(ADC_SAR_1.o)
 .text.ADC_SAR_1_Enable
                0x00000a1c       0x94 .\CortexM3\ARM_GCC_541\Debug\Temp1.a(ADC_SAR_1.o)
                0x00000a1c                ADC_SAR_1_Enable
 .text.ADC_SAR_1_SetResolution
                0x00000ab0       0x38 .\CortexM3\ARM_GCC_541\Debug\Temp1.a(ADC_SAR_1.o)
                0x00000ab0                ADC_SAR_1_SetResolution
 .text.ADC_SAR_1_Init
                0x00000ae8       0x3c .\CortexM3\ARM_GCC_541\Debug\Temp1.a(ADC_SAR_1.o)
                0x00000ae8                ADC_SAR_1_Init
 .text.ADC_SAR_1_Start
                0x00000b24       0x1c .\CortexM3\ARM_GCC_541\Debug\Temp1.a(ADC_SAR_1.o)
                0x00000b24                ADC_SAR_1_Start
 .text.ADC_SAR_1_StartConvert
                0x00000b40       0x10 .\CortexM3\ARM_GCC_541\Debug\Temp1.a(ADC_SAR_1.o)
                0x00000b40                ADC_SAR_1_StartConvert
 .text.ADC_SAR_1_IsEndConversion
                0x00000b50       0x24 .\CortexM3\ARM_GCC_541\Debug\Temp1.a(ADC_SAR_1.o)
                0x00000b50                ADC_SAR_1_IsEndConversion
 .text.ADC_SAR_1_GetResult16
                0x00000b74       0x18 .\CortexM3\ARM_GCC_541\Debug\Temp1.a(ADC_SAR_1.o)
                0x00000b74                ADC_SAR_1_GetResult16
 .text.ADC_SAR_1_ISR
                0x00000b8c        0x4 .\CortexM3\ARM_GCC_541\Debug\Temp1.a(ADC_SAR_1_INT.o)
                0x00000b8c                ADC_SAR_1_ISR
 .text.ADC_SAR_1_theACLK_SetModeRegister
                0x00000b90       0x14 .\CortexM3\ARM_GCC_541\Debug\Temp1.a(ADC_SAR_1_theACLK.o)
                0x00000b90                ADC_SAR_1_theACLK_SetModeRegister
 .text.CyHalt   0x00000ba4        0x4 .\CortexM3\ARM_GCC_541\Debug\Temp1.a(CyLib.o)
                0x00000ba4                CyHalt
 .text.CyDelay  0x00000ba8       0x2c .\CortexM3\ARM_GCC_541\Debug\Temp1.a(CyLib.o)
                0x00000ba8                CyDelay
 .text.CyDelayUs
                0x00000bd4       0x14 .\CortexM3\ARM_GCC_541\Debug\Temp1.a(CyLib.o)
                0x00000bd4                CyDelayUs
 .text.CyIntSetVector
                0x00000be8       0x28 .\CortexM3\ARM_GCC_541\Debug\Temp1.a(CyLib.o)
                0x00000be8                CyIntSetVector
 .text.CyIntSetPriority
                0x00000c10       0x30 .\CortexM3\ARM_GCC_541\Debug\Temp1.a(CyLib.o)
                0x00000c10                CyIntSetPriority
 .text.Tx_1_SetDriveMode
                0x00000c40       0x18 .\CortexM3\ARM_GCC_541\Debug\Temp1.a(Tx_1.o)
                0x00000c40                Tx_1_SetDriveMode
 .text.UART_1_Init
                0x00000c58       0x18 .\CortexM3\ARM_GCC_541\Debug\Temp1.a(UART_1.o)
                0x00000c58                UART_1_Init
 .text.UART_1_Enable
                0x00000c70       0x24 .\CortexM3\ARM_GCC_541\Debug\Temp1.a(UART_1.o)
                0x00000c70                UART_1_Enable
 .text.UART_1_Start
                0x00000c94       0x1c .\CortexM3\ARM_GCC_541\Debug\Temp1.a(UART_1.o)
                0x00000c94                UART_1_Start
 .text.UART_1_PutChar
                0x00000cb0       0x18 .\CortexM3\ARM_GCC_541\Debug\Temp1.a(UART_1.o)
                0x00000cb0                UART_1_PutChar
 .text.UART_1_PutString
                0x00000cc8       0x24 .\CortexM3\ARM_GCC_541\Debug\Temp1.a(UART_1.o)
                0x00000cc8                UART_1_PutString
 .text.UART_1_IntClock_Start
                0x00000cec       0x1c .\CortexM3\ARM_GCC_541\Debug\Temp1.a(UART_1_IntClock.o)
                0x00000cec                UART_1_IntClock_Start
 .text.Clock_1_Start
                0x00000d08       0x1c .\CortexM3\ARM_GCC_541\Debug\Temp1.a(Clock_1.o)
                0x00000d08                Clock_1_Start
 .text.PWM_1_Enable
                0x00000d24       0x10 .\CortexM3\ARM_GCC_541\Debug\Temp1.a(PWM_1.o)
                0x00000d24                PWM_1_Enable
 .text.PWM_1_WriteCounter
                0x00000d34        0xc .\CortexM3\ARM_GCC_541\Debug\Temp1.a(PWM_1.o)
                0x00000d34                PWM_1_WriteCounter
 .text.PWM_1_WritePeriod
                0x00000d40        0xc .\CortexM3\ARM_GCC_541\Debug\Temp1.a(PWM_1.o)
                0x00000d40                PWM_1_WritePeriod
 .text.PWM_1_WriteCompare
                0x00000d4c        0xc .\CortexM3\ARM_GCC_541\Debug\Temp1.a(PWM_1.o)
                0x00000d4c                PWM_1_WriteCompare
 .text.PWM_1_SetInterruptMode
                0x00000d58        0xc .\CortexM3\ARM_GCC_541\Debug\Temp1.a(PWM_1.o)
                0x00000d58                PWM_1_SetInterruptMode
 .text.PWM_1_ReadStatusRegister
                0x00000d64        0xc .\CortexM3\ARM_GCC_541\Debug\Temp1.a(PWM_1.o)
                0x00000d64                PWM_1_ReadStatusRegister
 .text.PWM_1_ReadCapture
                0x00000d70        0xc .\CortexM3\ARM_GCC_541\Debug\Temp1.a(PWM_1.o)
                0x00000d70                PWM_1_ReadCapture
 .text.PWM_1_ClearFIFO
                0x00000d7c       0x14 .\CortexM3\ARM_GCC_541\Debug\Temp1.a(PWM_1.o)
                0x00000d7c                PWM_1_ClearFIFO
 .text.PWM_1_Init
                0x00000d90       0x54 .\CortexM3\ARM_GCC_541\Debug\Temp1.a(PWM_1.o)
                0x00000d90                PWM_1_Init
 .text.PWM_1_Start
                0x00000de4       0x1c .\CortexM3\ARM_GCC_541\Debug\Temp1.a(PWM_1.o)
                0x00000de4                PWM_1_Start
 .text          0x00000e00       0x20 .\CortexM3\ARM_GCC_541\Debug\Temp1.a(CyBootAsmGnu.o)
                0x00000e00                CyDelayCycles
                0x00000e10                CyEnterCriticalSection
                0x00000e18                CyExitCriticalSection
 .text.__errno  0x00000e20        0xc c:/program files (x86)/cypress/psoc creator/4.2/psoc creator/import/gnu/arm/5.4.1/bin/../lib/gcc/arm-none-eabi/5.4.1/../../../../arm-none-eabi/lib/armv7-m\libg_nano.a(lib_a-errno.o)
                0x00000e20                __errno
 .text.__libc_init_array
                0x00000e2c       0x4c c:/program files (x86)/cypress/psoc creator/4.2/psoc creator/import/gnu/arm/5.4.1/bin/../lib/gcc/arm-none-eabi/5.4.1/../../../../arm-none-eabi/lib/armv7-m\libg_nano.a(lib_a-init.o)
                0x00000e2c                __libc_init_array
 .text.memcpy   0x00000e78       0x16 c:/program files (x86)/cypress/psoc creator/4.2/psoc creator/import/gnu/arm/5.4.1/bin/../lib/gcc/arm-none-eabi/5.4.1/../../../../arm-none-eabi/lib/armv7-m\libg_nano.a(lib_a-memcpy-stub.o)
                0x00000e78                memcpy
 .text.memset   0x00000e8e       0x10 c:/program files (x86)/cypress/psoc creator/4.2/psoc creator/import/gnu/arm/5.4.1/bin/../lib/gcc/arm-none-eabi/5.4.1/../../../../arm-none-eabi/lib/armv7-m\libg_nano.a(lib_a-memset.o)
                0x00000e8e                memset
 *fill*         0x00000e9e        0x2 
 .text.sprintf  0x00000ea0       0x48 c:/program files (x86)/cypress/psoc creator/4.2/psoc creator/import/gnu/arm/5.4.1/bin/../lib/gcc/arm-none-eabi/5.4.1/../../../../arm-none-eabi/lib/armv7-m\libg_nano.a(lib_a-sprintf.o)
                0x00000ea0                siprintf
                0x00000ea0                sprintf
 .text.__ssputs_r
                0x00000ee8       0xb2 c:/program files (x86)/cypress/psoc creator/4.2/psoc creator/import/gnu/arm/5.4.1/bin/../lib/gcc/arm-none-eabi/5.4.1/../../../../arm-none-eabi/lib/armv7-m\libg_nano.a(lib_a-nano-svfprintf.o)
                0x00000ee8                __ssputs_r
 *fill*         0x00000f9a        0x2 
 .text._svfprintf_r
                0x00000f9c      0x1e8 c:/program files (x86)/cypress/psoc creator/4.2/psoc creator/import/gnu/arm/5.4.1/bin/../lib/gcc/arm-none-eabi/5.4.1/../../../../arm-none-eabi/lib/armv7-m\libg_nano.a(lib_a-nano-svfprintf.o)
                0x00000f9c                _svfiprintf_r
                0x00000f9c                _svfprintf_r
 .text._printf_common
                0x00001184       0xec c:/program files (x86)/cypress/psoc creator/4.2/psoc creator/import/gnu/arm/5.4.1/bin/../lib/gcc/arm-none-eabi/5.4.1/../../../../arm-none-eabi/lib/armv7-m\libg_nano.a(lib_a-nano-vfprintf_i.o)
                0x00001184                _printf_common
 .text._printf_i
                0x00001270      0x24c c:/program files (x86)/cypress/psoc creator/4.2/psoc creator/import/gnu/arm/5.4.1/bin/../lib/gcc/arm-none-eabi/5.4.1/../../../../arm-none-eabi/lib/armv7-m\libg_nano.a(lib_a-nano-vfprintf_i.o)
                0x00001270                _printf_i
 .text.memchr   0x000014bc       0x1c c:/program files (x86)/cypress/psoc creator/4.2/psoc creator/import/gnu/arm/5.4.1/bin/../lib/gcc/arm-none-eabi/5.4.1/../../../../arm-none-eabi/lib/armv7-m\libg_nano.a(lib_a-memchr-stub.o)
                0x000014bc                memchr
 .text.memmove  0x000014d8       0x36 c:/program files (x86)/cypress/psoc creator/4.2/psoc creator/import/gnu/arm/5.4.1/bin/../lib/gcc/arm-none-eabi/5.4.1/../../../../arm-none-eabi/lib/armv7-m\libg_nano.a(lib_a-memmove.o)
                0x000014d8                memmove
 *fill*         0x0000150e        0x2 
 .text._free_r  0x00001510       0x98 c:/program files (x86)/cypress/psoc creator/4.2/psoc creator/import/gnu/arm/5.4.1/bin/../lib/gcc/arm-none-eabi/5.4.1/../../../../arm-none-eabi/lib/armv7-m\libg_nano.a(lib_a-nano-freer.o)
                0x00001510                _free_r
 .text._malloc_r
                0x000015a8       0xbc c:/program files (x86)/cypress/psoc creator/4.2/psoc creator/import/gnu/arm/5.4.1/bin/../lib/gcc/arm-none-eabi/5.4.1/../../../../arm-none-eabi/lib/armv7-m\libg_nano.a(lib_a-nano-mallocr.o)
                0x000015a8                _malloc_r
 .text._realloc_r
                0x00001664       0x4c c:/program files (x86)/cypress/psoc creator/4.2/psoc creator/import/gnu/arm/5.4.1/bin/../lib/gcc/arm-none-eabi/5.4.1/../../../../arm-none-eabi/lib/armv7-m\libg_nano.a(lib_a-nano-reallocr.o)
                0x00001664                _realloc_r
 .text._sbrk_r  0x000016b0       0x20 c:/program files (x86)/cypress/psoc creator/4.2/psoc creator/import/gnu/arm/5.4.1/bin/../lib/gcc/arm-none-eabi/5.4.1/../../../../arm-none-eabi/lib/armv7-m\libg_nano.a(lib_a-sbrkr.o)
                0x000016b0                _sbrk_r
 .text.__malloc_lock
                0x000016d0        0x2 c:/program files (x86)/cypress/psoc creator/4.2/psoc creator/import/gnu/arm/5.4.1/bin/../lib/gcc/arm-none-eabi/5.4.1/../../../../arm-none-eabi/lib/armv7-m\libg_nano.a(lib_a-mlock.o)
                0x000016d0                __malloc_lock
 .text.__malloc_unlock
                0x000016d2        0x2 c:/program files (x86)/cypress/psoc creator/4.2/psoc creator/import/gnu/arm/5.4.1/bin/../lib/gcc/arm-none-eabi/5.4.1/../../../../arm-none-eabi/lib/armv7-m\libg_nano.a(lib_a-mlock.o)
                0x000016d2                __malloc_unlock
 .text._malloc_usable_size_r
                0x000016d4       0x14 c:/program files (x86)/cypress/psoc creator/4.2/psoc creator/import/gnu/arm/5.4.1/bin/../lib/gcc/arm-none-eabi/5.4.1/../../../../arm-none-eabi/lib/armv7-m\libg_nano.a(lib_a-nano-msizer.o)
                0x000016d4                _malloc_usable_size_r
 *(.plt)
 *(.gnu.warning)
 *(.glue_7t)
 .glue_7t       0x000016e8        0x0 linker stubs
 *(.glue_7)
 .glue_7        0x000016e8        0x0 linker stubs
 *(.vfp11_veneer)
 .vfp11_veneer  0x000016e8        0x0 linker stubs
 *(.bootloader)
 *(.ARM.extab* .gnu.linkonce.armextab.*)
 *(.gcc_except_table)

.v4_bx          0x000016e8        0x0
 .v4_bx         0x000016e8        0x0 linker stubs

.iplt           0x000016e8        0x0
 .iplt          0x000016e8        0x0 c:/program files (x86)/cypress/psoc creator/4.2/psoc creator/import/gnu/arm/5.4.1/bin/../lib/gcc/arm-none-eabi/5.4.1/armv7-m/crtbegin.o

.eh_frame_hdr
 *(.eh_frame_hdr)

.eh_frame       0x000016e8        0x4
 *(.eh_frame)
 .eh_frame      0x000016e8        0x0 c:/program files (x86)/cypress/psoc creator/4.2/psoc creator/import/gnu/arm/5.4.1/bin/../lib/gcc/arm-none-eabi/5.4.1/armv7-m/crtbegin.o
 .eh_frame      0x000016e8        0x4 c:/program files (x86)/cypress/psoc creator/4.2/psoc creator/import/gnu/arm/5.4.1/bin/../lib/gcc/arm-none-eabi/5.4.1/armv7-m/crtend.o
                [!provide]                PROVIDE (__exidx_start, .)

.ARM.exidx
 *(.ARM.exidx* .gnu.linkonce.armexidx.*)
                0x000016ec                __exidx_end = .

.rodata         0x000016ec      0x134
 *(.rodata .rodata.* .gnu.linkonce.r.*)
 .rodata.str1.4
                0x000016ec       0x74 .\CortexM3\ARM_GCC_541\Debug\main.o
                                 0x71 (size before relaxing)
 .rodata        0x00001760       0x3c .\CortexM3\ARM_GCC_541\Debug\cyfitter_cfg.o
 .rodata        0x0000179c       0x15 .\CortexM3\ARM_GCC_541\Debug\Temp1.a(PGA_1.o)
 .rodata.str1.1
                0x000017b1        0x2 c:/program files (x86)/cypress/psoc creator/4.2/psoc creator/import/gnu/arm/5.4.1/bin/../lib/gcc/arm-none-eabi/5.4.1/../../../../arm-none-eabi/lib/armv7-m\libg_nano.a(lib_a-impure.o)
 .rodata.str1.1
                0x000017b3       0x11 c:/program files (x86)/cypress/psoc creator/4.2/psoc creator/import/gnu/arm/5.4.1/bin/../lib/gcc/arm-none-eabi/5.4.1/../../../../arm-none-eabi/lib/armv7-m\libg_nano.a(lib_a-nano-svfprintf.o)
 .rodata.str1.1
                0x000017c4       0x22 c:/program files (x86)/cypress/psoc creator/4.2/psoc creator/import/gnu/arm/5.4.1/bin/../lib/gcc/arm-none-eabi/5.4.1/../../../../arm-none-eabi/lib/armv7-m\libg_nano.a(lib_a-nano-vfprintf_i.o)
                0x000017e8                . = ALIGN (0x4)
 *fill*         0x000017e6        0x2 
 *(.init)
 .init          0x000017e8        0x4 c:/program files (x86)/cypress/psoc creator/4.2/psoc creator/import/gnu/arm/5.4.1/bin/../lib/gcc/arm-none-eabi/5.4.1/armv7-m/crti.o
                0x000017e8                _init
 .init          0x000017ec        0x8 c:/program files (x86)/cypress/psoc creator/4.2/psoc creator/import/gnu/arm/5.4.1/bin/../lib/gcc/arm-none-eabi/5.4.1/armv7-m/crtn.o
                0x000017f4                . = ALIGN (0x4)
                0x000017f4                __preinit_array_start = .
 *(.preinit_array)
                0x000017f4                __preinit_array_end = .
                0x000017f4                . = ALIGN (0x4)
                0x000017f4                __init_array_start = .
 *(SORT(.init_array.*))
 *(.init_array)
 .init_array    0x000017f4        0x4 c:/program files (x86)/cypress/psoc creator/4.2/psoc creator/import/gnu/arm/5.4.1/bin/../lib/gcc/arm-none-eabi/5.4.1/armv7-m/crtbegin.o
 .init_array    0x000017f8        0x4 .\CortexM3\ARM_GCC_541\Debug\Cm3Start.o
                0x000017fc                __init_array_end = .
                0x000017fc                . = ALIGN (0x4)
 *(.fini)
 .fini          0x000017fc        0x4 c:/program files (x86)/cypress/psoc creator/4.2/psoc creator/import/gnu/arm/5.4.1/bin/../lib/gcc/arm-none-eabi/5.4.1/armv7-m/crti.o
                0x000017fc                _fini
 .fini          0x00001800        0x8 c:/program files (x86)/cypress/psoc creator/4.2/psoc creator/import/gnu/arm/5.4.1/bin/../lib/gcc/arm-none-eabi/5.4.1/armv7-m/crtn.o
                0x00001808                . = ALIGN (0x4)
                0x00001808                __fini_array_start = .
 *(.fini_array)
 .fini_array    0x00001808        0x4 c:/program files (x86)/cypress/psoc creator/4.2/psoc creator/import/gnu/arm/5.4.1/bin/../lib/gcc/arm-none-eabi/5.4.1/armv7-m/crtbegin.o
 *(SORT(.fini_array.*))
                0x0000180c                __fini_array_end = .
                0x0000180c                . = ALIGN (0x4)
 *crtbegin.o(.ctors)
 *(EXCLUDE_FILE(*crtend.o) .ctors)
 *(SORT(.ctors.*))
 *crtend.o(.ctors)
                0x0000180c                . = ALIGN (0x4)
 *crtbegin.o(.dtors)
 *(EXCLUDE_FILE(*crtend.o) .dtors)
 *(SORT(.dtors.*))
 *crtend.o(.dtors)
                0x0000180c                . = ALIGN (0x4)
                0x0000180c                __cy_regions = .
                0x0000180c        0x4 LONG 0x1820 __cy_region_init_ram
                0x00001810        0x4 LONG 0x1fff80c8 __cy_region_start_data
                0x00001814        0x4 LONG 0x80 __cy_region_init_size_ram
                0x00001818        0x4 LONG 0x70 __cy_region_zero_size_ram
                0x0000181c                __cy_regions_end = .
                0x00001820                . = ALIGN (0x8)
 *fill*         0x0000181c        0x4 
                0x00001820                _etext = .

.cy_checksum_exclude
                0x00001820        0x0
 *(.cy_checksum_exclude)

.ramvectors     0x1fff8000       0xc0
                0x1fff8000                __cy_region_start_ram = .
 *(.ramvectors)
 .ramvectors    0x1fff8000       0xc0 .\CortexM3\ARM_GCC_541\Debug\Cm3Start.o
                0x1fff8000                CyRamVectors

.noinit         0x1fff80c0        0x1
 *(.noinit)
 .noinit        0x1fff80c0        0x1 .\CortexM3\ARM_GCC_541\Debug\Temp1.a(CyLib.o)
                0x1fff80c0                CyResetStatus

.data           0x1fff80c8       0x80 load address 0x00001820
                0x1fff80c8                __cy_region_start_data = .
 *(.jcr)
 .jcr           0x1fff80c8        0x0 c:/program files (x86)/cypress/psoc creator/4.2/psoc creator/import/gnu/arm/5.4.1/bin/../lib/gcc/arm-none-eabi/5.4.1/armv7-m/crtbegin.o
 .jcr           0x1fff80c8        0x4 c:/program files (x86)/cypress/psoc creator/4.2/psoc creator/import/gnu/arm/5.4.1/bin/../lib/gcc/arm-none-eabi/5.4.1/armv7-m/crtend.o
 *(.got.plt)
 *(.got)
 *(.shdata)
 *(.data .data.* .gnu.linkonce.d.*)
 .data          0x1fff80cc        0x4 .\CortexM3\ARM_GCC_541\Debug\Cm3Start.o
 .data          0x1fff80d0       0x10 .\CortexM3\ARM_GCC_541\Debug\Temp1.a(CyLib.o)
                0x1fff80d0                cydelay_32k_ms
                0x1fff80d4                cydelay_freq_khz
                0x1fff80d8                cydelay_freq_mhz
                0x1fff80dc                cydelay_freq_hz
 .data.impure_data
                0x1fff80e0       0x60 c:/program files (x86)/cypress/psoc creator/4.2/psoc creator/import/gnu/arm/5.4.1/bin/../lib/gcc/arm-none-eabi/5.4.1/../../../../arm-none-eabi/lib/armv7-m\libg_nano.a(lib_a-impure.o)
 .data._impure_ptr
                0x1fff8140        0x4 c:/program files (x86)/cypress/psoc creator/4.2/psoc creator/import/gnu/arm/5.4.1/bin/../lib/gcc/arm-none-eabi/5.4.1/../../../../arm-none-eabi/lib/armv7-m\libg_nano.a(lib_a-impure.o)
                0x1fff8140                _impure_ptr
                0x1fff8148                . = ALIGN (0x8)
 *fill*         0x1fff8144        0x4 
 *(.ram)
                0x1fff8148                _edata = .

.igot.plt       0x1fff8148        0x0 load address 0x000018a0
 .igot.plt      0x1fff8148        0x0 c:/program files (x86)/cypress/psoc creator/4.2/psoc creator/import/gnu/arm/5.4.1/bin/../lib/gcc/arm-none-eabi/5.4.1/armv7-m/crtbegin.o

.bss            0x1fff8148       0x70 load address 0x000018a0
                0x1fff8148                PROVIDE (__bss_start__, .)
 *(.shbss)
 *(.bss .bss.* .gnu.linkonce.b.*)
 .bss           0x1fff8148       0x1c c:/program files (x86)/cypress/psoc creator/4.2/psoc creator/import/gnu/arm/5.4.1/bin/../lib/gcc/arm-none-eabi/5.4.1/armv7-m/crtbegin.o
 .bss           0x1fff8164        0x1 .\CortexM3\ARM_GCC_541\Debug\Temp1.a(PGA_1.o)
                0x1fff8164                PGA_1_initVar
 .bss           0x1fff8165        0x2 .\CortexM3\ARM_GCC_541\Debug\Temp1.a(LCD_1.o)
                0x1fff8165                LCD_1_enableState
                0x1fff8166                LCD_1_initVar
 .bss           0x1fff8167        0x1 .\CortexM3\ARM_GCC_541\Debug\Temp1.a(ADC_SAR_1.o)
                0x1fff8167                ADC_SAR_1_initVar
 .bss           0x1fff8168        0x2 .\CortexM3\ARM_GCC_541\Debug\Temp1.a(UART_1.o)
                0x1fff8168                UART_1_initVar
 .bss           0x1fff816a        0x1 .\CortexM3\ARM_GCC_541\Debug\Temp1.a(PWM_1.o)
                0x1fff816a                PWM_1_initVar
 *fill*         0x1fff816b        0x1 
 .bss.__malloc_sbrk_start
                0x1fff816c        0x4 c:/program files (x86)/cypress/psoc creator/4.2/psoc creator/import/gnu/arm/5.4.1/bin/../lib/gcc/arm-none-eabi/5.4.1/../../../../arm-none-eabi/lib/armv7-m\libg_nano.a(lib_a-nano-mallocr.o)
                0x1fff816c                __malloc_sbrk_start
 .bss.__malloc_free_list
                0x1fff8170        0x4 c:/program files (x86)/cypress/psoc creator/4.2/psoc creator/import/gnu/arm/5.4.1/bin/../lib/gcc/arm-none-eabi/5.4.1/../../../../arm-none-eabi/lib/armv7-m\libg_nano.a(lib_a-nano-mallocr.o)
                0x1fff8170                __malloc_free_list
 *(COMMON)
 COMMON         0x1fff8174       0x30 .\CortexM3\ARM_GCC_541\Debug\main.o
                0x1fff8174                buffer2
                0x1fff8184                buffer
                0x1fff8194                toCompare
                0x1fff8198                signBit
                0x1fff819c                result
                0x1fff81a0                toPrint
 COMMON         0x1fff81a4        0xa .\CortexM3\ARM_GCC_541\Debug\Temp1.a(ADC_SAR_1.o)
                0x1fff81a4                ADC_SAR_1_countsPerVolt
                0x1fff81a6                ADC_SAR_1_shift
                0x1fff81a8                ADC_SAR_1_countsPer10Volt
                0x1fff81ac                ADC_SAR_1_offset
 *fill*         0x1fff81ae        0x2 
 COMMON         0x1fff81b0        0x4 c:/program files (x86)/cypress/psoc creator/4.2/psoc creator/import/gnu/arm/5.4.1/bin/../lib/gcc/arm-none-eabi/5.4.1/../../../../arm-none-eabi/lib/armv7-m\libg_nano.a(lib_a-reent.o)
                0x1fff81b0                errno
                0x1fff81b8                . = ALIGN (0x8)
 *fill*         0x1fff81b4        0x4 
 *(.ram.b)
                0x1fff81b8                _end = .
                0x1fff81b8                __end = .
                0x1fff81b8                PROVIDE (end, .)
                0x1fff81b8                PROVIDE (__bss_end__, .)
                0x00001820                __cy_region_init_ram = LOADADDR (.data)
                0x00000080                __cy_region_init_size_ram = (_edata - ADDR (.data))
                0x00000070                __cy_region_zero_size_ram = (_end - _edata)

.heap           0x1fff81b8       0x80 load address 0x000018a0
                0x1fff81b8                . = _end
                0x1fff8238                . = (. + 0x80)
 *fill*         0x1fff81b8       0x80 
                0x1fff8238                __cy_heap_limit = .

.stack          0x20007800      0x800
                0x20007800                __cy_stack_limit = .
                0x20008000                . = (. + 0x800)
 *fill*         0x20007800      0x800 
                0x00000001                ASSERT ((__cy_stack_limit >= __cy_heap_limit), region RAM overflowed with stack)
                0x00000000                cy_checksum_exclude_size = (CY_APPL_LOADABLE == 0x1)?SIZEOF (.cy_checksum_exclude):0x0
                0x00000001                ASSERT ((cy_checksum_exclude_size <= CY_CHECKSUM_EXCLUDE_SIZE), CY_BOOT: Section .cy_checksum_exclude size exceedes specified limit.)

.cyloadermeta
 *(.cyloadermeta)

.cyloadablemeta
 *(.cyloadablemeta)

.cyconfigecc    0x80000000      0x268
 *(.cyconfigecc)
 .cyconfigecc   0x80000000      0x268 .\CortexM3\ARM_GCC_541\Debug\cymetadata.o
                0x80000000                cy_meta_configecc

.cycustnvl      0x90000000        0x4
 *(.cycustnvl)
 .cycustnvl     0x90000000        0x4 .\CortexM3\ARM_GCC_541\Debug\cymetadata.o
                0x90000000                cy_meta_custnvl

.cywolatch      0x90100000        0x4
 *(.cywolatch)
 .cywolatch     0x90100000        0x4 .\CortexM3\ARM_GCC_541\Debug\cymetadata.o
                0x90100000                cy_meta_wonvl

.cyeeprom       0x90200000        0x0
 *(.cyeeprom)
                0x00000001                ASSERT ((. <= ((0x90200000 + ee_offset) + ee_size)), .cyeeprom data will not fit in EEPROM)

.cyflashprotect
                0x90400000      0x100
 *(.cyflashprotect)
 .cyflashprotect
                0x90400000      0x100 .\CortexM3\ARM_GCC_541\Debug\cymetadata.o
                0x90400000                cy_meta_flashprotect

.cymeta         0x90500000        0xc
 *(.cymeta)
 .cymeta        0x90500000        0xc .\CortexM3\ARM_GCC_541\Debug\cymetadata.o
                0x90500000                cy_metadata

.rel.dyn        0x000018a0        0x0 load address 0x9050000c
 .rel.iplt      0x000018a0        0x0 c:/program files (x86)/cypress/psoc creator/4.2/psoc creator/import/gnu/arm/5.4.1/bin/../lib/gcc/arm-none-eabi/5.4.1/armv7-m/crtbegin.o

.stab
 *(.stab)

.stabstr
 *(.stabstr)

.debug
 *(.debug)

.line
 *(.line)

.debug_srcinfo
 *(.debug_srcinfo)

.debug_sfnames
 *(.debug_sfnames)

.debug_aranges  0x00000000      0x9b0
 *(.debug_aranges)
 .debug_aranges
                0x00000000       0x20 .\CortexM3\ARM_GCC_541\Debug\main.o
 .debug_aranges
                0x00000020       0x58 .\CortexM3\ARM_GCC_541\Debug\cyfitter_cfg.o
 .debug_aranges
                0x00000078       0x18 .\CortexM3\ARM_GCC_541\Debug\cymetadata.o
 .debug_aranges
                0x00000090       0x48 .\CortexM3\ARM_GCC_541\Debug\Cm3Start.o
 .debug_aranges
                0x000000d8       0x48 .\CortexM3\ARM_GCC_541\Debug\Temp1.a(PGA_1.o)
 .debug_aranges
                0x00000120       0x98 .\CortexM3\ARM_GCC_541\Debug\Temp1.a(LCD_1.o)
 .debug_aranges
                0x000001b8       0xa8 .\CortexM3\ARM_GCC_541\Debug\Temp1.a(ADC_SAR_1.o)
 .debug_aranges
                0x00000260       0x20 .\CortexM3\ARM_GCC_541\Debug\Temp1.a(ADC_SAR_1_INT.o)
 .debug_aranges
                0x00000280       0x80 .\CortexM3\ARM_GCC_541\Debug\Temp1.a(ADC_SAR_1_theACLK.o)
 .debug_aranges
                0x00000300      0x2a0 .\CortexM3\ARM_GCC_541\Debug\Temp1.a(CyLib.o)
 .debug_aranges
                0x000005a0       0x98 .\CortexM3\ARM_GCC_541\Debug\Temp1.a(cyPm.o)
 .debug_aranges
                0x00000638       0x38 .\CortexM3\ARM_GCC_541\Debug\Temp1.a(Tx_1.o)
 .debug_aranges
                0x00000670       0xa0 .\CortexM3\ARM_GCC_541\Debug\Temp1.a(UART_1.o)
 .debug_aranges
                0x00000710       0x70 .\CortexM3\ARM_GCC_541\Debug\Temp1.a(UART_1_IntClock.o)
 .debug_aranges
                0x00000780       0x70 .\CortexM3\ARM_GCC_541\Debug\Temp1.a(Clock_1.o)
 .debug_aranges
                0x000007f0       0x98 .\CortexM3\ARM_GCC_541\Debug\Temp1.a(PWM_1.o)
 .debug_aranges
                0x00000888       0x20 .\CortexM3\ARM_GCC_541\Debug\Temp1.a(CyBootAsmGnu.o)
 .debug_aranges
                0x000008a8       0x88 .\CortexM3\ARM_GCC_541\Debug\Temp1.a(CyFlash.o)
 .debug_aranges
                0x00000930       0x80 .\CortexM3\ARM_GCC_541\Debug\Temp1.a(CySpc.o)

.debug_pubnames
 *(.debug_pubnames)

.debug_info     0x00000000     0x5905
 *(.debug_info .gnu.linkonce.wi.*)
 .debug_info    0x00000000      0x51e .\CortexM3\ARM_GCC_541\Debug\main.o
 .debug_info    0x0000051e      0x550 .\CortexM3\ARM_GCC_541\Debug\cyfitter_cfg.o
 .debug_info    0x00000a6e      0x135 .\CortexM3\ARM_GCC_541\Debug\cymetadata.o
 .debug_info    0x00000ba3      0x3bb .\CortexM3\ARM_GCC_541\Debug\Cm3Start.o
 .debug_info    0x00000f5e      0x1d3 .\CortexM3\ARM_GCC_541\Debug\Temp1.a(PGA_1.o)
 .debug_info    0x00001131      0x715 .\CortexM3\ARM_GCC_541\Debug\Temp1.a(LCD_1.o)
 .debug_info    0x00001846      0x5d0 .\CortexM3\ARM_GCC_541\Debug\Temp1.a(ADC_SAR_1.o)
 .debug_info    0x00001e16       0x92 .\CortexM3\ARM_GCC_541\Debug\Temp1.a(ADC_SAR_1_INT.o)
 .debug_info    0x00001ea8      0x2c4 .\CortexM3\ARM_GCC_541\Debug\Temp1.a(ADC_SAR_1_theACLK.o)
 .debug_info    0x0000216c     0x1374 .\CortexM3\ARM_GCC_541\Debug\Temp1.a(CyLib.o)
 .debug_info    0x000034e0      0xa2a .\CortexM3\ARM_GCC_541\Debug\Temp1.a(cyPm.o)
 .debug_info    0x00003f0a      0x11f .\CortexM3\ARM_GCC_541\Debug\Temp1.a(Tx_1.o)
 .debug_info    0x00004029      0x45c .\CortexM3\ARM_GCC_541\Debug\Temp1.a(UART_1.o)
 .debug_info    0x00004485      0x283 .\CortexM3\ARM_GCC_541\Debug\Temp1.a(UART_1_IntClock.o)
 .debug_info    0x00004708      0x283 .\CortexM3\ARM_GCC_541\Debug\Temp1.a(Clock_1.o)
 .debug_info    0x0000498b      0x334 .\CortexM3\ARM_GCC_541\Debug\Temp1.a(PWM_1.o)
 .debug_info    0x00004cbf       0xa9 .\CortexM3\ARM_GCC_541\Debug\Temp1.a(CyBootAsmGnu.o)
 .debug_info    0x00004d68      0x64d .\CortexM3\ARM_GCC_541\Debug\Temp1.a(CyFlash.o)
 .debug_info    0x000053b5      0x550 .\CortexM3\ARM_GCC_541\Debug\Temp1.a(CySpc.o)

.debug_abbrev   0x00000000     0x1798
 *(.debug_abbrev)
 .debug_abbrev  0x00000000       0xf8 .\CortexM3\ARM_GCC_541\Debug\main.o
 .debug_abbrev  0x000000f8      0x1fe .\CortexM3\ARM_GCC_541\Debug\cyfitter_cfg.o
 .debug_abbrev  0x000002f6       0x66 .\CortexM3\ARM_GCC_541\Debug\cymetadata.o
 .debug_abbrev  0x0000035c      0x1e8 .\CortexM3\ARM_GCC_541\Debug\Cm3Start.o
 .debug_abbrev  0x00000544       0xf6 .\CortexM3\ARM_GCC_541\Debug\Temp1.a(PGA_1.o)
 .debug_abbrev  0x0000063a      0x157 .\CortexM3\ARM_GCC_541\Debug\Temp1.a(LCD_1.o)
 .debug_abbrev  0x00000791      0x1ac .\CortexM3\ARM_GCC_541\Debug\Temp1.a(ADC_SAR_1.o)
 .debug_abbrev  0x0000093d       0x42 .\CortexM3\ARM_GCC_541\Debug\Temp1.a(ADC_SAR_1_INT.o)
 .debug_abbrev  0x0000097f      0x121 .\CortexM3\ARM_GCC_541\Debug\Temp1.a(ADC_SAR_1_theACLK.o)
 .debug_abbrev  0x00000aa0      0x254 .\CortexM3\ARM_GCC_541\Debug\Temp1.a(CyLib.o)
 .debug_abbrev  0x00000cf4      0x1ab .\CortexM3\ARM_GCC_541\Debug\Temp1.a(cyPm.o)
 .debug_abbrev  0x00000e9f       0x90 .\CortexM3\ARM_GCC_541\Debug\Temp1.a(Tx_1.o)
 .debug_abbrev  0x00000f2f      0x175 .\CortexM3\ARM_GCC_541\Debug\Temp1.a(UART_1.o)
 .debug_abbrev  0x000010a4      0x139 .\CortexM3\ARM_GCC_541\Debug\Temp1.a(UART_1_IntClock.o)
 .debug_abbrev  0x000011dd      0x139 .\CortexM3\ARM_GCC_541\Debug\Temp1.a(Clock_1.o)
 .debug_abbrev  0x00001316      0x133 .\CortexM3\ARM_GCC_541\Debug\Temp1.a(PWM_1.o)
 .debug_abbrev  0x00001449       0x14 .\CortexM3\ARM_GCC_541\Debug\Temp1.a(CyBootAsmGnu.o)
 .debug_abbrev  0x0000145d      0x1a7 .\CortexM3\ARM_GCC_541\Debug\Temp1.a(CyFlash.o)
 .debug_abbrev  0x00001604      0x194 .\CortexM3\ARM_GCC_541\Debug\Temp1.a(CySpc.o)

.debug_line     0x00000000     0x2634
 *(.debug_line)
 .debug_line    0x00000000      0x292 .\CortexM3\ARM_GCC_541\Debug\main.o
 .debug_line    0x00000292      0x20d .\CortexM3\ARM_GCC_541\Debug\cyfitter_cfg.o
 .debug_line    0x0000049f      0x141 .\CortexM3\ARM_GCC_541\Debug\cymetadata.o
 .debug_line    0x000005e0      0x234 .\CortexM3\ARM_GCC_541\Debug\Cm3Start.o
 .debug_line    0x00000814       0xcc .\CortexM3\ARM_GCC_541\Debug\Temp1.a(PGA_1.o)
 .debug_line    0x000008e0      0x1de .\CortexM3\ARM_GCC_541\Debug\Temp1.a(LCD_1.o)
 .debug_line    0x00000abe      0x222 .\CortexM3\ARM_GCC_541\Debug\Temp1.a(ADC_SAR_1.o)
 .debug_line    0x00000ce0       0x56 .\CortexM3\ARM_GCC_541\Debug\Temp1.a(ADC_SAR_1_INT.o)
 .debug_line    0x00000d36      0x1a3 .\CortexM3\ARM_GCC_541\Debug\Temp1.a(ADC_SAR_1_theACLK.o)
 .debug_line    0x00000ed9      0x816 .\CortexM3\ARM_GCC_541\Debug\Temp1.a(CyLib.o)
 .debug_line    0x000016ef      0x367 .\CortexM3\ARM_GCC_541\Debug\Temp1.a(cyPm.o)
 .debug_line    0x00001a56       0x91 .\CortexM3\ARM_GCC_541\Debug\Temp1.a(Tx_1.o)
 .debug_line    0x00001ae7      0x1f4 .\CortexM3\ARM_GCC_541\Debug\Temp1.a(UART_1.o)
 .debug_line    0x00001cdb      0x17e .\CortexM3\ARM_GCC_541\Debug\Temp1.a(UART_1_IntClock.o)
 .debug_line    0x00001e59      0x176 .\CortexM3\ARM_GCC_541\Debug\Temp1.a(Clock_1.o)
 .debug_line    0x00001fcf      0x185 .\CortexM3\ARM_GCC_541\Debug\Temp1.a(PWM_1.o)
 .debug_line    0x00002154       0x66 .\CortexM3\ARM_GCC_541\Debug\Temp1.a(CyBootAsmGnu.o)
 .debug_line    0x000021ba      0x21a .\CortexM3\ARM_GCC_541\Debug\Temp1.a(CyFlash.o)
 .debug_line    0x000023d4      0x260 .\CortexM3\ARM_GCC_541\Debug\Temp1.a(CySpc.o)

.debug_frame    0x00000000     0x1cb4
 *(.debug_frame)
 .debug_frame   0x00000000       0x2c .\CortexM3\ARM_GCC_541\Debug\main.o
 .debug_frame   0x0000002c       0xfc .\CortexM3\ARM_GCC_541\Debug\cyfitter_cfg.o
 .debug_frame   0x00000128       0xb8 .\CortexM3\ARM_GCC_541\Debug\Cm3Start.o
 .debug_frame   0x000001e0       0x9c .\CortexM3\ARM_GCC_541\Debug\Temp1.a(PGA_1.o)
 .debug_frame   0x0000027c      0x1e8 .\CortexM3\ARM_GCC_541\Debug\Temp1.a(LCD_1.o)
 .debug_frame   0x00000464      0x1b0 .\CortexM3\ARM_GCC_541\Debug\Temp1.a(ADC_SAR_1.o)
 .debug_frame   0x00000614       0x20 .\CortexM3\ARM_GCC_541\Debug\Temp1.a(ADC_SAR_1_INT.o)
 .debug_frame   0x00000634      0x100 .\CortexM3\ARM_GCC_541\Debug\Temp1.a(ADC_SAR_1_theACLK.o)
 .debug_frame   0x00000734      0x738 .\CortexM3\ARM_GCC_541\Debug\Temp1.a(CyLib.o)
 .debug_frame   0x00000e6c      0x1f8 .\CortexM3\ARM_GCC_541\Debug\Temp1.a(cyPm.o)
 .debug_frame   0x00001064       0x50 .\CortexM3\ARM_GCC_541\Debug\Temp1.a(Tx_1.o)
 .debug_frame   0x000010b4      0x198 .\CortexM3\ARM_GCC_541\Debug\Temp1.a(UART_1.o)
 .debug_frame   0x0000124c       0xe0 .\CortexM3\ARM_GCC_541\Debug\Temp1.a(UART_1_IntClock.o)
 .debug_frame   0x0000132c       0xe0 .\CortexM3\ARM_GCC_541\Debug\Temp1.a(Clock_1.o)
 .debug_frame   0x0000140c      0x134 .\CortexM3\ARM_GCC_541\Debug\Temp1.a(PWM_1.o)
 .debug_frame   0x00001540      0x194 .\CortexM3\ARM_GCC_541\Debug\Temp1.a(CyFlash.o)
 .debug_frame   0x000016d4      0x180 .\CortexM3\ARM_GCC_541\Debug\Temp1.a(CySpc.o)
 .debug_frame   0x00001854       0x44 c:/program files (x86)/cypress/psoc creator/4.2/psoc creator/import/gnu/arm/5.4.1/bin/../lib/gcc/arm-none-eabi/5.4.1/armv7-m\libgcc.a(_aeabi_ldivmod.o)
 .debug_frame   0x00001898       0x38 c:/program files (x86)/cypress/psoc creator/4.2/psoc creator/import/gnu/arm/5.4.1/bin/../lib/gcc/arm-none-eabi/5.4.1/armv7-m\libgcc.a(_udivmoddi4.o)
 .debug_frame   0x000018d0       0x20 c:/program files (x86)/cypress/psoc creator/4.2/psoc creator/import/gnu/arm/5.4.1/bin/../lib/gcc/arm-none-eabi/5.4.1/../../../../arm-none-eabi/lib/armv7-m\libg_nano.a(lib_a-errno.o)
 .debug_frame   0x000018f0       0x28 c:/program files (x86)/cypress/psoc creator/4.2/psoc creator/import/gnu/arm/5.4.1/bin/../lib/gcc/arm-none-eabi/5.4.1/../../../../arm-none-eabi/lib/armv7-m\libg_nano.a(lib_a-exit.o)
 .debug_frame   0x00001918       0x2c c:/program files (x86)/cypress/psoc creator/4.2/psoc creator/import/gnu/arm/5.4.1/bin/../lib/gcc/arm-none-eabi/5.4.1/../../../../arm-none-eabi/lib/armv7-m\libg_nano.a(lib_a-init.o)
 .debug_frame   0x00001944       0x28 c:/program files (x86)/cypress/psoc creator/4.2/psoc creator/import/gnu/arm/5.4.1/bin/../lib/gcc/arm-none-eabi/5.4.1/../../../../arm-none-eabi/lib/armv7-m\libg_nano.a(lib_a-memcpy-stub.o)
 .debug_frame   0x0000196c       0x20 c:/program files (x86)/cypress/psoc creator/4.2/psoc creator/import/gnu/arm/5.4.1/bin/../lib/gcc/arm-none-eabi/5.4.1/../../../../arm-none-eabi/lib/armv7-m\libg_nano.a(lib_a-memset.o)
 .debug_frame   0x0000198c       0x70 c:/program files (x86)/cypress/psoc creator/4.2/psoc creator/import/gnu/arm/5.4.1/bin/../lib/gcc/arm-none-eabi/5.4.1/../../../../arm-none-eabi/lib/armv7-m\libg_nano.a(lib_a-sprintf.o)
 .debug_frame   0x000019fc       0x90 c:/program files (x86)/cypress/psoc creator/4.2/psoc creator/import/gnu/arm/5.4.1/bin/../lib/gcc/arm-none-eabi/5.4.1/../../../../arm-none-eabi/lib/armv7-m\libg_nano.a(lib_a-nano-svfprintf.o)
 .debug_frame   0x00001a8c       0x60 c:/program files (x86)/cypress/psoc creator/4.2/psoc creator/import/gnu/arm/5.4.1/bin/../lib/gcc/arm-none-eabi/5.4.1/../../../../arm-none-eabi/lib/armv7-m\libg_nano.a(lib_a-nano-vfprintf_i.o)
 .debug_frame   0x00001aec       0x28 c:/program files (x86)/cypress/psoc creator/4.2/psoc creator/import/gnu/arm/5.4.1/bin/../lib/gcc/arm-none-eabi/5.4.1/../../../../arm-none-eabi/lib/armv7-m\libg_nano.a(lib_a-memchr-stub.o)
 .debug_frame   0x00001b14       0x28 c:/program files (x86)/cypress/psoc creator/4.2/psoc creator/import/gnu/arm/5.4.1/bin/../lib/gcc/arm-none-eabi/5.4.1/../../../../arm-none-eabi/lib/armv7-m\libg_nano.a(lib_a-memmove.o)
 .debug_frame   0x00001b3c       0x38 c:/program files (x86)/cypress/psoc creator/4.2/psoc creator/import/gnu/arm/5.4.1/bin/../lib/gcc/arm-none-eabi/5.4.1/../../../../arm-none-eabi/lib/armv7-m\libg_nano.a(lib_a-nano-freer.o)
 .debug_frame   0x00001b74       0x2c c:/program files (x86)/cypress/psoc creator/4.2/psoc creator/import/gnu/arm/5.4.1/bin/../lib/gcc/arm-none-eabi/5.4.1/../../../../arm-none-eabi/lib/armv7-m\libg_nano.a(lib_a-nano-mallocr.o)
 .debug_frame   0x00001ba0       0x3c c:/program files (x86)/cypress/psoc creator/4.2/psoc creator/import/gnu/arm/5.4.1/bin/../lib/gcc/arm-none-eabi/5.4.1/../../../../arm-none-eabi/lib/armv7-m\libg_nano.a(lib_a-nano-reallocr.o)
 .debug_frame   0x00001bdc       0x2c c:/program files (x86)/cypress/psoc creator/4.2/psoc creator/import/gnu/arm/5.4.1/bin/../lib/gcc/arm-none-eabi/5.4.1/../../../../arm-none-eabi/lib/armv7-m\libg_nano.a(lib_a-sbrkr.o)
 .debug_frame   0x00001c08       0x30 c:/program files (x86)/cypress/psoc creator/4.2/psoc creator/import/gnu/arm/5.4.1/bin/../lib/gcc/arm-none-eabi/5.4.1/../../../../arm-none-eabi/lib/armv7-m\libg_nano.a(lib_a-mlock.o)
 .debug_frame   0x00001c38       0x20 c:/program files (x86)/cypress/psoc creator/4.2/psoc creator/import/gnu/arm/5.4.1/bin/../lib/gcc/arm-none-eabi/5.4.1/../../../../arm-none-eabi/lib/armv7-m\libg_nano.a(lib_a-nano-msizer.o)
 .debug_frame   0x00001c58       0x5c c:/program files (x86)/cypress/psoc creator/4.2/psoc creator/import/gnu/arm/5.4.1/bin/../lib/gcc/arm-none-eabi/5.4.1/../../../../arm-none-eabi/lib/armv7-m\libg_nano.a(lib_a-reent.o)

.debug_str      0x00000000     0x2032
 *(.debug_str)
 .debug_str     0x00000000      0x2d5 .\CortexM3\ARM_GCC_541\Debug\main.o
                                0x31d (size before relaxing)
 .debug_str     0x000002d5      0x184 .\CortexM3\ARM_GCC_541\Debug\cyfitter_cfg.o
                                0x332 (size before relaxing)
 .debug_str     0x00000459       0x7f .\CortexM3\ARM_GCC_541\Debug\cymetadata.o
                                0x1fd (size before relaxing)
 .debug_str     0x000004d8      0x144 .\CortexM3\ARM_GCC_541\Debug\Cm3Start.o
                                0x323 (size before relaxing)
 .debug_str     0x0000061c       0x9d .\CortexM3\ARM_GCC_541\Debug\Temp1.a(PGA_1.o)
                                0x248 (size before relaxing)
 .debug_str     0x000006b9      0x15e .\CortexM3\ARM_GCC_541\Debug\Temp1.a(LCD_1.o)
                                0x36c (size before relaxing)
 .debug_str     0x00000817      0x27c .\CortexM3\ARM_GCC_541\Debug\Temp1.a(ADC_SAR_1.o)
                                0x4e0 (size before relaxing)
 .debug_str     0x00000a93       0x35 .\CortexM3\ARM_GCC_541\Debug\Temp1.a(ADC_SAR_1_INT.o)
                                0x1b4 (size before relaxing)
 .debug_str     0x00000ac8      0x20d .\CortexM3\ARM_GCC_541\Debug\Temp1.a(ADC_SAR_1_theACLK.o)
                                0x3ce (size before relaxing)
 .debug_str     0x00000cd5      0x7d1 .\CortexM3\ARM_GCC_541\Debug\Temp1.a(CyLib.o)
                                0xa60 (size before relaxing)
 .debug_str     0x000014a6      0x365 .\CortexM3\ARM_GCC_541\Debug\Temp1.a(cyPm.o)
                                0x74c (size before relaxing)
 .debug_str     0x0000180b       0x4f .\CortexM3\ARM_GCC_541\Debug\Temp1.a(Tx_1.o)
                                0x1f6 (size before relaxing)
 .debug_str     0x0000185a      0x1c5 .\CortexM3\ARM_GCC_541\Debug\Temp1.a(UART_1.o)
                                0x3e1 (size before relaxing)
 .debug_str     0x00001a1f      0x14c .\CortexM3\ARM_GCC_541\Debug\Temp1.a(UART_1_IntClock.o)
                                0x367 (size before relaxing)
 .debug_str     0x00001b6b      0x109 .\CortexM3\ARM_GCC_541\Debug\Temp1.a(Clock_1.o)
                                0x307 (size before relaxing)
 .debug_str     0x00001c74      0x15e .\CortexM3\ARM_GCC_541\Debug\Temp1.a(PWM_1.o)
                                0x36a (size before relaxing)
 .debug_str     0x00001dd2      0x1b4 .\CortexM3\ARM_GCC_541\Debug\Temp1.a(CyFlash.o)
                                0x3d9 (size before relaxing)
 .debug_str     0x00001f86       0xac .\CortexM3\ARM_GCC_541\Debug\Temp1.a(CySpc.o)
                                0x351 (size before relaxing)

.debug_loc      0x00000000     0x271f
 *(.debug_loc)
 .debug_loc     0x00000000       0x32 .\CortexM3\ARM_GCC_541\Debug\main.o
 .debug_loc     0x00000032      0x216 .\CortexM3\ARM_GCC_541\Debug\cyfitter_cfg.o
 .debug_loc     0x00000248      0x144 .\CortexM3\ARM_GCC_541\Debug\Cm3Start.o
 .debug_loc     0x0000038c       0x60 .\CortexM3\ARM_GCC_541\Debug\Temp1.a(PGA_1.o)
 .debug_loc     0x000003ec      0x3c6 .\CortexM3\ARM_GCC_541\Debug\Temp1.a(LCD_1.o)
 .debug_loc     0x000007b2      0x2c1 .\CortexM3\ARM_GCC_541\Debug\Temp1.a(ADC_SAR_1.o)
 .debug_loc     0x00000a73      0x14d .\CortexM3\ARM_GCC_541\Debug\Temp1.a(ADC_SAR_1_theACLK.o)
 .debug_loc     0x00000bc0      0xa11 .\CortexM3\ARM_GCC_541\Debug\Temp1.a(CyLib.o)
 .debug_loc     0x000015d1      0x1e4 .\CortexM3\ARM_GCC_541\Debug\Temp1.a(cyPm.o)
 .debug_loc     0x000017b5       0x42 .\CortexM3\ARM_GCC_541\Debug\Temp1.a(Tx_1.o)
 .debug_loc     0x000017f7      0x1f7 .\CortexM3\ARM_GCC_541\Debug\Temp1.a(UART_1.o)
 .debug_loc     0x000019ee      0x12c .\CortexM3\ARM_GCC_541\Debug\Temp1.a(UART_1_IntClock.o)
 .debug_loc     0x00001b1a      0x128 .\CortexM3\ARM_GCC_541\Debug\Temp1.a(Clock_1.o)
 .debug_loc     0x00001c42       0x26 .\CortexM3\ARM_GCC_541\Debug\Temp1.a(PWM_1.o)
 .debug_loc     0x00001c68      0x3b2 .\CortexM3\ARM_GCC_541\Debug\Temp1.a(CyFlash.o)
 .debug_loc     0x0000201a      0x705 .\CortexM3\ARM_GCC_541\Debug\Temp1.a(CySpc.o)

.debug_macinfo
 *(.debug_macinfo)

.debug_ranges   0x00000000      0x868
 *(.debug_ranges)
 .debug_ranges  0x00000000       0x10 .\CortexM3\ARM_GCC_541\Debug\main.o
 .debug_ranges  0x00000010       0x48 .\CortexM3\ARM_GCC_541\Debug\cyfitter_cfg.o
 .debug_ranges  0x00000058       0x38 .\CortexM3\ARM_GCC_541\Debug\Cm3Start.o
 .debug_ranges  0x00000090       0x38 .\CortexM3\ARM_GCC_541\Debug\Temp1.a(PGA_1.o)
 .debug_ranges  0x000000c8       0x88 .\CortexM3\ARM_GCC_541\Debug\Temp1.a(LCD_1.o)
 .debug_ranges  0x00000150       0x98 .\CortexM3\ARM_GCC_541\Debug\Temp1.a(ADC_SAR_1.o)
 .debug_ranges  0x000001e8       0x10 .\CortexM3\ARM_GCC_541\Debug\Temp1.a(ADC_SAR_1_INT.o)
 .debug_ranges  0x000001f8       0x70 .\CortexM3\ARM_GCC_541\Debug\Temp1.a(ADC_SAR_1_theACLK.o)
 .debug_ranges  0x00000268      0x290 .\CortexM3\ARM_GCC_541\Debug\Temp1.a(CyLib.o)
 .debug_ranges  0x000004f8       0x88 .\CortexM3\ARM_GCC_541\Debug\Temp1.a(cyPm.o)
 .debug_ranges  0x00000580       0x28 .\CortexM3\ARM_GCC_541\Debug\Temp1.a(Tx_1.o)
 .debug_ranges  0x000005a8       0x90 .\CortexM3\ARM_GCC_541\Debug\Temp1.a(UART_1.o)
 .debug_ranges  0x00000638       0x60 .\CortexM3\ARM_GCC_541\Debug\Temp1.a(UART_1_IntClock.o)
 .debug_ranges  0x00000698       0x60 .\CortexM3\ARM_GCC_541\Debug\Temp1.a(Clock_1.o)
 .debug_ranges  0x000006f8       0x88 .\CortexM3\ARM_GCC_541\Debug\Temp1.a(PWM_1.o)
 .debug_ranges  0x00000780       0x78 .\CortexM3\ARM_GCC_541\Debug\Temp1.a(CyFlash.o)
 .debug_ranges  0x000007f8       0x70 .\CortexM3\ARM_GCC_541\Debug\Temp1.a(CySpc.o)

.comment        0x00000000       0x6e
 .comment       0x00000000       0x6e .\CortexM3\ARM_GCC_541\Debug\main.o
                                 0x6f (size before relaxing)
 .comment       0x0000006e       0x6f .\CortexM3\ARM_GCC_541\Debug\cyfitter_cfg.o
 .comment       0x0000006e       0x6f .\CortexM3\ARM_GCC_541\Debug\cymetadata.o
 .comment       0x0000006e       0x6f .\CortexM3\ARM_GCC_541\Debug\Cm3Start.o
 .comment       0x0000006e       0x6f .\CortexM3\ARM_GCC_541\Debug\Temp1.a(PGA_1.o)
 .comment       0x0000006e       0x6f .\CortexM3\ARM_GCC_541\Debug\Temp1.a(LCD_1.o)
 .comment       0x0000006e       0x6f .\CortexM3\ARM_GCC_541\Debug\Temp1.a(ADC_SAR_1.o)
 .comment       0x0000006e       0x6f .\CortexM3\ARM_GCC_541\Debug\Temp1.a(ADC_SAR_1_INT.o)
 .comment       0x0000006e       0x6f .\CortexM3\ARM_GCC_541\Debug\Temp1.a(ADC_SAR_1_theACLK.o)
 .comment       0x0000006e       0x6f .\CortexM3\ARM_GCC_541\Debug\Temp1.a(CyLib.o)
 .comment       0x0000006e       0x6f .\CortexM3\ARM_GCC_541\Debug\Temp1.a(cyPm.o)
 .comment       0x0000006e       0x6f .\CortexM3\ARM_GCC_541\Debug\Temp1.a(Tx_1.o)
 .comment       0x0000006e       0x6f .\CortexM3\ARM_GCC_541\Debug\Temp1.a(UART_1.o)
 .comment       0x0000006e       0x6f .\CortexM3\ARM_GCC_541\Debug\Temp1.a(UART_1_IntClock.o)
 .comment       0x0000006e       0x6f .\CortexM3\ARM_GCC_541\Debug\Temp1.a(Clock_1.o)
 .comment       0x0000006e       0x6f .\CortexM3\ARM_GCC_541\Debug\Temp1.a(PWM_1.o)
 .comment       0x0000006e       0x6f .\CortexM3\ARM_GCC_541\Debug\Temp1.a(CyFlash.o)
 .comment       0x0000006e       0x6f .\CortexM3\ARM_GCC_541\Debug\Temp1.a(CySpc.o)

.debug_weaknames
 *(.debug_weaknames)

.debug_funcnames
 *(.debug_funcnames)

.debug_typenames
 *(.debug_typenames)

.debug_varnames
 *(.debug_varnames)

.note.gnu.arm.ident
 *(.note.gnu.arm.ident)

.ARM.attributes
                0x00000000       0x29
 *(.ARM.attributes)
 .ARM.attributes
                0x00000000       0x1d c:/program files (x86)/cypress/psoc creator/4.2/psoc creator/import/gnu/arm/5.4.1/bin/../lib/gcc/arm-none-eabi/5.4.1/armv7-m/crti.o
 .ARM.attributes
                0x0000001d       0x2d c:/program files (x86)/cypress/psoc creator/4.2/psoc creator/import/gnu/arm/5.4.1/bin/../lib/gcc/arm-none-eabi/5.4.1/armv7-m/crtbegin.o
 .ARM.attributes
                0x0000004a       0x1b c:/program files (x86)/cypress/psoc creator/4.2/psoc creator/import/gnu/arm/5.4.1/bin/../lib/gcc/arm-none-eabi/5.4.1/../../../../arm-none-eabi/lib/armv7-m/crt0.o
 .ARM.attributes
                0x00000065       0x33 .\CortexM3\ARM_GCC_541\Debug\main.o
 .ARM.attributes
                0x00000098       0x33 .\CortexM3\ARM_GCC_541\Debug\cyfitter_cfg.o
 .ARM.attributes
                0x000000cb       0x33 .\CortexM3\ARM_GCC_541\Debug\cymetadata.o
 .ARM.attributes
                0x000000fe       0x33 .\CortexM3\ARM_GCC_541\Debug\Cm3Start.o
 .ARM.attributes
                0x00000131       0x33 .\CortexM3\ARM_GCC_541\Debug\Temp1.a(PGA_1.o)
 .ARM.attributes
                0x00000164       0x33 .\CortexM3\ARM_GCC_541\Debug\Temp1.a(LCD_1.o)
 .ARM.attributes
                0x00000197       0x33 .\CortexM3\ARM_GCC_541\Debug\Temp1.a(ADC_SAR_1.o)
 .ARM.attributes
                0x000001ca       0x33 .\CortexM3\ARM_GCC_541\Debug\Temp1.a(ADC_SAR_1_INT.o)
 .ARM.attributes
                0x000001fd       0x33 .\CortexM3\ARM_GCC_541\Debug\Temp1.a(ADC_SAR_1_theACLK.o)
 .ARM.attributes
                0x00000230       0x33 .\CortexM3\ARM_GCC_541\Debug\Temp1.a(CyLib.o)
 .ARM.attributes
                0x00000263       0x33 .\CortexM3\ARM_GCC_541\Debug\Temp1.a(cyPm.o)
 .ARM.attributes
                0x00000296       0x33 .\CortexM3\ARM_GCC_541\Debug\Temp1.a(Tx_1.o)
 .ARM.attributes
                0x000002c9       0x33 .\CortexM3\ARM_GCC_541\Debug\Temp1.a(UART_1.o)
 .ARM.attributes
                0x000002fc       0x33 .\CortexM3\ARM_GCC_541\Debug\Temp1.a(UART_1_IntClock.o)
 .ARM.attributes
                0x0000032f       0x33 .\CortexM3\ARM_GCC_541\Debug\Temp1.a(Clock_1.o)
 .ARM.attributes
                0x00000362       0x33 .\CortexM3\ARM_GCC_541\Debug\Temp1.a(PWM_1.o)
 .ARM.attributes
                0x00000395       0x21 .\CortexM3\ARM_GCC_541\Debug\Temp1.a(CyBootAsmGnu.o)
 .ARM.attributes
                0x000003b6       0x33 .\CortexM3\ARM_GCC_541\Debug\Temp1.a(CyFlash.o)
 .ARM.attributes
                0x000003e9       0x33 .\CortexM3\ARM_GCC_541\Debug\Temp1.a(CySpc.o)
 .ARM.attributes
                0x0000041c       0x1d c:/program files (x86)/cypress/psoc creator/4.2/psoc creator/import/gnu/arm/5.4.1/bin/../lib/gcc/arm-none-eabi/5.4.1/armv7-m\libgcc.a(_arm_addsubsf3.o)
 .ARM.attributes
                0x00000439       0x1d c:/program files (x86)/cypress/psoc creator/4.2/psoc creator/import/gnu/arm/5.4.1/bin/../lib/gcc/arm-none-eabi/5.4.1/armv7-m\libgcc.a(_arm_muldivsf3.o)
 .ARM.attributes
                0x00000456       0x1d c:/program files (x86)/cypress/psoc creator/4.2/psoc creator/import/gnu/arm/5.4.1/bin/../lib/gcc/arm-none-eabi/5.4.1/armv7-m\libgcc.a(_aeabi_ldivmod.o)
 .ARM.attributes
                0x00000473       0x2d c:/program files (x86)/cypress/psoc creator/4.2/psoc creator/import/gnu/arm/5.4.1/bin/../lib/gcc/arm-none-eabi/5.4.1/armv7-m\libgcc.a(_udivmoddi4.o)
 .ARM.attributes
                0x000004a0       0x1d c:/program files (x86)/cypress/psoc creator/4.2/psoc creator/import/gnu/arm/5.4.1/bin/../lib/gcc/arm-none-eabi/5.4.1/armv7-m\libgcc.a(_dvmd_tls.o)
 .ARM.attributes
                0x000004bd       0x2d c:/program files (x86)/cypress/psoc creator/4.2/psoc creator/import/gnu/arm/5.4.1/bin/../lib/gcc/arm-none-eabi/5.4.1/../../../../arm-none-eabi/lib/armv7-m\libg_nano.a(lib_a-errno.o)
 .ARM.attributes
                0x000004ea       0x2d c:/program files (x86)/cypress/psoc creator/4.2/psoc creator/import/gnu/arm/5.4.1/bin/../lib/gcc/arm-none-eabi/5.4.1/../../../../arm-none-eabi/lib/armv7-m\libg_nano.a(lib_a-exit.o)
 .ARM.attributes
                0x00000517       0x2d c:/program files (x86)/cypress/psoc creator/4.2/psoc creator/import/gnu/arm/5.4.1/bin/../lib/gcc/arm-none-eabi/5.4.1/../../../../arm-none-eabi/lib/armv7-m\libg_nano.a(lib_a-impure.o)
 .ARM.attributes
                0x00000544       0x2d c:/program files (x86)/cypress/psoc creator/4.2/psoc creator/import/gnu/arm/5.4.1/bin/../lib/gcc/arm-none-eabi/5.4.1/../../../../arm-none-eabi/lib/armv7-m\libg_nano.a(lib_a-init.o)
 .ARM.attributes
                0x00000571       0x2d c:/program files (x86)/cypress/psoc creator/4.2/psoc creator/import/gnu/arm/5.4.1/bin/../lib/gcc/arm-none-eabi/5.4.1/../../../../arm-none-eabi/lib/armv7-m\libg_nano.a(lib_a-memcpy-stub.o)
 .ARM.attributes
                0x0000059e       0x2d c:/program files (x86)/cypress/psoc creator/4.2/psoc creator/import/gnu/arm/5.4.1/bin/../lib/gcc/arm-none-eabi/5.4.1/../../../../arm-none-eabi/lib/armv7-m\libg_nano.a(lib_a-memset.o)
 .ARM.attributes
                0x000005cb       0x2d c:/program files (x86)/cypress/psoc creator/4.2/psoc creator/import/gnu/arm/5.4.1/bin/../lib/gcc/arm-none-eabi/5.4.1/../../../../arm-none-eabi/lib/armv7-m\libg_nano.a(lib_a-sprintf.o)
 .ARM.attributes
                0x000005f8       0x2d c:/program files (x86)/cypress/psoc creator/4.2/psoc creator/import/gnu/arm/5.4.1/bin/../lib/gcc/arm-none-eabi/5.4.1/../../../../arm-none-eabi/lib/armv7-m\libg_nano.a(lib_a-nano-svfprintf.o)
 .ARM.attributes
                0x00000625       0x2d c:/program files (x86)/cypress/psoc creator/4.2/psoc creator/import/gnu/arm/5.4.1/bin/../lib/gcc/arm-none-eabi/5.4.1/../../../../arm-none-eabi/lib/armv7-m\libg_nano.a(lib_a-nano-vfprintf_i.o)
 .ARM.attributes
                0x00000652       0x2d c:/program files (x86)/cypress/psoc creator/4.2/psoc creator/import/gnu/arm/5.4.1/bin/../lib/gcc/arm-none-eabi/5.4.1/../../../../arm-none-eabi/lib/armv7-m\libg_nano.a(lib_a-memchr-stub.o)
 .ARM.attributes
                0x0000067f       0x2d c:/program files (x86)/cypress/psoc creator/4.2/psoc creator/import/gnu/arm/5.4.1/bin/../lib/gcc/arm-none-eabi/5.4.1/../../../../arm-none-eabi/lib/armv7-m\libg_nano.a(lib_a-memmove.o)
 .ARM.attributes
                0x000006ac       0x2d c:/program files (x86)/cypress/psoc creator/4.2/psoc creator/import/gnu/arm/5.4.1/bin/../lib/gcc/arm-none-eabi/5.4.1/../../../../arm-none-eabi/lib/armv7-m\libg_nano.a(lib_a-nano-freer.o)
 .ARM.attributes
                0x000006d9       0x2d c:/program files (x86)/cypress/psoc creator/4.2/psoc creator/import/gnu/arm/5.4.1/bin/../lib/gcc/arm-none-eabi/5.4.1/../../../../arm-none-eabi/lib/armv7-m\libg_nano.a(lib_a-nano-mallocr.o)
 .ARM.attributes
                0x00000706       0x2d c:/program files (x86)/cypress/psoc creator/4.2/psoc creator/import/gnu/arm/5.4.1/bin/../lib/gcc/arm-none-eabi/5.4.1/../../../../arm-none-eabi/lib/armv7-m\libg_nano.a(lib_a-nano-reallocr.o)
 .ARM.attributes
                0x00000733       0x2d c:/program files (x86)/cypress/psoc creator/4.2/psoc creator/import/gnu/arm/5.4.1/bin/../lib/gcc/arm-none-eabi/5.4.1/../../../../arm-none-eabi/lib/armv7-m\libg_nano.a(lib_a-sbrkr.o)
 .ARM.attributes
                0x00000760       0x2d c:/program files (x86)/cypress/psoc creator/4.2/psoc creator/import/gnu/arm/5.4.1/bin/../lib/gcc/arm-none-eabi/5.4.1/../../../../arm-none-eabi/lib/armv7-m\libg_nano.a(lib_a-mlock.o)
 .ARM.attributes
                0x0000078d       0x2d c:/program files (x86)/cypress/psoc creator/4.2/psoc creator/import/gnu/arm/5.4.1/bin/../lib/gcc/arm-none-eabi/5.4.1/../../../../arm-none-eabi/lib/armv7-m\libg_nano.a(lib_a-nano-msizer.o)
 .ARM.attributes
                0x000007ba       0x2d c:/program files (x86)/cypress/psoc creator/4.2/psoc creator/import/gnu/arm/5.4.1/bin/../lib/gcc/arm-none-eabi/5.4.1/../../../../arm-none-eabi/lib/armv7-m\libg_nano.a(lib_a-reent.o)
 .ARM.attributes
                0x000007e7       0x2d c:/program files (x86)/cypress/psoc creator/4.2/psoc creator/import/gnu/arm/5.4.1/bin/../lib/gcc/arm-none-eabi/5.4.1/armv7-m/crtend.o
 .ARM.attributes
                0x00000814       0x1d c:/program files (x86)/cypress/psoc creator/4.2/psoc creator/import/gnu/arm/5.4.1/bin/../lib/gcc/arm-none-eabi/5.4.1/armv7-m/crtn.o

/DISCARD/
 *(.note.GNU-stack)
OUTPUT(E:\Praktikum adaptive Sensorelektronik\PSoC Creator\Versuch 4\Temperatursensor\Temp1.cydsn\CortexM3\ARM_GCC_541\Debug\Temp1.elf elf32-littlearm)
