Archive member included to satisfy reference by file (symbol)

.\CortexM3\ARM_GCC_541\Debug\Teil3.a(PGA_1.o)
                              .\CortexM3\ARM_GCC_541\Debug\main.o (PGA_1_Start)
.\CortexM3\ARM_GCC_541\Debug\Teil3.a(VDAC8_1.o)
                              .\CortexM3\ARM_GCC_541\Debug\main.o (VDAC8_1_Start)
.\CortexM3\ARM_GCC_541\Debug\Teil3.a(ADC_SAR_1.o)
                              .\CortexM3\ARM_GCC_541\Debug\main.o (ADC_SAR_1_Start)
.\CortexM3\ARM_GCC_541\Debug\Teil3.a(ADC_SAR_1_INT.o)
                              .\CortexM3\ARM_GCC_541\Debug\Teil3.a(ADC_SAR_1.o) (ADC_SAR_1_ISR)
.\CortexM3\ARM_GCC_541\Debug\Teil3.a(UART_1.o)
                              .\CortexM3\ARM_GCC_541\Debug\main.o (UART_1_Start)
.\CortexM3\ARM_GCC_541\Debug\Teil3.a(ADC_SAR_1_theACLK.o)
                              .\CortexM3\ARM_GCC_541\Debug\Teil3.a(ADC_SAR_1.o) (ADC_SAR_1_theACLK_SetModeRegister)
.\CortexM3\ARM_GCC_541\Debug\Teil3.a(UART_1_IntClock.o)
                              .\CortexM3\ARM_GCC_541\Debug\Teil3.a(UART_1.o) (UART_1_IntClock_Start)
.\CortexM3\ARM_GCC_541\Debug\Teil3.a(CyLib.o)
                              .\CortexM3\ARM_GCC_541\Debug\Cm3Start.o (CyHalt)
.\CortexM3\ARM_GCC_541\Debug\Teil3.a(cyPm.o)
                              .\CortexM3\ARM_GCC_541\Debug\Teil3.a(CyLib.o) (CyPmReadStatus)
.\CortexM3\ARM_GCC_541\Debug\Teil3.a(Clock_1.o)
                              .\CortexM3\ARM_GCC_541\Debug\main.o (Clock_1_Start)
.\CortexM3\ARM_GCC_541\Debug\Teil3.a(LCD_1.o)
                              .\CortexM3\ARM_GCC_541\Debug\main.o (LCD_1_WriteControl)
.\CortexM3\ARM_GCC_541\Debug\Teil3.a(PWM_1.o)
                              .\CortexM3\ARM_GCC_541\Debug\main.o (PWM_1_ReadStatusRegister)
.\CortexM3\ARM_GCC_541\Debug\Teil3.a(Counter_1.o)
                              .\CortexM3\ARM_GCC_541\Debug\main.o (Counter_1_WriteCounter)
.\CortexM3\ARM_GCC_541\Debug\Teil3.a(Clock_2.o)
                              .\CortexM3\ARM_GCC_541\Debug\main.o (Clock_2_Start)
.\CortexM3\ARM_GCC_541\Debug\Teil3.a(PGA_Druck.o)
                              .\CortexM3\ARM_GCC_541\Debug\main.o (PGA_Druck_Start)
.\CortexM3\ARM_GCC_541\Debug\Teil3.a(VDAC8_Druck.o)
                              .\CortexM3\ARM_GCC_541\Debug\main.o (VDAC8_Druck_Start)
.\CortexM3\ARM_GCC_541\Debug\Teil3.a(ADC_Druck.o)
                              .\CortexM3\ARM_GCC_541\Debug\main.o (ADC_Druck_Start)
.\CortexM3\ARM_GCC_541\Debug\Teil3.a(ADC_Druck_INT.o)
                              .\CortexM3\ARM_GCC_541\Debug\Teil3.a(ADC_Druck.o) (ADC_Druck_ISR)
.\CortexM3\ARM_GCC_541\Debug\Teil3.a(ADC_Druck_theACLK.o)
                              .\CortexM3\ARM_GCC_541\Debug\Teil3.a(ADC_Druck.o) (ADC_Druck_theACLK_SetModeRegister)
.\CortexM3\ARM_GCC_541\Debug\Teil3.a(Comp_2.o)
                              .\CortexM3\ARM_GCC_541\Debug\main.o (Comp_2_Start)
.\CortexM3\ARM_GCC_541\Debug\Teil3.a(Comp_1.o)
                              .\CortexM3\ARM_GCC_541\Debug\main.o (Comp_1_Start)
.\CortexM3\ARM_GCC_541\Debug\Teil3.a(VDAC8_2.o)
                              .\CortexM3\ARM_GCC_541\Debug\main.o (VDAC8_2_Start)
.\CortexM3\ARM_GCC_541\Debug\Teil3.a(isr_1.o)
                              .\CortexM3\ARM_GCC_541\Debug\main.o (isr_1_Start)
.\CortexM3\ARM_GCC_541\Debug\Teil3.a(CyBootAsmGnu.o)
                              .\CortexM3\ARM_GCC_541\Debug\cyfitter_cfg.o (CyDelayCycles)
.\CortexM3\ARM_GCC_541\Debug\Teil3.a(CyFlash.o)
                              .\CortexM3\ARM_GCC_541\Debug\Teil3.a(cyPm.o) (CyFlash_SetWaitCycles)
.\CortexM3\ARM_GCC_541\Debug\Teil3.a(CySpc.o)
                              .\CortexM3\ARM_GCC_541\Debug\Teil3.a(CyFlash.o) (CySpcStart)
c:/program files (x86)/cypress/psoc creator/4.2/psoc creator/import/gnu/arm/5.4.1/bin/../lib/gcc/arm-none-eabi/5.4.1/armv7-m\libgcc.a(_arm_addsubsf3.o)
                              .\CortexM3\ARM_GCC_541\Debug\Teil3.a(ADC_SAR_1.o) (__aeabi_i2f)
c:/program files (x86)/cypress/psoc creator/4.2/psoc creator/import/gnu/arm/5.4.1/bin/../lib/gcc/arm-none-eabi/5.4.1/armv7-m\libgcc.a(_arm_muldivsf3.o)
                              .\CortexM3\ARM_GCC_541\Debug\Teil3.a(ADC_SAR_1.o) (__aeabi_fmul)
c:/program files (x86)/cypress/psoc creator/4.2/psoc creator/import/gnu/arm/5.4.1/bin/../lib/gcc/arm-none-eabi/5.4.1/armv7-m\libgcc.a(_aeabi_ldivmod.o)
                              .\CortexM3\ARM_GCC_541\Debug\Teil3.a(ADC_SAR_1.o) (__aeabi_ldivmod)
c:/program files (x86)/cypress/psoc creator/4.2/psoc creator/import/gnu/arm/5.4.1/bin/../lib/gcc/arm-none-eabi/5.4.1/armv7-m\libgcc.a(_udivmoddi4.o)
                              c:/program files (x86)/cypress/psoc creator/4.2/psoc creator/import/gnu/arm/5.4.1/bin/../lib/gcc/arm-none-eabi/5.4.1/armv7-m\libgcc.a(_aeabi_ldivmod.o) (__udivmoddi4)
c:/program files (x86)/cypress/psoc creator/4.2/psoc creator/import/gnu/arm/5.4.1/bin/../lib/gcc/arm-none-eabi/5.4.1/armv7-m\libgcc.a(_dvmd_tls.o)
[...]
Memory Configuration

Name             Origin             Length             Attributes
rom              0x00000000         0x00040000         xr
ram              0x1fff8000         0x00010000         xrw
*default*        0x00000000         0xffffffff

Linker script and memory map

LOAD c:/program files (x86)/cypress/psoc creator/4.2/psoc creator/import/gnu/arm/5.4.1/bin/../lib/gcc/arm-none-eabi/5.4.1/armv7-m/crti.o
LOAD c:/program files (x86)/cypress/psoc creator/4.2/psoc creator/import/gnu/arm/5.4.1/bin/../lib/gcc/arm-none-eabi/5.4.1/armv7-m/crtbegin.o
LOAD c:/program files (x86)/cypress/psoc creator/4.2/psoc creator/import/gnu/arm/5.4.1/bin/../lib/gcc/arm-none-eabi/5.4.1/../../../../arm-none-eabi/lib/armv7-m/crt0.o
START GROUP
LOAD .\CortexM3\ARM_GCC_541\Debug\main.o
LOAD .\CortexM3\ARM_GCC_541\Debug\cyfitter_cfg.o
LOAD .\CortexM3\ARM_GCC_541\Debug\cymetadata.o
LOAD .\CortexM3\ARM_GCC_541\Debug\Cm3Start.o
LOAD .\CortexM3\ARM_GCC_541\Debug\Teil3.a
LOAD C:\Program Files (x86)\Cypress\PSoC Creator\4.2\PSoC Creator\psoc\content\cycomponentlibrary\CyComponentLibrary.cylib\CortexM3\ARM_GCC_541\Debug\CyComponentLibrary.a
END GROUP
START GROUP
LOAD c:/program files (x86)/cypress/psoc creator/4.2/psoc creator/import/gnu/arm/5.4.1/bin/../lib/gcc/arm-none-eabi/5.4.1/armv7-m\libgcc.a
LOAD c:/program files (x86)/cypress/psoc creator/4.2/psoc creator/import/gnu/arm/5.4.1/bin/../lib/gcc/arm-none-eabi/5.4.1/../../../../arm-none-eabi/lib/armv7-m\libg_nano.a
LOAD c:/program files (x86)/cypress/psoc creator/4.2/psoc creator/import/gnu/arm/5.4.1/bin/../lib/gcc/arm-none-eabi/5.4.1/../../../../arm-none-eabi/lib/armv7-m\libc_nano.a
END GROUP
START GROUP
LOAD c:/program files (x86)/cypress/psoc creator/4.2/psoc creator/import/gnu/arm/5.4.1/bin/../lib/gcc/arm-none-eabi/5.4.1/armv7-m\libgcc.a
LOAD c:/program files (x86)/cypress/psoc creator/4.2/psoc creator/import/gnu/arm/5.4.1/bin/../lib/gcc/arm-none-eabi/5.4.1/../../../../arm-none-eabi/lib/armv7-m\libc_nano.a
END GROUP
LOAD c:/program files (x86)/cypress/psoc creator/4.2/psoc creator/import/gnu/arm/5.4.1/bin/../lib/gcc/arm-none-eabi/5.4.1/armv7-m/crtend.o
LOAD c:/program files (x86)/cypress/psoc creator/4.2/psoc creator/import/gnu/arm/5.4.1/bin/../lib/gcc/arm-none-eabi/5.4.1/armv7-m/crtn.o
START GROUP
LOAD c:/program files (x86)/cypress/psoc creator/4.2/psoc creator/import/gnu/arm/5.4.1/bin/../lib/gcc/arm-none-eabi/5.4.1/armv7-m\libgcc.a
LOAD c:/program files (x86)/cypress/psoc creator/4.2/psoc creator/import/gnu/arm/5.4.1/bin/../lib/gcc/arm-none-eabi/5.4.1/../../../../arm-none-eabi/lib/armv7-m\libc.a
LOAD c:/program files (x86)/cypress/psoc creator/4.2/psoc creator/import/gnu/arm/5.4.1/bin/../lib/gcc/arm-none-eabi/5.4.1/../../../../arm-none-eabi/lib/armv7-m\libnosys.a
END GROUP
                0x00000000                CY_APPL_ORIGIN = 0x0
                0x00000100                CY_FLASH_ROW_SIZE = 0x100
                0x00000020                CY_ECC_ROW_SIZE = 0x20
                0x00000000                CY_EE_IN_BTLDR = 0x0
                0x00000000                CY_APPL_LOADABLE = 0x0
                0x00000800                CY_EE_SIZE = 0x800
                0x00000001                CY_APPL_NUM = 0x1
                0x00000001                CY_APPL_MAX = 0x1
                0x00000040                CY_METADATA_SIZE = 0x40
                0x00000000                CY_APPL_LOADABLE = 0x0
                0x00000000                CY_CHECKSUM_EXCLUDE_SIZE = ALIGN (0x0, CY_FLASH_ROW_SIZE)
                [!provide]                PROVIDE (__cy_heap_start, _end)
                0x00000001                PROVIDE (__cy_region_num, ((__cy_regions_end - __cy_regions) / 0x10))
                0x20008000                PROVIDE (__cy_stack, (ORIGIN (ram) + LENGTH (ram)))
                [!provide]                PROVIDE (__cy_heap_end, (__cy_stack - 0x800))

.cybootloader   0x00000000        0x0
 *(.cybootloader)
                0x00000000                appl1_start = CY_APPL_ORIGIN?CY_APPL_ORIGIN:ALIGN (CY_FLASH_ROW_SIZE)
                0x0001ff00                appl2_start = (appl1_start + ALIGN ((((LENGTH (rom) - appl1_start) - (0x2 * CY_FLASH_ROW_SIZE)) / 0x2), CY_FLASH_ROW_SIZE))
                0x00000000                appl_start = (CY_APPL_NUM == 0x1)?appl1_start:appl2_start
                0x00000000                ecc_offset = ((appl_start / CY_FLASH_ROW_SIZE) * CY_ECC_ROW_SIZE)
                0x00000000                ee_offset = (CY_APPL_LOADABLE && ! (CY_EE_IN_BTLDR))?((CY_EE_SIZE / CY_APPL_MAX) * (CY_APPL_NUM - 0x1)):0x0
                0x00000800                ee_size = (CY_APPL_LOADABLE && ! (CY_EE_IN_BTLDR))?(CY_EE_SIZE / CY_APPL_MAX):CY_EE_SIZE
                [!provide]                PROVIDE (CY_ECC_OFFSET, ecc_offset)

.text           0x00000000     0x1ec0
 CREATE_OBJECT_SYMBOLS
                0x00000000                PROVIDE (__cy_interrupt_vector, RomVectors)
 *(.romvectors)
 .romvectors    0x00000000       0x10 .\CortexM3\ARM_GCC_541\Debug\Cm3Start.o
                0x00000000                RomVectors
                0x00000001                ASSERT ((. != __cy_interrupt_vector), No interrupt vector)
                0x00000001                ASSERT (CY_APPL_ORIGIN?(SIZEOF (.cybootloader) <= CY_APPL_ORIGIN):0x1, Wrong image location)
                0x00000010                PROVIDE (__cy_reset, Reset)
 *(.text.Reset)
 .text.Reset    0x00000010       0x18 .\CortexM3\ARM_GCC_541\Debug\Cm3Start.o
                0x00000010                Reset
                0x00000001                ASSERT ((. != __cy_reset), No reset code)
 *(.dma_init)
                0x00000001                ASSERT ((((appl_start + .) <= 0x10000) || 0x1), DMA Init must be within the first 64k of flash)
 *(.text .text.* .gnu.linkonce.t.*)
 .text          0x00000028       0x5c c:/program files (x86)/cypress/psoc creator/4.2/psoc creator/import/gnu/arm/5.4.1/bin/../lib/gcc/arm-none-eabi/5.4.1/armv7-m/crtbegin.o
 .text.main     0x00000084      0x184 .\CortexM3\ARM_GCC_541\Debug\main.o
                0x00000084                main
 .text.CyClockStartupError
                0x00000208        0x4 .\CortexM3\ARM_GCC_541\Debug\cyfitter_cfg.o
 .text.cfg_write_bytes32
                0x0000020c       0x34 .\CortexM3\ARM_GCC_541\Debug\cyfitter_cfg.o
 .text.CYMEMZERO
                0x00000240        0xc .\CortexM3\ARM_GCC_541\Debug\cyfitter_cfg.o
 .text.AnalogSetDefault
                0x0000024c      0x12c .\CortexM3\ARM_GCC_541\Debug\cyfitter_cfg.o
 .text.CYCONFIGCPY
                0x00000378        0x8 .\CortexM3\ARM_GCC_541\Debug\cyfitter_cfg.o
 .text.ClockSetup
                0x00000380      0x100 .\CortexM3\ARM_GCC_541\Debug\cyfitter_cfg.o
 .text.cyfitter_cfg
                0x00000480      0x114 .\CortexM3\ARM_GCC_541\Debug\cyfitter_cfg.o
                0x00000480                cyfitter_cfg
 .text.IntDefaultHandler
                0x00000594       0x10 .\CortexM3\ARM_GCC_541\Debug\Cm3Start.o
                0x00000594                IntDefaultHandler
 .text._sbrk    0x000005a4       0x30 .\CortexM3\ARM_GCC_541\Debug\Cm3Start.o
                0x000005a4                _sbrk
 .text.Start_c  0x000005d4       0x4c .\CortexM3\ARM_GCC_541\Debug\Cm3Start.o
                0x000005d4                Start_c
 .text.initialize_psoc
                0x00000620       0x68 .\CortexM3\ARM_GCC_541\Debug\Cm3Start.o
                0x00000620                initialize_psoc
 .text.PGA_1_Enable
                0x00000688       0x28 .\CortexM3\ARM_GCC_541\Debug\Teil3.a(PGA_1.o)
                0x00000688                PGA_1_Enable
 .text.PGA_1_SetPower
                0x000006b0       0x18 .\CortexM3\ARM_GCC_541\Debug\Teil3.a(PGA_1.o)
                0x000006b0                PGA_1_SetPower
 .text.PGA_1_SetGain
                0x000006c8       0x78 .\CortexM3\ARM_GCC_541\Debug\Teil3.a(PGA_1.o)
                0x000006c8                PGA_1_SetGain
 .text.PGA_1_Init
                0x00000740       0x34 .\CortexM3\ARM_GCC_541\Debug\Teil3.a(PGA_1.o)
                0x00000740                PGA_1_Init
 .text.PGA_1_Start
                0x00000774       0x1c .\CortexM3\ARM_GCC_541\Debug\Teil3.a(PGA_1.o)
                0x00000774                PGA_1_Start
 .text.VDAC8_1_Enable
                0x00000790       0x1c .\CortexM3\ARM_GCC_541\Debug\Teil3.a(VDAC8_1.o)
                0x00000790                VDAC8_1_Enable
 .text.VDAC8_1_SetSpeed
                0x000007ac       0x1c .\CortexM3\ARM_GCC_541\Debug\Teil3.a(VDAC8_1.o)
                0x000007ac                VDAC8_1_SetSpeed
 .text.VDAC8_1_SetValue
                0x000007c8        0xc .\CortexM3\ARM_GCC_541\Debug\Teil3.a(VDAC8_1.o)
                0x000007c8                VDAC8_1_SetValue
 .text.VDAC8_1_DacTrim
                0x000007d4       0x24 .\CortexM3\ARM_GCC_541\Debug\Teil3.a(VDAC8_1.o)
                0x000007d4                VDAC8_1_DacTrim
 .text.VDAC8_1_SetRange
                0x000007f8       0x20 .\CortexM3\ARM_GCC_541\Debug\Teil3.a(VDAC8_1.o)
                0x000007f8                VDAC8_1_SetRange
 .text.VDAC8_1_Init
                0x00000818       0x20 .\CortexM3\ARM_GCC_541\Debug\Teil3.a(VDAC8_1.o)
                0x00000818                VDAC8_1_Init
 .text.VDAC8_1_Start
                0x00000838       0x24 .\CortexM3\ARM_GCC_541\Debug\Teil3.a(VDAC8_1.o)
                0x00000838                VDAC8_1_Start
 .text.ADC_SAR_1_CalcGain
                0x0000085c       0x70 .\CortexM3\ARM_GCC_541\Debug\Teil3.a(ADC_SAR_1.o)
 .text.ADC_SAR_1_Enable
                0x000008cc       0x94 .\CortexM3\ARM_GCC_541\Debug\Teil3.a(ADC_SAR_1.o)
                0x000008cc                ADC_SAR_1_Enable
 .text.ADC_SAR_1_SetResolution
                0x00000960       0x38 .\CortexM3\ARM_GCC_541\Debug\Teil3.a(ADC_SAR_1.o)
                0x00000960                ADC_SAR_1_SetResolution
 .text.ADC_SAR_1_Init
                0x00000998       0x3c .\CortexM3\ARM_GCC_541\Debug\Teil3.a(ADC_SAR_1.o)
                0x00000998                ADC_SAR_1_Init
 .text.ADC_SAR_1_Start
                0x000009d4       0x1c .\CortexM3\ARM_GCC_541\Debug\Teil3.a(ADC_SAR_1.o)
                0x000009d4                ADC_SAR_1_Start
 .text.ADC_SAR_1_StartConvert
                0x000009f0       0x10 .\CortexM3\ARM_GCC_541\Debug\Teil3.a(ADC_SAR_1.o)
                0x000009f0                ADC_SAR_1_StartConvert
 .text.ADC_SAR_1_IsEndConversion
                0x00000a00       0x24 .\CortexM3\ARM_GCC_541\Debug\Teil3.a(ADC_SAR_1.o)
                0x00000a00                ADC_SAR_1_IsEndConversion
 .text.ADC_SAR_1_GetResult16
                0x00000a24       0x18 .\CortexM3\ARM_GCC_541\Debug\Teil3.a(ADC_SAR_1.o)
                0x00000a24                ADC_SAR_1_GetResult16
 .text.ADC_SAR_1_ISR
                0x00000a3c        0x4 .\CortexM3\ARM_GCC_541\Debug\Teil3.a(ADC_SAR_1_INT.o)
                0x00000a3c                ADC_SAR_1_ISR
 .text.UART_1_Init
                0x00000a40       0x18 .\CortexM3\ARM_GCC_541\Debug\Teil3.a(UART_1.o)
                0x00000a40                UART_1_Init
 .text.UART_1_Enable
                0x00000a58       0x24 .\CortexM3\ARM_GCC_541\Debug\Teil3.a(UART_1.o)
                0x00000a58                UART_1_Enable
 .text.UART_1_Start
                0x00000a7c       0x1c .\CortexM3\ARM_GCC_541\Debug\Teil3.a(UART_1.o)
                0x00000a7c                UART_1_Start
 .text.UART_1_PutChar
                0x00000a98       0x18 .\CortexM3\ARM_GCC_541\Debug\Teil3.a(UART_1.o)
                0x00000a98                UART_1_PutChar
 .text.UART_1_PutString
                0x00000ab0       0x24 .\CortexM3\ARM_GCC_541\Debug\Teil3.a(UART_1.o)
                0x00000ab0                UART_1_PutString
 .text.ADC_SAR_1_theACLK_SetModeRegister
                0x00000ad4       0x14 .\CortexM3\ARM_GCC_541\Debug\Teil3.a(ADC_SAR_1_theACLK.o)
                0x00000ad4                ADC_SAR_1_theACLK_SetModeRegister
 .text.UART_1_IntClock_Start
                0x00000ae8       0x1c .\CortexM3\ARM_GCC_541\Debug\Teil3.a(UART_1_IntClock.o)
                0x00000ae8                UART_1_IntClock_Start
 .text.CyHalt   0x00000b04        0x4 .\CortexM3\ARM_GCC_541\Debug\Teil3.a(CyLib.o)
                0x00000b04                CyHalt
 .text.CyDelay  0x00000b08       0x2c .\CortexM3\ARM_GCC_541\Debug\Teil3.a(CyLib.o)
                0x00000b08                CyDelay
 .text.CyDelayUs
                0x00000b34       0x14 .\CortexM3\ARM_GCC_541\Debug\Teil3.a(CyLib.o)
                0x00000b34                CyDelayUs
 .text.CyIntSetVector
                0x00000b48       0x28 .\CortexM3\ARM_GCC_541\Debug\Teil3.a(CyLib.o)
                0x00000b48                CyIntSetVector
 .text.CyIntSetPriority
                0x00000b70       0x30 .\CortexM3\ARM_GCC_541\Debug\Teil3.a(CyLib.o)
                0x00000b70                CyIntSetPriority
 .text.Clock_1_Start
                0x00000ba0       0x1c .\CortexM3\ARM_GCC_541\Debug\Teil3.a(Clock_1.o)
                0x00000ba0                Clock_1_Start
 .text.LCD_1_WrCntrlNib
                0x00000bbc       0x34 .\CortexM3\ARM_GCC_541\Debug\Teil3.a(LCD_1.o)
 .text.LCD_1_IsReady
                0x00000bf0       0xe4 .\CortexM3\ARM_GCC_541\Debug\Teil3.a(LCD_1.o)
                0x00000bf0                LCD_1_IsReady
 .text.LCD_1_WriteControl
                0x00000cd4       0x18 .\CortexM3\ARM_GCC_541\Debug\Teil3.a(LCD_1.o)
                0x00000cd4                LCD_1_WriteControl
 .text.LCD_1_Init
                0x00000cec       0x6c .\CortexM3\ARM_GCC_541\Debug\Teil3.a(LCD_1.o)
                0x00000cec                LCD_1_Init
 .text.LCD_1_Enable
                0x00000d58       0x14 .\CortexM3\ARM_GCC_541\Debug\Teil3.a(LCD_1.o)
                0x00000d58                LCD_1_Enable
 .text.LCD_1_Start
                0x00000d6c       0x1c .\CortexM3\ARM_GCC_541\Debug\Teil3.a(LCD_1.o)
                0x00000d6c                LCD_1_Start
 .text.PWM_1_Enable
                0x00000d88       0x10 .\CortexM3\ARM_GCC_541\Debug\Teil3.a(PWM_1.o)
                0x00000d88                PWM_1_Enable
 .text.PWM_1_WriteCounter
                0x00000d98        0xc .\CortexM3\ARM_GCC_541\Debug\Teil3.a(PWM_1.o)
                0x00000d98                PWM_1_WriteCounter
 .text.PWM_1_WritePeriod
                0x00000da4        0xc .\CortexM3\ARM_GCC_541\Debug\Teil3.a(PWM_1.o)
                0x00000da4                PWM_1_WritePeriod
 .text.PWM_1_WriteCompare
                0x00000db0        0xc .\CortexM3\ARM_GCC_541\Debug\Teil3.a(PWM_1.o)
                0x00000db0                PWM_1_WriteCompare
 .text.PWM_1_SetInterruptMode
                0x00000dbc        0xc .\CortexM3\ARM_GCC_541\Debug\Teil3.a(PWM_1.o)
                0x00000dbc                PWM_1_SetInterruptMode
 .text.PWM_1_ReadStatusRegister
                0x00000dc8        0xc .\CortexM3\ARM_GCC_541\Debug\Teil3.a(PWM_1.o)
                0x00000dc8                PWM_1_ReadStatusRegister
 .text.PWM_1_ReadCapture
                0x00000dd4        0xc .\CortexM3\ARM_GCC_541\Debug\Teil3.a(PWM_1.o)
                0x00000dd4                PWM_1_ReadCapture
 .text.PWM_1_ClearFIFO
                0x00000de0       0x14 .\CortexM3\ARM_GCC_541\Debug\Teil3.a(PWM_1.o)
                0x00000de0                PWM_1_ClearFIFO
 .text.PWM_1_Init
                0x00000df4       0x60 .\CortexM3\ARM_GCC_541\Debug\Teil3.a(PWM_1.o)
                0x00000df4                PWM_1_Init
 .text.PWM_1_Start
                0x00000e54       0x1c .\CortexM3\ARM_GCC_541\Debug\Teil3.a(PWM_1.o)
                0x00000e54                PWM_1_Start
 .text.Counter_1_SetInterruptMode
                0x00000e70        0xc .\CortexM3\ARM_GCC_541\Debug\Teil3.a(Counter_1.o)
                0x00000e70                Counter_1_SetInterruptMode
 .text.Counter_1_ReadStatusRegister
                0x00000e7c        0xc .\CortexM3\ARM_GCC_541\Debug\Teil3.a(Counter_1.o)
                0x00000e7c                Counter_1_ReadStatusRegister
 .text.Counter_1_WriteCounter
                0x00000e88        0xc .\CortexM3\ARM_GCC_541\Debug\Teil3.a(Counter_1.o)
                0x00000e88                Counter_1_WriteCounter
 .text.Counter_1_ReadCounter
                0x00000e94       0x14 .\CortexM3\ARM_GCC_541\Debug\Teil3.a(Counter_1.o)
                0x00000e94                Counter_1_ReadCounter
 .text.Counter_1_ReadCapture
                0x00000ea8        0xc .\CortexM3\ARM_GCC_541\Debug\Teil3.a(Counter_1.o)
                0x00000ea8                Counter_1_ReadCapture
 .text.Counter_1_WritePeriod
                0x00000eb4        0xc .\CortexM3\ARM_GCC_541\Debug\Teil3.a(Counter_1.o)
                0x00000eb4                Counter_1_WritePeriod
 .text.Counter_1_WriteCompare
                0x00000ec0        0xc .\CortexM3\ARM_GCC_541\Debug\Teil3.a(Counter_1.o)
                0x00000ec0                Counter_1_WriteCompare
 .text.Counter_1_ClearFIFO
                0x00000ecc       0x14 .\CortexM3\ARM_GCC_541\Debug\Teil3.a(Counter_1.o)
                0x00000ecc                Counter_1_ClearFIFO
 .text.Counter_1_Init
                0x00000ee0       0x40 .\CortexM3\ARM_GCC_541\Debug\Teil3.a(Counter_1.o)
                0x00000ee0                Counter_1_Init
 .text.Counter_1_Start
                0x00000f20       0x18 .\CortexM3\ARM_GCC_541\Debug\Teil3.a(Counter_1.o)
                0x00000f20                Counter_1_Start
 .text.Clock_2_Start
                0x00000f38       0x1c .\CortexM3\ARM_GCC_541\Debug\Teil3.a(Clock_2.o)
                0x00000f38                Clock_2_Start
 .text.PGA_Druck_Enable
                0x00000f54       0x28 .\CortexM3\ARM_GCC_541\Debug\Teil3.a(PGA_Druck.o)
                0x00000f54                PGA_Druck_Enable
 .text.PGA_Druck_SetPower
                0x00000f7c       0x18 .\CortexM3\ARM_GCC_541\Debug\Teil3.a(PGA_Druck.o)
                0x00000f7c                PGA_Druck_SetPower
 .text.PGA_Druck_SetGain
                0x00000f94       0x78 .\CortexM3\ARM_GCC_541\Debug\Teil3.a(PGA_Druck.o)
                0x00000f94                PGA_Druck_SetGain
 .text.PGA_Druck_Init
                0x0000100c       0x34 .\CortexM3\ARM_GCC_541\Debug\Teil3.a(PGA_Druck.o)
                0x0000100c                PGA_Druck_Init
 .text.PGA_Druck_Start
                0x00001040       0x1c .\CortexM3\ARM_GCC_541\Debug\Teil3.a(PGA_Druck.o)
                0x00001040                PGA_Druck_Start
 .text.VDAC8_Druck_Enable
                0x0000105c       0x1c .\CortexM3\ARM_GCC_541\Debug\Teil3.a(VDAC8_Druck.o)
                0x0000105c                VDAC8_Druck_Enable
 .text.VDAC8_Druck_SetSpeed
                0x00001078       0x1c .\CortexM3\ARM_GCC_541\Debug\Teil3.a(VDAC8_Druck.o)
                0x00001078                VDAC8_Druck_SetSpeed
 .text.VDAC8_Druck_SetValue
                0x00001094        0xc .\CortexM3\ARM_GCC_541\Debug\Teil3.a(VDAC8_Druck.o)
                0x00001094                VDAC8_Druck_SetValue
 .text.VDAC8_Druck_DacTrim
                0x000010a0       0x24 .\CortexM3\ARM_GCC_541\Debug\Teil3.a(VDAC8_Druck.o)
                0x000010a0                VDAC8_Druck_DacTrim
 .text.VDAC8_Druck_SetRange
                0x000010c4       0x20 .\CortexM3\ARM_GCC_541\Debug\Teil3.a(VDAC8_Druck.o)
                0x000010c4                VDAC8_Druck_SetRange
 .text.VDAC8_Druck_Init
                0x000010e4       0x20 .\CortexM3\ARM_GCC_541\Debug\Teil3.a(VDAC8_Druck.o)
                0x000010e4                VDAC8_Druck_Init
 .text.VDAC8_Druck_Start
                0x00001104       0x24 .\CortexM3\ARM_GCC_541\Debug\Teil3.a(VDAC8_Druck.o)
                0x00001104                VDAC8_Druck_Start
 .text.ADC_Druck_CalcGain
                0x00001128       0x64 .\CortexM3\ARM_GCC_541\Debug\Teil3.a(ADC_Druck.o)
 .text.ADC_Druck_Enable
                0x0000118c       0x94 .\CortexM3\ARM_GCC_541\Debug\Teil3.a(ADC_Druck.o)
                0x0000118c                ADC_Druck_Enable
 .text.ADC_Druck_SetResolution
                0x00001220       0x38 .\CortexM3\ARM_GCC_541\Debug\Teil3.a(ADC_Druck.o)
                0x00001220                ADC_Druck_SetResolution
 .text.ADC_Druck_Init
                0x00001258       0x3c .\CortexM3\ARM_GCC_541\Debug\Teil3.a(ADC_Druck.o)
                0x00001258                ADC_Druck_Init
 .text.ADC_Druck_Start
                0x00001294       0x1c .\CortexM3\ARM_GCC_541\Debug\Teil3.a(ADC_Druck.o)
                0x00001294                ADC_Druck_Start
 .text.ADC_Druck_StartConvert
                0x000012b0       0x10 .\CortexM3\ARM_GCC_541\Debug\Teil3.a(ADC_Druck.o)
                0x000012b0                ADC_Druck_StartConvert
 .text.ADC_Druck_IsEndConversion
                0x000012c0       0x24 .\CortexM3\ARM_GCC_541\Debug\Teil3.a(ADC_Druck.o)
                0x000012c0                ADC_Druck_IsEndConversion
 .text.ADC_Druck_GetResult16
                0x000012e4       0x18 .\CortexM3\ARM_GCC_541\Debug\Teil3.a(ADC_Druck.o)
                0x000012e4                ADC_Druck_GetResult16
 .text.ADC_Druck_ISR
                0x000012fc        0x4 .\CortexM3\ARM_GCC_541\Debug\Teil3.a(ADC_Druck_INT.o)
                0x000012fc                ADC_Druck_ISR
 .text.ADC_Druck_theACLK_SetModeRegister
                0x00001300       0x14 .\CortexM3\ARM_GCC_541\Debug\Teil3.a(ADC_Druck_theACLK.o)
                0x00001300                ADC_Druck_theACLK_SetModeRegister
 .text.Comp_2_Enable
                0x00001314       0x1c .\CortexM3\ARM_GCC_541\Debug\Teil3.a(Comp_2.o)
                0x00001314                Comp_2_Enable
 .text.Comp_2_SetSpeed
                0x00001330       0x58 .\CortexM3\ARM_GCC_541\Debug\Teil3.a(Comp_2.o)
                0x00001330                Comp_2_SetSpeed
 .text.Comp_2_Init
                0x00001388       0x3c .\CortexM3\ARM_GCC_541\Debug\Teil3.a(Comp_2.o)
                0x00001388                Comp_2_Init
 .text.Comp_2_Start
                0x000013c4       0x1c .\CortexM3\ARM_GCC_541\Debug\Teil3.a(Comp_2.o)
                0x000013c4                Comp_2_Start
 .text.Comp_1_Enable
                0x000013e0       0x1c .\CortexM3\ARM_GCC_541\Debug\Teil3.a(Comp_1.o)
                0x000013e0                Comp_1_Enable
 .text.Comp_1_SetSpeed
                0x000013fc       0x58 .\CortexM3\ARM_GCC_541\Debug\Teil3.a(Comp_1.o)
                0x000013fc                Comp_1_SetSpeed
 .text.Comp_1_Init
                0x00001454       0x3c .\CortexM3\ARM_GCC_541\Debug\Teil3.a(Comp_1.o)
                0x00001454                Comp_1_Init
 .text.Comp_1_Start
                0x00001490       0x1c .\CortexM3\ARM_GCC_541\Debug\Teil3.a(Comp_1.o)
                0x00001490                Comp_1_Start
 .text.VDAC8_2_Enable
                0x000014ac       0x1c .\CortexM3\ARM_GCC_541\Debug\Teil3.a(VDAC8_2.o)
                0x000014ac                VDAC8_2_Enable
 .text.VDAC8_2_SetSpeed
                0x000014c8       0x1c .\CortexM3\ARM_GCC_541\Debug\Teil3.a(VDAC8_2.o)
                0x000014c8                VDAC8_2_SetSpeed
 .text.VDAC8_2_SetValue
                0x000014e4        0xc .\CortexM3\ARM_GCC_541\Debug\Teil3.a(VDAC8_2.o)
                0x000014e4                VDAC8_2_SetValue
 .text.VDAC8_2_DacTrim
                0x000014f0       0x24 .\CortexM3\ARM_GCC_541\Debug\Teil3.a(VDAC8_2.o)
                0x000014f0                VDAC8_2_DacTrim
 .text.VDAC8_2_SetRange
                0x00001514       0x20 .\CortexM3\ARM_GCC_541\Debug\Teil3.a(VDAC8_2.o)
                0x00001514                VDAC8_2_SetRange
 .text.VDAC8_2_Init
                0x00001534       0x20 .\CortexM3\ARM_GCC_541\Debug\Teil3.a(VDAC8_2.o)
                0x00001534                VDAC8_2_Init
 .text.VDAC8_2_Start
                0x00001554       0x24 .\CortexM3\ARM_GCC_541\Debug\Teil3.a(VDAC8_2.o)
                0x00001554                VDAC8_2_Start
 .text.isr_1_Interrupt
                0x00001578        0xc .\CortexM3\ARM_GCC_541\Debug\Teil3.a(isr_1.o)
                0x00001578                isr_1_Interrupt
 .text.isr_1_SetVector
                0x00001584        0xc .\CortexM3\ARM_GCC_541\Debug\Teil3.a(isr_1.o)
                0x00001584                isr_1_SetVector
 .text.isr_1_SetPriority
                0x00001590       0x10 .\CortexM3\ARM_GCC_541\Debug\Teil3.a(isr_1.o)
                0x00001590                isr_1_SetPriority
 .text.isr_1_Enable
                0x000015a0        0xc .\CortexM3\ARM_GCC_541\Debug\Teil3.a(isr_1.o)
                0x000015a0                isr_1_Enable
 .text.isr_1_Disable
                0x000015ac        0xc .\CortexM3\ARM_GCC_541\Debug\Teil3.a(isr_1.o)
                0x000015ac                isr_1_Disable
 .text.isr_1_Start
                0x000015b8       0x1c .\CortexM3\ARM_GCC_541\Debug\Teil3.a(isr_1.o)
                0x000015b8                isr_1_Start
 *fill*         0x000015d4        0x4 
 .text          0x000015d8       0x20 .\CortexM3\ARM_GCC_541\Debug\Teil3.a(CyBootAsmGnu.o)
                0x000015d8                CyDelayCycles
                0x000015e8                CyEnterCriticalSection
                0x000015f0                CyExitCriticalSection
 .text.__errno  0x000015f8        0xc c:/program files (x86)/cypress/psoc creator/4.2/psoc creator/import/gnu/arm/5.4.1/bin/../lib/gcc/arm-none-eabi/5.4.1/../../../../arm-none-eabi/lib/armv7-m\libg_nano.a(lib_a-errno.o)
                0x000015f8                __errno
 .text.__libc_init_array
                0x00001604       0x4c c:/program files (x86)/cypress/psoc creator/4.2/psoc creator/import/gnu/arm/5.4.1/bin/../lib/gcc/arm-none-eabi/5.4.1/../../../../arm-none-eabi/lib/armv7-m\libg_nano.a(lib_a-init.o)
                0x00001604                __libc_init_array
 .text.memcpy   0x00001650       0x16 c:/program files (x86)/cypress/psoc creator/4.2/psoc creator/import/gnu/arm/5.4.1/bin/../lib/gcc/arm-none-eabi/5.4.1/../../../../arm-none-eabi/lib/armv7-m\libg_nano.a(lib_a-memcpy-stub.o)
                0x00001650                memcpy
 .text.memset   0x00001666       0x10 c:/program files (x86)/cypress/psoc creator/4.2/psoc creator/import/gnu/arm/5.4.1/bin/../lib/gcc/arm-none-eabi/5.4.1/../../../../arm-none-eabi/lib/armv7-m\libg_nano.a(lib_a-memset.o)
                0x00001666                memset
 *fill*         0x00001676        0x2 
 .text.sprintf  0x00001678       0x48 c:/program files (x86)/cypress/psoc creator/4.2/psoc creator/import/gnu/arm/5.4.1/bin/../lib/gcc/arm-none-eabi/5.4.1/../../../../arm-none-eabi/lib/armv7-m\libg_nano.a(lib_a-sprintf.o)
                0x00001678                siprintf
                0x00001678                sprintf
 .text.__ssputs_r
                0x000016c0       0xb2 c:/program files (x86)/cypress/psoc creator/4.2/psoc creator/import/gnu/arm/5.4.1/bin/../lib/gcc/arm-none-eabi/5.4.1/../../../../arm-none-eabi/lib/armv7-m\libg_nano.a(lib_a-nano-svfprintf.o)
                0x000016c0                __ssputs_r
 *fill*         0x00001772        0x2 
 .text._svfprintf_r
                0x00001774      0x1e8 c:/program files (x86)/cypress/psoc creator/4.2/psoc creator/import/gnu/arm/5.4.1/bin/../lib/gcc/arm-none-eabi/5.4.1/../../../../arm-none-eabi/lib/armv7-m\libg_nano.a(lib_a-nano-svfprintf.o)
                0x00001774                _svfiprintf_r
                0x00001774                _svfprintf_r
 .text._printf_common
                0x0000195c       0xec c:/program files (x86)/cypress/psoc creator/4.2/psoc creator/import/gnu/arm/5.4.1/bin/../lib/gcc/arm-none-eabi/5.4.1/../../../../arm-none-eabi/lib/armv7-m\libg_nano.a(lib_a-nano-vfprintf_i.o)
                0x0000195c                _printf_common
 .text._printf_i
                0x00001a48      0x24c c:/program files (x86)/cypress/psoc creator/4.2/psoc creator/import/gnu/arm/5.4.1/bin/../lib/gcc/arm-none-eabi/5.4.1/../../../../arm-none-eabi/lib/armv7-m\libg_nano.a(lib_a-nano-vfprintf_i.o)
                0x00001a48                _printf_i
 .text.memchr   0x00001c94       0x1c c:/program files (x86)/cypress/psoc creator/4.2/psoc creator/import/gnu/arm/5.4.1/bin/../lib/gcc/arm-none-eabi/5.4.1/../../../../arm-none-eabi/lib/armv7-m\libg_nano.a(lib_a-memchr-stub.o)
                0x00001c94                memchr
 .text.memmove  0x00001cb0       0x36 c:/program files (x86)/cypress/psoc creator/4.2/psoc creator/import/gnu/arm/5.4.1/bin/../lib/gcc/arm-none-eabi/5.4.1/../../../../arm-none-eabi/lib/armv7-m\libg_nano.a(lib_a-memmove.o)
                0x00001cb0                memmove
 *fill*         0x00001ce6        0x2 
 .text._free_r  0x00001ce8       0x98 c:/program files (x86)/cypress/psoc creator/4.2/psoc creator/import/gnu/arm/5.4.1/bin/../lib/gcc/arm-none-eabi/5.4.1/../../../../arm-none-eabi/lib/armv7-m\libg_nano.a(lib_a-nano-freer.o)
                0x00001ce8                _free_r
 .text._malloc_r
                0x00001d80       0xbc c:/program files (x86)/cypress/psoc creator/4.2/psoc creator/import/gnu/arm/5.4.1/bin/../lib/gcc/arm-none-eabi/5.4.1/../../../../arm-none-eabi/lib/armv7-m\libg_nano.a(lib_a-nano-mallocr.o)
                0x00001d80                _malloc_r
 .text._realloc_r
                0x00001e3c       0x4c c:/program files (x86)/cypress/psoc creator/4.2/psoc creator/import/gnu/arm/5.4.1/bin/../lib/gcc/arm-none-eabi/5.4.1/../../../../arm-none-eabi/lib/armv7-m\libg_nano.a(lib_a-nano-reallocr.o)
                0x00001e3c                _realloc_r
 .text._sbrk_r  0x00001e88       0x20 c:/program files (x86)/cypress/psoc creator/4.2/psoc creator/import/gnu/arm/5.4.1/bin/../lib/gcc/arm-none-eabi/5.4.1/../../../../arm-none-eabi/lib/armv7-m\libg_nano.a(lib_a-sbrkr.o)
                0x00001e88                _sbrk_r
 .text.__malloc_lock
                0x00001ea8        0x2 c:/program files (x86)/cypress/psoc creator/4.2/psoc creator/import/gnu/arm/5.4.1/bin/../lib/gcc/arm-none-eabi/5.4.1/../../../../arm-none-eabi/lib/armv7-m\libg_nano.a(lib_a-mlock.o)
                0x00001ea8                __malloc_lock
 .text.__malloc_unlock
                0x00001eaa        0x2 c:/program files (x86)/cypress/psoc creator/4.2/psoc creator/import/gnu/arm/5.4.1/bin/../lib/gcc/arm-none-eabi/5.4.1/../../../../arm-none-eabi/lib/armv7-m\libg_nano.a(lib_a-mlock.o)
                0x00001eaa                __malloc_unlock
 .text._malloc_usable_size_r
                0x00001eac       0x14 c:/program files (x86)/cypress/psoc creator/4.2/psoc creator/import/gnu/arm/5.4.1/bin/../lib/gcc/arm-none-eabi/5.4.1/../../../../arm-none-eabi/lib/armv7-m\libg_nano.a(lib_a-nano-msizer.o)
                0x00001eac                _malloc_usable_size_r
 *(.plt)
 *(.gnu.warning)
 *(.glue_7t)
 .glue_7t       0x00001ec0        0x0 linker stubs
 *(.glue_7)
 .glue_7        0x00001ec0        0x0 linker stubs
 *(.vfp11_veneer)
 .vfp11_veneer  0x00001ec0        0x0 linker stubs
 *(.bootloader)
 *(.ARM.extab* .gnu.linkonce.armextab.*)
 *(.gcc_except_table)

.v4_bx          0x00001ec0        0x0
 .v4_bx         0x00001ec0        0x0 linker stubs

.iplt           0x00001ec0        0x0
 .iplt          0x00001ec0        0x0 c:/program files (x86)/cypress/psoc creator/4.2/psoc creator/import/gnu/arm/5.4.1/bin/../lib/gcc/arm-none-eabi/5.4.1/armv7-m/crtbegin.o

.eh_frame_hdr
 *(.eh_frame_hdr)

.eh_frame       0x00001ec0        0x4
 *(.eh_frame)
 .eh_frame      0x00001ec0        0x0 c:/program files (x86)/cypress/psoc creator/4.2/psoc creator/import/gnu/arm/5.4.1/bin/../lib/gcc/arm-none-eabi/5.4.1/armv7-m/crtbegin.o
 .eh_frame      0x00001ec0        0x4 c:/program files (x86)/cypress/psoc creator/4.2/psoc creator/import/gnu/arm/5.4.1/bin/../lib/gcc/arm-none-eabi/5.4.1/armv7-m/crtend.o
                [!provide]                PROVIDE (__exidx_start, .)

.ARM.exidx
 *(.ARM.exidx* .gnu.linkonce.armexidx.*)
                0x00001ec4                __exidx_end = .

.rodata         0x00001ec4       0xd4
 *(.rodata .rodata.* .gnu.linkonce.r.*)
 .rodata.str1.4
                0x00001ec4        0x4 .\CortexM3\ARM_GCC_541\Debug\main.o
                                  0x3 (size before relaxing)
 .rodata        0x00001ec8       0x36 .\CortexM3\ARM_GCC_541\Debug\cyfitter_cfg.o
 *fill*         0x00001efe        0x2 
 .rodata        0x00001f00       0x15 .\CortexM3\ARM_GCC_541\Debug\Teil3.a(PGA_1.o)
 *fill*         0x00001f15        0x3 
 .rodata        0x00001f18       0x15 .\CortexM3\ARM_GCC_541\Debug\Teil3.a(PGA_Druck.o)
 .rodata.str1.1
                0x00001f2d        0x2 c:/program files (x86)/cypress/psoc creator/4.2/psoc creator/import/gnu/arm/5.4.1/bin/../lib/gcc/arm-none-eabi/5.4.1/../../../../arm-none-eabi/lib/armv7-m\libg_nano.a(lib_a-impure.o)
 .rodata.str1.1
                0x00001f2f       0x11 c:/program files (x86)/cypress/psoc creator/4.2/psoc creator/import/gnu/arm/5.4.1/bin/../lib/gcc/arm-none-eabi/5.4.1/../../../../arm-none-eabi/lib/armv7-m\libg_nano.a(lib_a-nano-svfprintf.o)
 .rodata.str1.1
                0x00001f40       0x22 c:/program files (x86)/cypress/psoc creator/4.2/psoc creator/import/gnu/arm/5.4.1/bin/../lib/gcc/arm-none-eabi/5.4.1/../../../../arm-none-eabi/lib/armv7-m\libg_nano.a(lib_a-nano-vfprintf_i.o)
                0x00001f64                . = ALIGN (0x4)
 *fill*         0x00001f62        0x2 
 *(.init)
 .init          0x00001f64        0x4 c:/program files (x86)/cypress/psoc creator/4.2/psoc creator/import/gnu/arm/5.4.1/bin/../lib/gcc/arm-none-eabi/5.4.1/armv7-m/crti.o
                0x00001f64                _init
 .init          0x00001f68        0x8 c:/program files (x86)/cypress/psoc creator/4.2/psoc creator/import/gnu/arm/5.4.1/bin/../lib/gcc/arm-none-eabi/5.4.1/armv7-m/crtn.o
                0x00001f70                . = ALIGN (0x4)
                0x00001f70                __preinit_array_start = .
 *(.preinit_array)
                0x00001f70                __preinit_array_end = .
                0x00001f70                . = ALIGN (0x4)
                0x00001f70                __init_array_start = .
 *(SORT(.init_array.*))
 *(.init_array)
 .init_array    0x00001f70        0x4 c:/program files (x86)/cypress/psoc creator/4.2/psoc creator/import/gnu/arm/5.4.1/bin/../lib/gcc/arm-none-eabi/5.4.1/armv7-m/crtbegin.o
 .init_array    0x00001f74        0x4 .\CortexM3\ARM_GCC_541\Debug\Cm3Start.o
                0x00001f78                __init_array_end = .
                0x00001f78                . = ALIGN (0x4)
 *(.fini)
 .fini          0x00001f78        0x4 c:/program files (x86)/cypress/psoc creator/4.2/psoc creator/import/gnu/arm/5.4.1/bin/../lib/gcc/arm-none-eabi/5.4.1/armv7-m/crti.o
                0x00001f78                _fini
 .fini          0x00001f7c        0x8 c:/program files (x86)/cypress/psoc creator/4.2/psoc creator/import/gnu/arm/5.4.1/bin/../lib/gcc/arm-none-eabi/5.4.1/armv7-m/crtn.o
                0x00001f84                . = ALIGN (0x4)
                0x00001f84                __fini_array_start = .
 *(.fini_array)
 .fini_array    0x00001f84        0x4 c:/program files (x86)/cypress/psoc creator/4.2/psoc creator/import/gnu/arm/5.4.1/bin/../lib/gcc/arm-none-eabi/5.4.1/armv7-m/crtbegin.o
 *(SORT(.fini_array.*))
                0x00001f88                __fini_array_end = .
                0x00001f88                . = ALIGN (0x4)
 *crtbegin.o(.ctors)
 *(EXCLUDE_FILE(*crtend.o) .ctors)
 *(SORT(.ctors.*))
 *crtend.o(.ctors)
                0x00001f88                . = ALIGN (0x4)
 *crtbegin.o(.dtors)
 *(EXCLUDE_FILE(*crtend.o) .dtors)
 *(SORT(.dtors.*))
 *crtend.o(.dtors)
                0x00001f88                . = ALIGN (0x4)
                0x00001f88                __cy_regions = .
                0x00001f88        0x4 LONG 0x1f98 __cy_region_init_ram
                0x00001f8c        0x4 LONG 0x1fff80c8 __cy_region_start_data
                0x00001f90        0x4 LONG 0x80 __cy_region_init_size_ram
                0x00001f94        0x4 LONG 0x98 __cy_region_zero_size_ram
                0x00001f98                __cy_regions_end = .
                0x00001f98                . = ALIGN (0x8)
                0x00001f98                _etext = .

.cy_checksum_exclude
                0x00001f98        0x0
 *(.cy_checksum_exclude)

.ramvectors     0x1fff8000       0xc0
                0x1fff8000                __cy_region_start_ram = .
 *(.ramvectors)
 .ramvectors    0x1fff8000       0xc0 .\CortexM3\ARM_GCC_541\Debug\Cm3Start.o
                0x1fff8000                CyRamVectors

.noinit         0x1fff80c0        0x1
 *(.noinit)
 .noinit        0x1fff80c0        0x1 .\CortexM3\ARM_GCC_541\Debug\Teil3.a(CyLib.o)
                0x1fff80c0                CyResetStatus

.data           0x1fff80c8       0x80 load address 0x00001f98
                0x1fff80c8                __cy_region_start_data = .
 *(.jcr)
 .jcr           0x1fff80c8        0x0 c:/program files (x86)/cypress/psoc creator/4.2/psoc creator/import/gnu/arm/5.4.1/bin/../lib/gcc/arm-none-eabi/5.4.1/armv7-m/crtbegin.o
 .jcr           0x1fff80c8        0x4 c:/program files (x86)/cypress/psoc creator/4.2/psoc creator/import/gnu/arm/5.4.1/bin/../lib/gcc/arm-none-eabi/5.4.1/armv7-m/crtend.o
 *(.got.plt)
 *(.got)
 *(.shdata)
 *(.data .data.* .gnu.linkonce.d.*)
 .data          0x1fff80cc        0x4 .\CortexM3\ARM_GCC_541\Debug\main.o
                0x1fff80cc                wait
 .data          0x1fff80d0        0x4 .\CortexM3\ARM_GCC_541\Debug\Cm3Start.o
 .data          0x1fff80d4       0x10 .\CortexM3\ARM_GCC_541\Debug\Teil3.a(CyLib.o)
                0x1fff80d4                cydelay_32k_ms
                0x1fff80d8                cydelay_freq_khz
                0x1fff80dc                cydelay_freq_mhz
                0x1fff80e0                cydelay_freq_hz
 .data.impure_data
                0x1fff80e4       0x60 c:/program files (x86)/cypress/psoc creator/4.2/psoc creator/import/gnu/arm/5.4.1/bin/../lib/gcc/arm-none-eabi/5.4.1/../../../../arm-none-eabi/lib/armv7-m\libg_nano.a(lib_a-impure.o)
 .data._impure_ptr
                0x1fff8144        0x4 c:/program files (x86)/cypress/psoc creator/4.2/psoc creator/import/gnu/arm/5.4.1/bin/../lib/gcc/arm-none-eabi/5.4.1/../../../../arm-none-eabi/lib/armv7-m\libg_nano.a(lib_a-impure.o)
                0x1fff8144                _impure_ptr
                0x1fff8148                . = ALIGN (0x8)
 *(.ram)
                0x1fff8148                _edata = .

.igot.plt       0x1fff8148        0x0 load address 0x00002018
 .igot.plt      0x1fff8148        0x0 c:/program files (x86)/cypress/psoc creator/4.2/psoc creator/import/gnu/arm/5.4.1/bin/../lib/gcc/arm-none-eabi/5.4.1/armv7-m/crtbegin.o

.bss            0x1fff8148       0x98 load address 0x00002018
                0x1fff8148                PROVIDE (__bss_start__, .)
 *(.shbss)
 *(.bss .bss.* .gnu.linkonce.b.*)
 .bss           0x1fff8148       0x1c c:/program files (x86)/cypress/psoc creator/4.2/psoc creator/import/gnu/arm/5.4.1/bin/../lib/gcc/arm-none-eabi/5.4.1/armv7-m/crtbegin.o
 .bss           0x1fff8164        0xc .\CortexM3\ARM_GCC_541\Debug\main.o
                0x1fff8164                adcResultDruck
                0x1fff8168                global
                0x1fff816c                prevFreqCount
                0x1fff816e                freqCounter
 .bss           0x1fff8170        0x1 .\CortexM3\ARM_GCC_541\Debug\Teil3.a(PGA_1.o)
                0x1fff8170                PGA_1_initVar
 .bss           0x1fff8171        0x1 .\CortexM3\ARM_GCC_541\Debug\Teil3.a(VDAC8_1.o)
                0x1fff8171                VDAC8_1_initVar
 .bss           0x1fff8172        0x1 .\CortexM3\ARM_GCC_541\Debug\Teil3.a(ADC_SAR_1.o)
                0x1fff8172                ADC_SAR_1_initVar
 .bss           0x1fff8173        0x2 .\CortexM3\ARM_GCC_541\Debug\Teil3.a(UART_1.o)
                0x1fff8173                UART_1_initVar
 .bss           0x1fff8175        0x2 .\CortexM3\ARM_GCC_541\Debug\Teil3.a(LCD_1.o)
                0x1fff8175                LCD_1_enableState
                0x1fff8176                LCD_1_initVar
 .bss           0x1fff8177        0x1 .\CortexM3\ARM_GCC_541\Debug\Teil3.a(PWM_1.o)
                0x1fff8177                PWM_1_initVar
 .bss           0x1fff8178        0x1 .\CortexM3\ARM_GCC_541\Debug\Teil3.a(Counter_1.o)
                0x1fff8178                Counter_1_initVar
 .bss           0x1fff8179        0x1 .\CortexM3\ARM_GCC_541\Debug\Teil3.a(PGA_Druck.o)
                0x1fff8179                PGA_Druck_initVar
 .bss           0x1fff817a        0x1 .\CortexM3\ARM_GCC_541\Debug\Teil3.a(VDAC8_Druck.o)
                0x1fff817a                VDAC8_Druck_initVar
 .bss           0x1fff817b        0x1 .\CortexM3\ARM_GCC_541\Debug\Teil3.a(ADC_Druck.o)
                0x1fff817b                ADC_Druck_initVar
 .bss           0x1fff817c        0x1 .\CortexM3\ARM_GCC_541\Debug\Teil3.a(Comp_2.o)
                0x1fff817c                Comp_2_initVar
 .bss           0x1fff817d        0x1 .\CortexM3\ARM_GCC_541\Debug\Teil3.a(Comp_1.o)
                0x1fff817d                Comp_1_initVar
 .bss           0x1fff817e        0x1 .\CortexM3\ARM_GCC_541\Debug\Teil3.a(VDAC8_2.o)
                0x1fff817e                VDAC8_2_initVar
 *fill*         0x1fff817f        0x1 
 .bss.__malloc_sbrk_start
                0x1fff8180        0x4 c:/program files (x86)/cypress/psoc creator/4.2/psoc creator/import/gnu/arm/5.4.1/bin/../lib/gcc/arm-none-eabi/5.4.1/../../../../arm-none-eabi/lib/armv7-m\libg_nano.a(lib_a-nano-mallocr.o)
                0x1fff8180                __malloc_sbrk_start
 .bss.__malloc_free_list
                0x1fff8184        0x4 c:/program files (x86)/cypress/psoc creator/4.2/psoc creator/import/gnu/arm/5.4.1/bin/../lib/gcc/arm-none-eabi/5.4.1/../../../../arm-none-eabi/lib/armv7-m\libg_nano.a(lib_a-nano-mallocr.o)
                0x1fff8184                __malloc_free_list
 *(COMMON)
 COMMON         0x1fff8188       0x38 .\CortexM3\ARM_GCC_541\Debug\main.o
                0x1fff8188                toTransmit
                0x1fff8198                temp
                0x1fff819c                buffer
                0x1fff81ac                result
                0x1fff81b0                toSendDruck
 COMMON         0x1fff81c0        0xa .\CortexM3\ARM_GCC_541\Debug\Teil3.a(ADC_SAR_1.o)
                0x1fff81c0                ADC_SAR_1_countsPerVolt
                0x1fff81c2                ADC_SAR_1_shift
                0x1fff81c4                ADC_SAR_1_countsPer10Volt
                0x1fff81c8                ADC_SAR_1_offset
 *fill*         0x1fff81ca        0x2 
 COMMON         0x1fff81cc        0xa .\CortexM3\ARM_GCC_541\Debug\Teil3.a(ADC_Druck.o)
                0x1fff81cc                ADC_Druck_countsPer10Volt
                0x1fff81d0                ADC_Druck_shift
                0x1fff81d2                ADC_Druck_offset
                0x1fff81d4                ADC_Druck_countsPerVolt
 *fill*         0x1fff81d6        0x2 
 COMMON         0x1fff81d8        0x4 c:/program files (x86)/cypress/psoc creator/4.2/psoc creator/import/gnu/arm/5.4.1/bin/../lib/gcc/arm-none-eabi/5.4.1/../../../../arm-none-eabi/lib/armv7-m\libg_nano.a(lib_a-reent.o)
                0x1fff81d8                errno
                0x1fff81e0                . = ALIGN (0x8)
 *fill*         0x1fff81dc        0x4 
 *(.ram.b)
                0x1fff81e0                _end = .
                0x1fff81e0                __end = .
                0x1fff81e0                PROVIDE (end, .)
                0x1fff81e0                PROVIDE (__bss_end__, .)
                0x00001f98                __cy_region_init_ram = LOADADDR (.data)
                0x00000080                __cy_region_init_size_ram = (_edata - ADDR (.data))
                0x00000098                __cy_region_zero_size_ram = (_end - _edata)

.heap           0x1fff81e0       0x80 load address 0x00002018
                0x1fff81e0                . = _end
                0x1fff8260                . = (. + 0x80)
 *fill*         0x1fff81e0       0x80 
                0x1fff8260                __cy_heap_limit = .

.stack          0x20007800      0x800
                0x20007800                __cy_stack_limit = .
                0x20008000                . = (. + 0x800)
 *fill*         0x20007800      0x800 
                0x00000001                ASSERT ((__cy_stack_limit >= __cy_heap_limit), region RAM overflowed with stack)
                0x00000000                cy_checksum_exclude_size = (CY_APPL_LOADABLE == 0x1)?SIZEOF (.cy_checksum_exclude):0x0
                0x00000001                ASSERT ((cy_checksum_exclude_size <= CY_CHECKSUM_EXCLUDE_SIZE), CY_BOOT: Section .cy_checksum_exclude size exceedes specified limit.)

.cyloadermeta
 *(.cyloadermeta)

.cyloadablemeta
 *(.cyloadablemeta)

.cyconfigecc    0x80000000      0x43c
 *(.cyconfigecc)
 .cyconfigecc   0x80000000      0x43c .\CortexM3\ARM_GCC_541\Debug\cymetadata.o
                0x80000000                cy_meta_configecc

.cycustnvl      0x90000000        0x4
 *(.cycustnvl)
 .cycustnvl     0x90000000        0x4 .\CortexM3\ARM_GCC_541\Debug\cymetadata.o
                0x90000000                cy_meta_custnvl

.cywolatch      0x90100000        0x4
 *(.cywolatch)
 .cywolatch     0x90100000        0x4 .\CortexM3\ARM_GCC_541\Debug\cymetadata.o
                0x90100000                cy_meta_wonvl

.cyeeprom       0x90200000        0x0
 *(.cyeeprom)
                0x00000001                ASSERT ((. <= ((0x90200000 + ee_offset) + ee_size)), .cyeeprom data will not fit in EEPROM)

.cyflashprotect
                0x90400000      0x100
 *(.cyflashprotect)
 .cyflashprotect
                0x90400000      0x100 .\CortexM3\ARM_GCC_541\Debug\cymetadata.o
                0x90400000                cy_meta_flashprotect

.cymeta         0x90500000        0xc
 *(.cymeta)
 .cymeta        0x90500000        0xc .\CortexM3\ARM_GCC_541\Debug\cymetadata.o
                0x90500000                cy_metadata

.rel.dyn        0x00002018        0x0 load address 0x9050000c
 .rel.iplt      0x00002018        0x0 c:/program files (x86)/cypress/psoc creator/4.2/psoc creator/import/gnu/arm/5.4.1/bin/../lib/gcc/arm-none-eabi/5.4.1/armv7-m/crtbegin.o

.stab
 *(.stab)

.stabstr
 *(.stabstr)

.debug
 *(.debug)

.line
 *(.line)

.debug_srcinfo
 *(.debug_srcinfo)

.debug_sfnames
 *(.debug_sfnames)

.debug_aranges  0x00000000      0xe68
 *(.debug_aranges)
 .debug_aranges
                0x00000000       0x20 .\CortexM3\ARM_GCC_541\Debug\main.o
 .debug_aranges
                0x00000020       0x58 .\CortexM3\ARM_GCC_541\Debug\cyfitter_cfg.o
 .debug_aranges
                0x00000078       0x18 .\CortexM3\ARM_GCC_541\Debug\cymetadata.o
 .debug_aranges
                0x00000090       0x48 .\CortexM3\ARM_GCC_541\Debug\Cm3Start.o
 .debug_aranges
                0x000000d8       0x48 .\CortexM3\ARM_GCC_541\Debug\Teil3.a(PGA_1.o)
 .debug_aranges
                0x00000120       0x58 .\CortexM3\ARM_GCC_541\Debug\Teil3.a(VDAC8_1.o)
 .debug_aranges
                0x00000178       0xa8 .\CortexM3\ARM_GCC_541\Debug\Teil3.a(ADC_SAR_1.o)
 .debug_aranges
                0x00000220       0x20 .\CortexM3\ARM_GCC_541\Debug\Teil3.a(ADC_SAR_1_INT.o)
 .debug_aranges
                0x00000240       0xa0 .\CortexM3\ARM_GCC_541\Debug\Teil3.a(UART_1.o)
 .debug_aranges
                0x000002e0       0x80 .\CortexM3\ARM_GCC_541\Debug\Teil3.a(ADC_SAR_1_theACLK.o)
 .debug_aranges
                0x00000360       0x70 .\CortexM3\ARM_GCC_541\Debug\Teil3.a(UART_1_IntClock.o)
 .debug_aranges
                0x000003d0      0x2a0 .\CortexM3\ARM_GCC_541\Debug\Teil3.a(CyLib.o)
 .debug_aranges
                0x00000670       0x98 .\CortexM3\ARM_GCC_541\Debug\Teil3.a(cyPm.o)
 .debug_aranges
                0x00000708       0x70 .\CortexM3\ARM_GCC_541\Debug\Teil3.a(Clock_1.o)
 .debug_aranges
                0x00000778       0x98 .\CortexM3\ARM_GCC_541\Debug\Teil3.a(LCD_1.o)
 .debug_aranges
                0x00000810       0x98 .\CortexM3\ARM_GCC_541\Debug\Teil3.a(PWM_1.o)
 .debug_aranges
                0x000008a8       0x88 .\CortexM3\ARM_GCC_541\Debug\Teil3.a(Counter_1.o)
 .debug_aranges
                0x00000930       0x70 .\CortexM3\ARM_GCC_541\Debug\Teil3.a(Clock_2.o)
 .debug_aranges
                0x000009a0       0x48 .\CortexM3\ARM_GCC_541\Debug\Teil3.a(PGA_Druck.o)
 .debug_aranges
                0x000009e8       0x58 .\CortexM3\ARM_GCC_541\Debug\Teil3.a(VDAC8_Druck.o)
 .debug_aranges
                0x00000a40       0xa8 .\CortexM3\ARM_GCC_541\Debug\Teil3.a(ADC_Druck.o)
 .debug_aranges
                0x00000ae8       0x20 .\CortexM3\ARM_GCC_541\Debug\Teil3.a(ADC_Druck_INT.o)
 .debug_aranges
                0x00000b08       0x80 .\CortexM3\ARM_GCC_541\Debug\Teil3.a(ADC_Druck_theACLK.o)
 .debug_aranges
                0x00000b88       0x70 .\CortexM3\ARM_GCC_541\Debug\Teil3.a(Comp_2.o)
 .debug_aranges
                0x00000bf8       0x70 .\CortexM3\ARM_GCC_541\Debug\Teil3.a(Comp_1.o)
 .debug_aranges
                0x00000c68       0x58 .\CortexM3\ARM_GCC_541\Debug\Teil3.a(VDAC8_2.o)
 .debug_aranges
                0x00000cc0       0x80 .\CortexM3\ARM_GCC_541\Debug\Teil3.a(isr_1.o)
 .debug_aranges
                0x00000d40       0x20 .\CortexM3\ARM_GCC_541\Debug\Teil3.a(CyBootAsmGnu.o)
 .debug_aranges
                0x00000d60       0x88 .\CortexM3\ARM_GCC_541\Debug\Teil3.a(CyFlash.o)
 .debug_aranges
                0x00000de8       0x80 .\CortexM3\ARM_GCC_541\Debug\Teil3.a(CySpc.o)

.debug_pubnames
 *(.debug_pubnames)

.debug_info     0x00000000     0x7628
 *(.debug_info .gnu.linkonce.wi.*)
 .debug_info    0x00000000      0x4e9 .\CortexM3\ARM_GCC_541\Debug\main.o
 .debug_info    0x000004e9      0x54d .\CortexM3\ARM_GCC_541\Debug\cyfitter_cfg.o
 .debug_info    0x00000a36      0x135 .\CortexM3\ARM_GCC_541\Debug\cymetadata.o
 .debug_info    0x00000b6b      0x3bb .\CortexM3\ARM_GCC_541\Debug\Cm3Start.o
 .debug_info    0x00000f26      0x1d3 .\CortexM3\ARM_GCC_541\Debug\Teil3.a(PGA_1.o)
 .debug_info    0x000010f9      0x1de .\CortexM3\ARM_GCC_541\Debug\Teil3.a(VDAC8_1.o)
 .debug_info    0x000012d7      0x5d0 .\CortexM3\ARM_GCC_541\Debug\Teil3.a(ADC_SAR_1.o)
 .debug_info    0x000018a7       0x92 .\CortexM3\ARM_GCC_541\Debug\Teil3.a(ADC_SAR_1_INT.o)
 .debug_info    0x00001939      0x45c .\CortexM3\ARM_GCC_541\Debug\Teil3.a(UART_1.o)
 .debug_info    0x00001d95      0x2c4 .\CortexM3\ARM_GCC_541\Debug\Teil3.a(ADC_SAR_1_theACLK.o)
 .debug_info    0x00002059      0x283 .\CortexM3\ARM_GCC_541\Debug\Teil3.a(UART_1_IntClock.o)
 .debug_info    0x000022dc     0x1374 .\CortexM3\ARM_GCC_541\Debug\Teil3.a(CyLib.o)
 .debug_info    0x00003650      0xa2a .\CortexM3\ARM_GCC_541\Debug\Teil3.a(cyPm.o)
 .debug_info    0x0000407a      0x283 .\CortexM3\ARM_GCC_541\Debug\Teil3.a(Clock_1.o)
 .debug_info    0x000042fd      0x715 .\CortexM3\ARM_GCC_541\Debug\Teil3.a(LCD_1.o)
 .debug_info    0x00004a12      0x354 .\CortexM3\ARM_GCC_541\Debug\Teil3.a(PWM_1.o)
 .debug_info    0x00004d66      0x2f3 .\CortexM3\ARM_GCC_541\Debug\Teil3.a(Counter_1.o)
 .debug_info    0x00005059      0x283 .\CortexM3\ARM_GCC_541\Debug\Teil3.a(Clock_2.o)
 .debug_info    0x000052dc      0x1d3 .\CortexM3\ARM_GCC_541\Debug\Teil3.a(PGA_Druck.o)
 .debug_info    0x000054af      0x1df .\CortexM3\ARM_GCC_541\Debug\Teil3.a(VDAC8_Druck.o)
 .debug_info    0x0000568e      0x5c0 .\CortexM3\ARM_GCC_541\Debug\Teil3.a(ADC_Druck.o)
 .debug_info    0x00005c4e       0x92 .\CortexM3\ARM_GCC_541\Debug\Teil3.a(ADC_Druck_INT.o)
 .debug_info    0x00005ce0      0x2c4 .\CortexM3\ARM_GCC_541\Debug\Teil3.a(ADC_Druck_theACLK.o)
 .debug_info    0x00005fa4      0x2c8 .\CortexM3\ARM_GCC_541\Debug\Teil3.a(Comp_2.o)
 .debug_info    0x0000626c      0x2c8 .\CortexM3\ARM_GCC_541\Debug\Teil3.a(Comp_1.o)
 .debug_info    0x00006534      0x1de .\CortexM3\ARM_GCC_541\Debug\Teil3.a(VDAC8_2.o)
 .debug_info    0x00006712      0x2dd .\CortexM3\ARM_GCC_541\Debug\Teil3.a(isr_1.o)
 .debug_info    0x000069ef       0x9c .\CortexM3\ARM_GCC_541\Debug\Teil3.a(CyBootAsmGnu.o)
 .debug_info    0x00006a8b      0x64d .\CortexM3\ARM_GCC_541\Debug\Teil3.a(CyFlash.o)
 .debug_info    0x000070d8      0x550 .\CortexM3\ARM_GCC_541\Debug\Teil3.a(CySpc.o)

.debug_abbrev   0x00000000     0x24a2
 *(.debug_abbrev)
 .debug_abbrev  0x00000000       0xf8 .\CortexM3\ARM_GCC_541\Debug\main.o
 .debug_abbrev  0x000000f8      0x1fe .\CortexM3\ARM_GCC_541\Debug\cyfitter_cfg.o
 .debug_abbrev  0x000002f6       0x66 .\CortexM3\ARM_GCC_541\Debug\cymetadata.o
 .debug_abbrev  0x0000035c      0x1e8 .\CortexM3\ARM_GCC_541\Debug\Cm3Start.o
 .debug_abbrev  0x00000544       0xf6 .\CortexM3\ARM_GCC_541\Debug\Teil3.a(PGA_1.o)
 .debug_abbrev  0x0000063a       0xf7 .\CortexM3\ARM_GCC_541\Debug\Teil3.a(VDAC8_1.o)
 .debug_abbrev  0x00000731      0x1ac .\CortexM3\ARM_GCC_541\Debug\Teil3.a(ADC_SAR_1.o)
 .debug_abbrev  0x000008dd       0x42 .\CortexM3\ARM_GCC_541\Debug\Teil3.a(ADC_SAR_1_INT.o)
 .debug_abbrev  0x0000091f      0x175 .\CortexM3\ARM_GCC_541\Debug\Teil3.a(UART_1.o)
 .debug_abbrev  0x00000a94      0x121 .\CortexM3\ARM_GCC_541\Debug\Teil3.a(ADC_SAR_1_theACLK.o)
 .debug_abbrev  0x00000bb5      0x139 .\CortexM3\ARM_GCC_541\Debug\Teil3.a(UART_1_IntClock.o)
 .debug_abbrev  0x00000cee      0x254 .\CortexM3\ARM_GCC_541\Debug\Teil3.a(CyLib.o)
 .debug_abbrev  0x00000f42      0x1ab .\CortexM3\ARM_GCC_541\Debug\Teil3.a(cyPm.o)
 .debug_abbrev  0x000010ed      0x139 .\CortexM3\ARM_GCC_541\Debug\Teil3.a(Clock_1.o)
 .debug_abbrev  0x00001226      0x157 .\CortexM3\ARM_GCC_541\Debug\Teil3.a(LCD_1.o)
 .debug_abbrev  0x0000137d      0x133 .\CortexM3\ARM_GCC_541\Debug\Teil3.a(PWM_1.o)
 .debug_abbrev  0x000014b0      0x117 .\CortexM3\ARM_GCC_541\Debug\Teil3.a(Counter_1.o)
 .debug_abbrev  0x000015c7      0x139 .\CortexM3\ARM_GCC_541\Debug\Teil3.a(Clock_2.o)
 .debug_abbrev  0x00001700       0xf6 .\CortexM3\ARM_GCC_541\Debug\Teil3.a(PGA_Druck.o)
 .debug_abbrev  0x000017f6       0xf7 .\CortexM3\ARM_GCC_541\Debug\Teil3.a(VDAC8_Druck.o)
 .debug_abbrev  0x000018ed      0x1ac .\CortexM3\ARM_GCC_541\Debug\Teil3.a(ADC_Druck.o)
 .debug_abbrev  0x00001a99       0x42 .\CortexM3\ARM_GCC_541\Debug\Teil3.a(ADC_Druck_INT.o)
 .debug_abbrev  0x00001adb      0x121 .\CortexM3\ARM_GCC_541\Debug\Teil3.a(ADC_Druck_theACLK.o)
 .debug_abbrev  0x00001bfc      0x16e .\CortexM3\ARM_GCC_541\Debug\Teil3.a(Comp_2.o)
 .debug_abbrev  0x00001d6a      0x16e .\CortexM3\ARM_GCC_541\Debug\Teil3.a(Comp_1.o)
 .debug_abbrev  0x00001ed8       0xf7 .\CortexM3\ARM_GCC_541\Debug\Teil3.a(VDAC8_2.o)
 .debug_abbrev  0x00001fcf      0x184 .\CortexM3\ARM_GCC_541\Debug\Teil3.a(isr_1.o)
 .debug_abbrev  0x00002153       0x14 .\CortexM3\ARM_GCC_541\Debug\Teil3.a(CyBootAsmGnu.o)
 .debug_abbrev  0x00002167      0x1a7 .\CortexM3\ARM_GCC_541\Debug\Teil3.a(CyFlash.o)
 .debug_abbrev  0x0000230e      0x194 .\CortexM3\ARM_GCC_541\Debug\Teil3.a(CySpc.o)

.debug_line     0x00000000     0x347e
 *(.debug_line)
 .debug_line    0x00000000      0x307 .\CortexM3\ARM_GCC_541\Debug\main.o
 .debug_line    0x00000307      0x207 .\CortexM3\ARM_GCC_541\Debug\cyfitter_cfg.o
 .debug_line    0x0000050e      0x141 .\CortexM3\ARM_GCC_541\Debug\cymetadata.o
 .debug_line    0x0000064f      0x234 .\CortexM3\ARM_GCC_541\Debug\Cm3Start.o
 .debug_line    0x00000883       0xcc .\CortexM3\ARM_GCC_541\Debug\Teil3.a(PGA_1.o)
 .debug_line    0x0000094f       0xe4 .\CortexM3\ARM_GCC_541\Debug\Teil3.a(VDAC8_1.o)
 .debug_line    0x00000a33      0x222 .\CortexM3\ARM_GCC_541\Debug\Teil3.a(ADC_SAR_1.o)
 .debug_line    0x00000c55       0x56 .\CortexM3\ARM_GCC_541\Debug\Teil3.a(ADC_SAR_1_INT.o)
 .debug_line    0x00000cab      0x1f4 .\CortexM3\ARM_GCC_541\Debug\Teil3.a(UART_1.o)
 .debug_line    0x00000e9f      0x1a3 .\CortexM3\ARM_GCC_541\Debug\Teil3.a(ADC_SAR_1_theACLK.o)
 .debug_line    0x00001042      0x17e .\CortexM3\ARM_GCC_541\Debug\Teil3.a(UART_1_IntClock.o)
 .debug_line    0x000011c0      0x816 .\CortexM3\ARM_GCC_541\Debug\Teil3.a(CyLib.o)
 .debug_line    0x000019d6      0x367 .\CortexM3\ARM_GCC_541\Debug\Teil3.a(cyPm.o)
 .debug_line    0x00001d3d      0x176 .\CortexM3\ARM_GCC_541\Debug\Teil3.a(Clock_1.o)
 .debug_line    0x00001eb3      0x1de .\CortexM3\ARM_GCC_541\Debug\Teil3.a(LCD_1.o)
 .debug_line    0x00002091      0x188 .\CortexM3\ARM_GCC_541\Debug\Teil3.a(PWM_1.o)
 .debug_line    0x00002219      0x15d .\CortexM3\ARM_GCC_541\Debug\Teil3.a(Counter_1.o)
 .debug_line    0x00002376      0x176 .\CortexM3\ARM_GCC_541\Debug\Teil3.a(Clock_2.o)
 .debug_line    0x000024ec       0xd0 .\CortexM3\ARM_GCC_541\Debug\Teil3.a(PGA_Druck.o)
 .debug_line    0x000025bc       0xe8 .\CortexM3\ARM_GCC_541\Debug\Teil3.a(VDAC8_Druck.o)
 .debug_line    0x000026a4      0x220 .\CortexM3\ARM_GCC_541\Debug\Teil3.a(ADC_Druck.o)
 .debug_line    0x000028c4       0x56 .\CortexM3\ARM_GCC_541\Debug\Teil3.a(ADC_Druck_INT.o)
 .debug_line    0x0000291a      0x1a3 .\CortexM3\ARM_GCC_541\Debug\Teil3.a(ADC_Druck_theACLK.o)
 .debug_line    0x00002abd      0x165 .\CortexM3\ARM_GCC_541\Debug\Teil3.a(Comp_2.o)
 .debug_line    0x00002c22      0x165 .\CortexM3\ARM_GCC_541\Debug\Teil3.a(Comp_1.o)
 .debug_line    0x00002d87       0xe4 .\CortexM3\ARM_GCC_541\Debug\Teil3.a(VDAC8_2.o)
 .debug_line    0x00002e6b      0x133 .\CortexM3\ARM_GCC_541\Debug\Teil3.a(isr_1.o)
 .debug_line    0x00002f9e       0x66 .\CortexM3\ARM_GCC_541\Debug\Teil3.a(CyBootAsmGnu.o)
 .debug_line    0x00003004      0x21a .\CortexM3\ARM_GCC_541\Debug\Teil3.a(CyFlash.o)
 .debug_line    0x0000321e      0x260 .\CortexM3\ARM_GCC_541\Debug\Teil3.a(CySpc.o)

.debug_frame    0x00000000     0x2700
 *(.debug_frame)
 .debug_frame   0x00000000       0x30 .\CortexM3\ARM_GCC_541\Debug\main.o
 .debug_frame   0x00000030      0x100 .\CortexM3\ARM_GCC_541\Debug\cyfitter_cfg.o
 .debug_frame   0x00000130       0xb8 .\CortexM3\ARM_GCC_541\Debug\Cm3Start.o
 .debug_frame   0x000001e8       0x9c .\CortexM3\ARM_GCC_541\Debug\Teil3.a(PGA_1.o)
 .debug_frame   0x00000284       0xb4 .\CortexM3\ARM_GCC_541\Debug\Teil3.a(VDAC8_1.o)
 .debug_frame   0x00000338      0x1b4 .\CortexM3\ARM_GCC_541\Debug\Teil3.a(ADC_SAR_1.o)
 .debug_frame   0x000004ec       0x20 .\CortexM3\ARM_GCC_541\Debug\Teil3.a(ADC_SAR_1_INT.o)
 .debug_frame   0x0000050c      0x198 .\CortexM3\ARM_GCC_541\Debug\Teil3.a(UART_1.o)
 .debug_frame   0x000006a4      0x100 .\CortexM3\ARM_GCC_541\Debug\Teil3.a(ADC_SAR_1_theACLK.o)
 .debug_frame   0x000007a4       0xe0 .\CortexM3\ARM_GCC_541\Debug\Teil3.a(UART_1_IntClock.o)
 .debug_frame   0x00000884      0x738 .\CortexM3\ARM_GCC_541\Debug\Teil3.a(CyLib.o)
 .debug_frame   0x00000fbc      0x1f8 .\CortexM3\ARM_GCC_541\Debug\Teil3.a(cyPm.o)
 .debug_frame   0x000011b4       0xe0 .\CortexM3\ARM_GCC_541\Debug\Teil3.a(Clock_1.o)
 .debug_frame   0x00001294      0x1e8 .\CortexM3\ARM_GCC_541\Debug\Teil3.a(LCD_1.o)
 .debug_frame   0x0000147c      0x134 .\CortexM3\ARM_GCC_541\Debug\Teil3.a(PWM_1.o)
 .debug_frame   0x000015b0      0x114 .\CortexM3\ARM_GCC_541\Debug\Teil3.a(Counter_1.o)
 .debug_frame   0x000016c4       0xe0 .\CortexM3\ARM_GCC_541\Debug\Teil3.a(Clock_2.o)
 .debug_frame   0x000017a4       0x9c .\CortexM3\ARM_GCC_541\Debug\Teil3.a(PGA_Druck.o)
 .debug_frame   0x00001840       0xb4 .\CortexM3\ARM_GCC_541\Debug\Teil3.a(VDAC8_Druck.o)
 .debug_frame   0x000018f4      0x1b0 .\CortexM3\ARM_GCC_541\Debug\Teil3.a(ADC_Druck.o)
 .debug_frame   0x00001aa4       0x20 .\CortexM3\ARM_GCC_541\Debug\Teil3.a(ADC_Druck_INT.o)
 .debug_frame   0x00001ac4      0x100 .\CortexM3\ARM_GCC_541\Debug\Teil3.a(ADC_Druck_theACLK.o)
 .debug_frame   0x00001bc4      0x108 .\CortexM3\ARM_GCC_541\Debug\Teil3.a(Comp_2.o)
 .debug_frame   0x00001ccc      0x108 .\CortexM3\ARM_GCC_541\Debug\Teil3.a(Comp_1.o)
 .debug_frame   0x00001dd4       0xb4 .\CortexM3\ARM_GCC_541\Debug\Teil3.a(VDAC8_2.o)
 .debug_frame   0x00001e88      0x104 .\CortexM3\ARM_GCC_541\Debug\Teil3.a(isr_1.o)
 .debug_frame   0x00001f8c      0x194 .\CortexM3\ARM_GCC_541\Debug\Teil3.a(CyFlash.o)
 .debug_frame   0x00002120      0x180 .\CortexM3\ARM_GCC_541\Debug\Teil3.a(CySpc.o)
 .debug_frame   0x000022a0       0x44 c:/program files (x86)/cypress/psoc creator/4.2/psoc creator/import/gnu/arm/5.4.1/bin/../lib/gcc/arm-none-eabi/5.4.1/armv7-m\libgcc.a(_aeabi_ldivmod.o)
 .debug_frame   0x000022e4       0x38 c:/program files (x86)/cypress/psoc creator/4.2/psoc creator/import/gnu/arm/5.4.1/bin/../lib/gcc/arm-none-eabi/5.4.1/armv7-m\libgcc.a(_udivmoddi4.o)
 .debug_frame   0x0000231c       0x20 c:/program files (x86)/cypress/psoc creator/4.2/psoc creator/import/gnu/arm/5.4.1/bin/../lib/gcc/arm-none-eabi/5.4.1/../../../../arm-none-eabi/lib/armv7-m\libg_nano.a(lib_a-errno.o)
 .debug_frame   0x0000233c       0x28 c:/program files (x86)/cypress/psoc creator/4.2/psoc creator/import/gnu/arm/5.4.1/bin/../lib/gcc/arm-none-eabi/5.4.1/../../../../arm-none-eabi/lib/armv7-m\libg_nano.a(lib_a-exit.o)
 .debug_frame   0x00002364       0x2c c:/program files (x86)/cypress/psoc creator/4.2/psoc creator/import/gnu/arm/5.4.1/bin/../lib/gcc/arm-none-eabi/5.4.1/../../../../arm-none-eabi/lib/armv7-m\libg_nano.a(lib_a-init.o)
 .debug_frame   0x00002390       0x28 c:/program files (x86)/cypress/psoc creator/4.2/psoc creator/import/gnu/arm/5.4.1/bin/../lib/gcc/arm-none-eabi/5.4.1/../../../../arm-none-eabi/lib/armv7-m\libg_nano.a(lib_a-memcpy-stub.o)
 .debug_frame   0x000023b8       0x20 c:/program files (x86)/cypress/psoc creator/4.2/psoc creator/import/gnu/arm/5.4.1/bin/../lib/gcc/arm-none-eabi/5.4.1/../../../../arm-none-eabi/lib/armv7-m\libg_nano.a(lib_a-memset.o)
 .debug_frame   0x000023d8       0x70 c:/program files (x86)/cypress/psoc creator/4.2/psoc creator/import/gnu/arm/5.4.1/bin/../lib/gcc/arm-none-eabi/5.4.1/../../../../arm-none-eabi/lib/armv7-m\libg_nano.a(lib_a-sprintf.o)
 .debug_frame   0x00002448       0x90 c:/program files (x86)/cypress/psoc creator/4.2/psoc creator/import/gnu/arm/5.4.1/bin/../lib/gcc/arm-none-eabi/5.4.1/../../../../arm-none-eabi/lib/armv7-m\libg_nano.a(lib_a-nano-svfprintf.o)
 .debug_frame   0x000024d8       0x60 c:/program files (x86)/cypress/psoc creator/4.2/psoc creator/import/gnu/arm/5.4.1/bin/../lib/gcc/arm-none-eabi/5.4.1/../../../../arm-none-eabi/lib/armv7-m\libg_nano.a(lib_a-nano-vfprintf_i.o)
 .debug_frame   0x00002538       0x28 c:/program files (x86)/cypress/psoc creator/4.2/psoc creator/import/gnu/arm/5.4.1/bin/../lib/gcc/arm-none-eabi/5.4.1/../../../../arm-none-eabi/lib/armv7-m\libg_nano.a(lib_a-memchr-stub.o)
 .debug_frame   0x00002560       0x28 c:/program files (x86)/cypress/psoc creator/4.2/psoc creator/import/gnu/arm/5.4.1/bin/../lib/gcc/arm-none-eabi/5.4.1/../../../../arm-none-eabi/lib/armv7-m\libg_nano.a(lib_a-memmove.o)
 .debug_frame   0x00002588       0x38 c:/program files (x86)/cypress/psoc creator/4.2/psoc creator/import/gnu/arm/5.4.1/bin/../lib/gcc/arm-none-eabi/5.4.1/../../../../arm-none-eabi/lib/armv7-m\libg_nano.a(lib_a-nano-freer.o)
 .debug_frame   0x000025c0       0x2c c:/program files (x86)/cypress/psoc creator/4.2/psoc creator/import/gnu/arm/5.4.1/bin/../lib/gcc/arm-none-eabi/5.4.1/../../../../arm-none-eabi/lib/armv7-m\libg_nano.a(lib_a-nano-mallocr.o)
 .debug_frame   0x000025ec       0x3c c:/program files (x86)/cypress/psoc creator/4.2/psoc creator/import/gnu/arm/5.4.1/bin/../lib/gcc/arm-none-eabi/5.4.1/../../../../arm-none-eabi/lib/armv7-m\libg_nano.a(lib_a-nano-reallocr.o)
 .debug_frame   0x00002628       0x2c c:/program files (x86)/cypress/psoc creator/4.2/psoc creator/import/gnu/arm/5.4.1/bin/../lib/gcc/arm-none-eabi/5.4.1/../../../../arm-none-eabi/lib/armv7-m\libg_nano.a(lib_a-sbrkr.o)
 .debug_frame   0x00002654       0x30 c:/program files (x86)/cypress/psoc creator/4.2/psoc creator/import/gnu/arm/5.4.1/bin/../lib/gcc/arm-none-eabi/5.4.1/../../../../arm-none-eabi/lib/armv7-m\libg_nano.a(lib_a-mlock.o)
 .debug_frame   0x00002684       0x20 c:/program files (x86)/cypress/psoc creator/4.2/psoc creator/import/gnu/arm/5.4.1/bin/../lib/gcc/arm-none-eabi/5.4.1/../../../../arm-none-eabi/lib/armv7-m\libg_nano.a(lib_a-nano-msizer.o)
 .debug_frame   0x000026a4       0x5c c:/program files (x86)/cypress/psoc creator/4.2/psoc creator/import/gnu/arm/5.4.1/bin/../lib/gcc/arm-none-eabi/5.4.1/../../../../arm-none-eabi/lib/armv7-m\libg_nano.a(lib_a-reent.o)

.debug_str      0x00000000     0x2c79
 *(.debug_str)
 .debug_str     0x00000000      0x3b2 .\CortexM3\ARM_GCC_541\Debug\main.o
                                0x400 (size before relaxing)
 .debug_str     0x000003b2      0x18a .\CortexM3\ARM_GCC_541\Debug\cyfitter_cfg.o
                                0x325 (size before relaxing)
 .debug_str     0x0000053c       0x7f .\CortexM3\ARM_GCC_541\Debug\cymetadata.o
                                0x1f0 (size before relaxing)
 .debug_str     0x000005bb      0x144 .\CortexM3\ARM_GCC_541\Debug\Cm3Start.o
                                0x316 (size before relaxing)
 .debug_str     0x000006ff       0x9d .\CortexM3\ARM_GCC_541\Debug\Teil3.a(PGA_1.o)
                                0x23b (size before relaxing)
 .debug_str     0x0000079c       0xae .\CortexM3\ARM_GCC_541\Debug\Teil3.a(VDAC8_1.o)
                                0x23f (size before relaxing)
 .debug_str     0x0000084a      0x27c .\CortexM3\ARM_GCC_541\Debug\Teil3.a(ADC_SAR_1.o)
                                0x4d3 (size before relaxing)
 .debug_str     0x00000ac6       0x35 .\CortexM3\ARM_GCC_541\Debug\Teil3.a(ADC_SAR_1_INT.o)
                                0x1a7 (size before relaxing)
 .debug_str     0x00000afb      0x1d2 .\CortexM3\ARM_GCC_541\Debug\Teil3.a(UART_1.o)
                                0x3d4 (size before relaxing)
 .debug_str     0x00000ccd      0x20d .\CortexM3\ARM_GCC_541\Debug\Teil3.a(ADC_SAR_1_theACLK.o)
                                0x3c1 (size before relaxing)
 .debug_str     0x00000eda      0x14c .\CortexM3\ARM_GCC_541\Debug\Teil3.a(UART_1_IntClock.o)
                                0x35a (size before relaxing)
 .debug_str     0x00001026      0x7d6 .\CortexM3\ARM_GCC_541\Debug\Teil3.a(CyLib.o)
                                0xa53 (size before relaxing)
 .debug_str     0x000017fc      0x365 .\CortexM3\ARM_GCC_541\Debug\Teil3.a(cyPm.o)
                                0x73f (size before relaxing)
 .debug_str     0x00001b61      0x109 .\CortexM3\ARM_GCC_541\Debug\Teil3.a(Clock_1.o)
                                0x2fa (size before relaxing)
 .debug_str     0x00001c6a      0x15e .\CortexM3\ARM_GCC_541\Debug\Teil3.a(LCD_1.o)
                                0x35f (size before relaxing)
 .debug_str     0x00001dc8      0x16a .\CortexM3\ARM_GCC_541\Debug\Teil3.a(PWM_1.o)
                                0x36a (size before relaxing)
 .debug_str     0x00001f32      0x146 .\CortexM3\ARM_GCC_541\Debug\Teil3.a(Counter_1.o)
                                0x366 (size before relaxing)
 .debug_str     0x00002078      0x109 .\CortexM3\ARM_GCC_541\Debug\Teil3.a(Clock_2.o)
                                0x2fa (size before relaxing)
 .debug_str     0x00002181       0xb0 .\CortexM3\ARM_GCC_541\Debug\Teil3.a(PGA_Druck.o)
                                0x263 (size before relaxing)
 .debug_str     0x00002231       0xc1 .\CortexM3\ARM_GCC_541\Debug\Teil3.a(VDAC8_Druck.o)
                                0x267 (size before relaxing)
 .debug_str     0x000022f2      0x1cd .\CortexM3\ARM_GCC_541\Debug\Teil3.a(ADC_Druck.o)
                                0x4c9 (size before relaxing)
 .debug_str     0x000024bf       0x35 .\CortexM3\ARM_GCC_541\Debug\Teil3.a(ADC_Druck_INT.o)
                                0x1a7 (size before relaxing)
 .debug_str     0x000024f4      0x1b3 .\CortexM3\ARM_GCC_541\Debug\Teil3.a(ADC_Druck_theACLK.o)
                                0x3c1 (size before relaxing)
 .debug_str     0x000026a7      0x11a .\CortexM3\ARM_GCC_541\Debug\Teil3.a(Comp_2.o)
                                0x2e4 (size before relaxing)
 .debug_str     0x000027c1       0xe1 .\CortexM3\ARM_GCC_541\Debug\Teil3.a(Comp_1.o)
                                0x2e4 (size before relaxing)
 .debug_str     0x000028a2       0x9d .\CortexM3\ARM_GCC_541\Debug\Teil3.a(VDAC8_2.o)
                                0x23f (size before relaxing)
 .debug_str     0x0000293f       0xda .\CortexM3\ARM_GCC_541\Debug\Teil3.a(isr_1.o)
                                0x2b9 (size before relaxing)
 .debug_str     0x00002a19      0x1b4 .\CortexM3\ARM_GCC_541\Debug\Teil3.a(CyFlash.o)
                                0x3cc (size before relaxing)
 .debug_str     0x00002bcd       0xac .\CortexM3\ARM_GCC_541\Debug\Teil3.a(CySpc.o)
                                0x344 (size before relaxing)

.debug_loc      0x00000000     0x2fc5
 *(.debug_loc)
 .debug_loc     0x00000000       0x1f .\CortexM3\ARM_GCC_541\Debug\main.o
 .debug_loc     0x0000001f      0x1fd .\CortexM3\ARM_GCC_541\Debug\cyfitter_cfg.o
 .debug_loc     0x0000021c      0x144 .\CortexM3\ARM_GCC_541\Debug\Cm3Start.o
 .debug_loc     0x00000360       0x60 .\CortexM3\ARM_GCC_541\Debug\Teil3.a(PGA_1.o)
 .debug_loc     0x000003c0       0x79 .\CortexM3\ARM_GCC_541\Debug\Teil3.a(VDAC8_1.o)
 .debug_loc     0x00000439      0x2c1 .\CortexM3\ARM_GCC_541\Debug\Teil3.a(ADC_SAR_1.o)
 .debug_loc     0x000006fa      0x1f7 .\CortexM3\ARM_GCC_541\Debug\Teil3.a(UART_1.o)
 .debug_loc     0x000008f1      0x149 .\CortexM3\ARM_GCC_541\Debug\Teil3.a(ADC_SAR_1_theACLK.o)
 .debug_loc     0x00000a3a      0x128 .\CortexM3\ARM_GCC_541\Debug\Teil3.a(UART_1_IntClock.o)
 .debug_loc     0x00000b62      0xa11 .\CortexM3\ARM_GCC_541\Debug\Teil3.a(CyLib.o)
 .debug_loc     0x00001573      0x1e4 .\CortexM3\ARM_GCC_541\Debug\Teil3.a(cyPm.o)
 .debug_loc     0x00001757      0x12c .\CortexM3\ARM_GCC_541\Debug\Teil3.a(Clock_1.o)
 .debug_loc     0x00001883      0x3c6 .\CortexM3\ARM_GCC_541\Debug\Teil3.a(LCD_1.o)
 .debug_loc     0x00001c49       0x26 .\CortexM3\ARM_GCC_541\Debug\Teil3.a(PWM_1.o)
 .debug_loc     0x00001c6f       0x13 .\CortexM3\ARM_GCC_541\Debug\Teil3.a(Counter_1.o)
 .debug_loc     0x00001c82      0x128 .\CortexM3\ARM_GCC_541\Debug\Teil3.a(Clock_2.o)
 .debug_loc     0x00001daa       0x60 .\CortexM3\ARM_GCC_541\Debug\Teil3.a(PGA_Druck.o)
 .debug_loc     0x00001e0a       0x79 .\CortexM3\ARM_GCC_541\Debug\Teil3.a(VDAC8_Druck.o)
 .debug_loc     0x00001e83      0x295 .\CortexM3\ARM_GCC_541\Debug\Teil3.a(ADC_Druck.o)
 .debug_loc     0x00002118      0x14d .\CortexM3\ARM_GCC_541\Debug\Teil3.a(ADC_Druck_theACLK.o)
 .debug_loc     0x00002265       0xed .\CortexM3\ARM_GCC_541\Debug\Teil3.a(Comp_2.o)
 .debug_loc     0x00002352       0xed .\CortexM3\ARM_GCC_541\Debug\Teil3.a(Comp_1.o)
 .debug_loc     0x0000243f       0x79 .\CortexM3\ARM_GCC_541\Debug\Teil3.a(VDAC8_2.o)
 .debug_loc     0x000024b8       0x56 .\CortexM3\ARM_GCC_541\Debug\Teil3.a(isr_1.o)
 .debug_loc     0x0000250e      0x3b2 .\CortexM3\ARM_GCC_541\Debug\Teil3.a(CyFlash.o)
 .debug_loc     0x000028c0      0x705 .\CortexM3\ARM_GCC_541\Debug\Teil3.a(CySpc.o)

.debug_macinfo
 *(.debug_macinfo)

.debug_ranges   0x00000000      0xc70
 *(.debug_ranges)
 .debug_ranges  0x00000000       0x10 .\CortexM3\ARM_GCC_541\Debug\main.o
 .debug_ranges  0x00000010       0x48 .\CortexM3\ARM_GCC_541\Debug\cyfitter_cfg.o
 .debug_ranges  0x00000058       0x38 .\CortexM3\ARM_GCC_541\Debug\Cm3Start.o
 .debug_ranges  0x00000090       0x38 .\CortexM3\ARM_GCC_541\Debug\Teil3.a(PGA_1.o)
 .debug_ranges  0x000000c8       0x48 .\CortexM3\ARM_GCC_541\Debug\Teil3.a(VDAC8_1.o)
 .debug_ranges  0x00000110       0x98 .\CortexM3\ARM_GCC_541\Debug\Teil3.a(ADC_SAR_1.o)
 .debug_ranges  0x000001a8       0x10 .\CortexM3\ARM_GCC_541\Debug\Teil3.a(ADC_SAR_1_INT.o)
 .debug_ranges  0x000001b8       0x90 .\CortexM3\ARM_GCC_541\Debug\Teil3.a(UART_1.o)
 .debug_ranges  0x00000248       0x70 .\CortexM3\ARM_GCC_541\Debug\Teil3.a(ADC_SAR_1_theACLK.o)
 .debug_ranges  0x000002b8       0x60 .\CortexM3\ARM_GCC_541\Debug\Teil3.a(UART_1_IntClock.o)
 .debug_ranges  0x00000318      0x290 .\CortexM3\ARM_GCC_541\Debug\Teil3.a(CyLib.o)
 .debug_ranges  0x000005a8       0x88 .\CortexM3\ARM_GCC_541\Debug\Teil3.a(cyPm.o)
 .debug_ranges  0x00000630       0x60 .\CortexM3\ARM_GCC_541\Debug\Teil3.a(Clock_1.o)
 .debug_ranges  0x00000690       0x88 .\CortexM3\ARM_GCC_541\Debug\Teil3.a(LCD_1.o)
 .debug_ranges  0x00000718       0x88 .\CortexM3\ARM_GCC_541\Debug\Teil3.a(PWM_1.o)
 .debug_ranges  0x000007a0       0x78 .\CortexM3\ARM_GCC_541\Debug\Teil3.a(Counter_1.o)
 .debug_ranges  0x00000818       0x60 .\CortexM3\ARM_GCC_541\Debug\Teil3.a(Clock_2.o)
 .debug_ranges  0x00000878       0x38 .\CortexM3\ARM_GCC_541\Debug\Teil3.a(PGA_Druck.o)
 .debug_ranges  0x000008b0       0x48 .\CortexM3\ARM_GCC_541\Debug\Teil3.a(VDAC8_Druck.o)
 .debug_ranges  0x000008f8       0x98 .\CortexM3\ARM_GCC_541\Debug\Teil3.a(ADC_Druck.o)
 .debug_ranges  0x00000990       0x10 .\CortexM3\ARM_GCC_541\Debug\Teil3.a(ADC_Druck_INT.o)
 .debug_ranges  0x000009a0       0x70 .\CortexM3\ARM_GCC_541\Debug\Teil3.a(ADC_Druck_theACLK.o)
 .debug_ranges  0x00000a10       0x60 .\CortexM3\ARM_GCC_541\Debug\Teil3.a(Comp_2.o)
 .debug_ranges  0x00000a70       0x60 .\CortexM3\ARM_GCC_541\Debug\Teil3.a(Comp_1.o)
 .debug_ranges  0x00000ad0       0x48 .\CortexM3\ARM_GCC_541\Debug\Teil3.a(VDAC8_2.o)
 .debug_ranges  0x00000b18       0x70 .\CortexM3\ARM_GCC_541\Debug\Teil3.a(isr_1.o)
 .debug_ranges  0x00000b88       0x78 .\CortexM3\ARM_GCC_541\Debug\Teil3.a(CyFlash.o)
 .debug_ranges  0x00000c00       0x70 .\CortexM3\ARM_GCC_541\Debug\Teil3.a(CySpc.o)

.comment        0x00000000       0x6e
 .comment       0x00000000       0x6e .\CortexM3\ARM_GCC_541\Debug\main.o
                                 0x6f (size before relaxing)
 .comment       0x0000006e       0x6f .\CortexM3\ARM_GCC_541\Debug\cyfitter_cfg.o
 .comment       0x0000006e       0x6f .\CortexM3\ARM_GCC_541\Debug\cymetadata.o
 .comment       0x0000006e       0x6f .\CortexM3\ARM_GCC_541\Debug\Cm3Start.o
 .comment       0x0000006e       0x6f .\CortexM3\ARM_GCC_541\Debug\Teil3.a(PGA_1.o)
 .comment       0x0000006e       0x6f .\CortexM3\ARM_GCC_541\Debug\Teil3.a(VDAC8_1.o)
 .comment       0x0000006e       0x6f .\CortexM3\ARM_GCC_541\Debug\Teil3.a(ADC_SAR_1.o)
 .comment       0x0000006e       0x6f .\CortexM3\ARM_GCC_541\Debug\Teil3.a(ADC_SAR_1_INT.o)
 .comment       0x0000006e       0x6f .\CortexM3\ARM_GCC_541\Debug\Teil3.a(UART_1.o)
 .comment       0x0000006e       0x6f .\CortexM3\ARM_GCC_541\Debug\Teil3.a(ADC_SAR_1_theACLK.o)
 .comment       0x0000006e       0x6f .\CortexM3\ARM_GCC_541\Debug\Teil3.a(UART_1_IntClock.o)
 .comment       0x0000006e       0x6f .\CortexM3\ARM_GCC_541\Debug\Teil3.a(CyLib.o)
 .comment       0x0000006e       0x6f .\CortexM3\ARM_GCC_541\Debug\Teil3.a(cyPm.o)
 .comment       0x0000006e       0x6f .\CortexM3\ARM_GCC_541\Debug\Teil3.a(Clock_1.o)
 .comment       0x0000006e       0x6f .\CortexM3\ARM_GCC_541\Debug\Teil3.a(LCD_1.o)
 .comment       0x0000006e       0x6f .\CortexM3\ARM_GCC_541\Debug\Teil3.a(PWM_1.o)
 .comment       0x0000006e       0x6f .\CortexM3\ARM_GCC_541\Debug\Teil3.a(Counter_1.o)
 .comment       0x0000006e       0x6f .\CortexM3\ARM_GCC_541\Debug\Teil3.a(Clock_2.o)
 .comment       0x0000006e       0x6f .\CortexM3\ARM_GCC_541\Debug\Teil3.a(PGA_Druck.o)
 .comment       0x0000006e       0x6f .\CortexM3\ARM_GCC_541\Debug\Teil3.a(VDAC8_Druck.o)
 .comment       0x0000006e       0x6f .\CortexM3\ARM_GCC_541\Debug\Teil3.a(ADC_Druck.o)
 .comment       0x0000006e       0x6f .\CortexM3\ARM_GCC_541\Debug\Teil3.a(ADC_Druck_INT.o)
 .comment       0x0000006e       0x6f .\CortexM3\ARM_GCC_541\Debug\Teil3.a(ADC_Druck_theACLK.o)
 .comment       0x0000006e       0x6f .\CortexM3\ARM_GCC_541\Debug\Teil3.a(Comp_2.o)
 .comment       0x0000006e       0x6f .\CortexM3\ARM_GCC_541\Debug\Teil3.a(Comp_1.o)
 .comment       0x0000006e       0x6f .\CortexM3\ARM_GCC_541\Debug\Teil3.a(VDAC8_2.o)
 .comment       0x0000006e       0x6f .\CortexM3\ARM_GCC_541\Debug\Teil3.a(isr_1.o)
 .comment       0x0000006e       0x6f .\CortexM3\ARM_GCC_541\Debug\Teil3.a(CyFlash.o)
 .comment       0x0000006e       0x6f .\CortexM3\ARM_GCC_541\Debug\Teil3.a(CySpc.o)

.debug_weaknames
 *(.debug_weaknames)

.debug_funcnames
 *(.debug_funcnames)

.debug_typenames
 *(.debug_typenames)

.debug_varnames
 *(.debug_varnames)

.note.gnu.arm.ident
 *(.note.gnu.arm.ident)

.ARM.attributes
                0x00000000       0x29
 *(.ARM.attributes)
 .ARM.attributes
                0x00000000       0x1d c:/program files (x86)/cypress/psoc creator/4.2/psoc creator/import/gnu/arm/5.4.1/bin/../lib/gcc/arm-none-eabi/5.4.1/armv7-m/crti.o
 .ARM.attributes
                0x0000001d       0x2d c:/program files (x86)/cypress/psoc creator/4.2/psoc creator/import/gnu/arm/5.4.1/bin/../lib/gcc/arm-none-eabi/5.4.1/armv7-m/crtbegin.o
 .ARM.attributes
                0x0000004a       0x1b c:/program files (x86)/cypress/psoc creator/4.2/psoc creator/import/gnu/arm/5.4.1/bin/../lib/gcc/arm-none-eabi/5.4.1/../../../../arm-none-eabi/lib/armv7-m/crt0.o
 .ARM.attributes
                0x00000065       0x33 .\CortexM3\ARM_GCC_541\Debug\main.o
 .ARM.attributes
                0x00000098       0x33 .\CortexM3\ARM_GCC_541\Debug\cyfitter_cfg.o
 .ARM.attributes
                0x000000cb       0x33 .\CortexM3\ARM_GCC_541\Debug\cymetadata.o
 .ARM.attributes
                0x000000fe       0x33 .\CortexM3\ARM_GCC_541\Debug\Cm3Start.o
 .ARM.attributes
                0x00000131       0x33 .\CortexM3\ARM_GCC_541\Debug\Teil3.a(PGA_1.o)
 .ARM.attributes
                0x00000164       0x33 .\CortexM3\ARM_GCC_541\Debug\Teil3.a(VDAC8_1.o)
 .ARM.attributes
                0x00000197       0x33 .\CortexM3\ARM_GCC_541\Debug\Teil3.a(ADC_SAR_1.o)
 .ARM.attributes
                0x000001ca       0x33 .\CortexM3\ARM_GCC_541\Debug\Teil3.a(ADC_SAR_1_INT.o)
 .ARM.attributes
                0x000001fd       0x33 .\CortexM3\ARM_GCC_541\Debug\Teil3.a(UART_1.o)
 .ARM.attributes
                0x00000230       0x33 .\CortexM3\ARM_GCC_541\Debug\Teil3.a(ADC_SAR_1_theACLK.o)
 .ARM.attributes
                0x00000263       0x33 .\CortexM3\ARM_GCC_541\Debug\Teil3.a(UART_1_IntClock.o)
 .ARM.attributes
                0x00000296       0x33 .\CortexM3\ARM_GCC_541\Debug\Teil3.a(CyLib.o)
 .ARM.attributes
                0x000002c9       0x33 .\CortexM3\ARM_GCC_541\Debug\Teil3.a(cyPm.o)
 .ARM.attributes
                0x000002fc       0x33 .\CortexM3\ARM_GCC_541\Debug\Teil3.a(Clock_1.o)
 .ARM.attributes
                0x0000032f       0x33 .\CortexM3\ARM_GCC_541\Debug\Teil3.a(LCD_1.o)
 .ARM.attributes
                0x00000362       0x33 .\CortexM3\ARM_GCC_541\Debug\Teil3.a(PWM_1.o)
 .ARM.attributes
                0x00000395       0x33 .\CortexM3\ARM_GCC_541\Debug\Teil3.a(Counter_1.o)
 .ARM.attributes
                0x000003c8       0x33 .\CortexM3\ARM_GCC_541\Debug\Teil3.a(Clock_2.o)
 .ARM.attributes
                0x000003fb       0x33 .\CortexM3\ARM_GCC_541\Debug\Teil3.a(PGA_Druck.o)
 .ARM.attributes
                0x0000042e       0x33 .\CortexM3\ARM_GCC_541\Debug\Teil3.a(VDAC8_Druck.o)
 .ARM.attributes
                0x00000461       0x33 .\CortexM3\ARM_GCC_541\Debug\Teil3.a(ADC_Druck.o)
 .ARM.attributes
                0x00000494       0x33 .\CortexM3\ARM_GCC_541\Debug\Teil3.a(ADC_Druck_INT.o)
 .ARM.attributes
                0x000004c7       0x33 .\CortexM3\ARM_GCC_541\Debug\Teil3.a(ADC_Druck_theACLK.o)
 .ARM.attributes
                0x000004fa       0x33 .\CortexM3\ARM_GCC_541\Debug\Teil3.a(Comp_2.o)
 .ARM.attributes
                0x0000052d       0x33 .\CortexM3\ARM_GCC_541\Debug\Teil3.a(Comp_1.o)
 .ARM.attributes
                0x00000560       0x33 .\CortexM3\ARM_GCC_541\Debug\Teil3.a(VDAC8_2.o)
 .ARM.attributes
                0x00000593       0x33 .\CortexM3\ARM_GCC_541\Debug\Teil3.a(isr_1.o)
 .ARM.attributes
                0x000005c6       0x21 .\CortexM3\ARM_GCC_541\Debug\Teil3.a(CyBootAsmGnu.o)
 .ARM.attributes
                0x000005e7       0x33 .\CortexM3\ARM_GCC_541\Debug\Teil3.a(CyFlash.o)
 .ARM.attributes
                0x0000061a       0x33 .\CortexM3\ARM_GCC_541\Debug\Teil3.a(CySpc.o)
 .ARM.attributes
                0x0000064d       0x1d c:/program files (x86)/cypress/psoc creator/4.2/psoc creator/import/gnu/arm/5.4.1/bin/../lib/gcc/arm-none-eabi/5.4.1/armv7-m\libgcc.a(_arm_addsubsf3.o)
 .ARM.attributes
                0x0000066a       0x1d c:/program files (x86)/cypress/psoc creator/4.2/psoc creator/import/gnu/arm/5.4.1/bin/../lib/gcc/arm-none-eabi/5.4.1/armv7-m\libgcc.a(_arm_muldivsf3.o)
 .ARM.attributes
                0x00000687       0x1d c:/program files (x86)/cypress/psoc creator/4.2/psoc creator/import/gnu/arm/5.4.1/bin/../lib/gcc/arm-none-eabi/5.4.1/armv7-m\libgcc.a(_aeabi_ldivmod.o)
 .ARM.attributes
                0x000006a4       0x2d c:/program files (x86)/cypress/psoc creator/4.2/psoc creator/import/gnu/arm/5.4.1/bin/../lib/gcc/arm-none-eabi/5.4.1/armv7-m\libgcc.a(_udivmoddi4.o)
 .ARM.attributes
                0x000006d1       0x1d c:/program files (x86)/cypress/psoc creator/4.2/psoc creator/import/gnu/arm/5.4.1/bin/../lib/gcc/arm-none-eabi/5.4.1/armv7-m\libgcc.a(_dvmd_tls.o)
 .ARM.attributes
                0x000006ee       0x2d c:/program files (x86)/cypress/psoc creator/4.2/psoc creator/import/gnu/arm/5.4.1/bin/../lib/gcc/arm-none-eabi/5.4.1/../../../../arm-none-eabi/lib/armv7-m\libg_nano.a(lib_a-errno.o)
 .ARM.attributes
                0x0000071b       0x2d c:/program files (x86)/cypress/psoc creator/4.2/psoc creator/import/gnu/arm/5.4.1/bin/../lib/gcc/arm-none-eabi/5.4.1/../../../../arm-none-eabi/lib/armv7-m\libg_nano.a(lib_a-exit.o)
 .ARM.attributes
                0x00000748       0x2d c:/program files (x86)/cypress/psoc creator/4.2/psoc creator/import/gnu/arm/5.4.1/bin/../lib/gcc/arm-none-eabi/5.4.1/../../../../arm-none-eabi/lib/armv7-m\libg_nano.a(lib_a-impure.o)
 .ARM.attributes
                0x00000775       0x2d c:/program files (x86)/cypress/psoc creator/4.2/psoc creator/import/gnu/arm/5.4.1/bin/../lib/gcc/arm-none-eabi/5.4.1/../../../../arm-none-eabi/lib/armv7-m\libg_nano.a(lib_a-init.o)
 .ARM.attributes
                0x000007a2       0x2d c:/program files (x86)/cypress/psoc creator/4.2/psoc creator/import/gnu/arm/5.4.1/bin/../lib/gcc/arm-none-eabi/5.4.1/../../../../arm-none-eabi/lib/armv7-m\libg_nano.a(lib_a-memcpy-stub.o)
 .ARM.attributes
                0x000007cf       0x2d c:/program files (x86)/cypress/psoc creator/4.2/psoc creator/import/gnu/arm/5.4.1/bin/../lib/gcc/arm-none-eabi/5.4.1/../../../../arm-none-eabi/lib/armv7-m\libg_nano.a(lib_a-memset.o)
 .ARM.attributes
                0x000007fc       0x2d c:/program files (x86)/cypress/psoc creator/4.2/psoc creator/import/gnu/arm/5.4.1/bin/../lib/gcc/arm-none-eabi/5.4.1/../../../../arm-none-eabi/lib/armv7-m\libg_nano.a(lib_a-sprintf.o)
 .ARM.attributes
                0x00000829       0x2d c:/program files (x86)/cypress/psoc creator/4.2/psoc creator/import/gnu/arm/5.4.1/bin/../lib/gcc/arm-none-eabi/5.4.1/../../../../arm-none-eabi/lib/armv7-m\libg_nano.a(lib_a-nano-svfprintf.o)
 .ARM.attributes
                0x00000856       0x2d c:/program files (x86)/cypress/psoc creator/4.2/psoc creator/import/gnu/arm/5.4.1/bin/../lib/gcc/arm-none-eabi/5.4.1/../../../../arm-none-eabi/lib/armv7-m\libg_nano.a(lib_a-nano-vfprintf_i.o)
 .ARM.attributes
                0x00000883       0x2d c:/program files (x86)/cypress/psoc creator/4.2/psoc creator/import/gnu/arm/5.4.1/bin/../lib/gcc/arm-none-eabi/5.4.1/../../../../arm-none-eabi/lib/armv7-m\libg_nano.a(lib_a-memchr-stub.o)
 .ARM.attributes
                0x000008b0       0x2d c:/program files (x86)/cypress/psoc creator/4.2/psoc creator/import/gnu/arm/5.4.1/bin/../lib/gcc/arm-none-eabi/5.4.1/../../../../arm-none-eabi/lib/armv7-m\libg_nano.a(lib_a-memmove.o)
 .ARM.attributes
                0x000008dd       0x2d c:/program files (x86)/cypress/psoc creator/4.2/psoc creator/import/gnu/arm/5.4.1/bin/../lib/gcc/arm-none-eabi/5.4.1/../../../../arm-none-eabi/lib/armv7-m\libg_nano.a(lib_a-nano-freer.o)
 .ARM.attributes
                0x0000090a       0x2d c:/program files (x86)/cypress/psoc creator/4.2/psoc creator/import/gnu/arm/5.4.1/bin/../lib/gcc/arm-none-eabi/5.4.1/../../../../arm-none-eabi/lib/armv7-m\libg_nano.a(lib_a-nano-mallocr.o)
 .ARM.attributes
                0x00000937       0x2d c:/program files (x86)/cypress/psoc creator/4.2/psoc creator/import/gnu/arm/5.4.1/bin/../lib/gcc/arm-none-eabi/5.4.1/../../../../arm-none-eabi/lib/armv7-m\libg_nano.a(lib_a-nano-reallocr.o)
 .ARM.attributes
                0x00000964       0x2d c:/program files (x86)/cypress/psoc creator/4.2/psoc creator/import/gnu/arm/5.4.1/bin/../lib/gcc/arm-none-eabi/5.4.1/../../../../arm-none-eabi/lib/armv7-m\libg_nano.a(lib_a-sbrkr.o)
 .ARM.attributes
                0x00000991       0x2d c:/program files (x86)/cypress/psoc creator/4.2/psoc creator/import/gnu/arm/5.4.1/bin/../lib/gcc/arm-none-eabi/5.4.1/../../../../arm-none-eabi/lib/armv7-m\libg_nano.a(lib_a-mlock.o)
 .ARM.attributes
                0x000009be       0x2d c:/program files (x86)/cypress/psoc creator/4.2/psoc creator/import/gnu/arm/5.4.1/bin/../lib/gcc/arm-none-eabi/5.4.1/../../../../arm-none-eabi/lib/armv7-m\libg_nano.a(lib_a-nano-msizer.o)
 .ARM.attributes
                0x000009eb       0x2d c:/program files (x86)/cypress/psoc creator/4.2/psoc creator/import/gnu/arm/5.4.1/bin/../lib/gcc/arm-none-eabi/5.4.1/../../../../arm-none-eabi/lib/armv7-m\libg_nano.a(lib_a-reent.o)
 .ARM.attributes
                0x00000a18       0x2d c:/program files (x86)/cypress/psoc creator/4.2/psoc creator/import/gnu/arm/5.4.1/bin/../lib/gcc/arm-none-eabi/5.4.1/armv7-m/crtend.o
 .ARM.attributes
                0x00000a45       0x1d c:/program files (x86)/cypress/psoc creator/4.2/psoc creator/import/gnu/arm/5.4.1/bin/../lib/gcc/arm-none-eabi/5.4.1/armv7-m/crtn.o

/DISCARD/
 *(.note.GNU-stack)
OUTPUT(E:\Praktikum adaptive Sensorelektronik\PSoC Creator\6\Workspace01\Teil3.cydsn\CortexM3\ARM_GCC_541\Debug\Teil3.elf elf32-littlearm)
